Archive member included to satisfy reference by file (symbol)

app_ctrl/libapp_ctrl.a(app_ctrl.c.obj)
                              CMakeFiles/stm32f103_test.elf.dir/main.c.obj (app_ctrl_init)
../svc/svc_att_algo/libsvc_att_algo.a(svc_att_algo.c.obj)
                              CMakeFiles/stm32f103_test.elf.dir/main.c.obj (svc_att_algo_init)
../svc/svc_mot_ctrl/libsvc_mot_ctrl.a(svc_mot_ctrl.c.obj)
                              CMakeFiles/stm32f103_test.elf.dir/main.c.obj (svc_mot_ctrl_init)
../svc/svc_monitor/libsvc_monitor.a(svc_monitor.c.obj)
                              app_ctrl/libapp_ctrl.a(app_ctrl.c.obj) (svc_monitor_init)
../svc/svc_comm/libsvc_comm.a(svc_comm.c.obj)
                              CMakeFiles/stm32f103_test.elf.dir/main.c.obj (svc_comm_init)
../bsp/libbsp.a(board_v1.c.obj)
                              CMakeFiles/stm32f103_test.elf.dir/main.c.obj (Error_Handler)
../bsp/libbsp.a(bsp_i2c.c.obj)
                              ../bsp/libbsp.a(board_v1.c.obj) (bsp_i2c_init)
../bsp/libbsp.a(bsp_mpu6050.c.obj)
                              ../bsp/libbsp.a(board_v1.c.obj) (bsp_mpu6050_init)
../bsp/libbsp.a(bsp_oled.c.obj)
                              ../bsp/libbsp.a(board_v1.c.obj) (bsp_oled_init)
../bsp/libbsp.a(bsp_esp8266.c.obj)
                              ../bsp/libbsp.a(board_v1.c.obj) (bsp_esp8266_init)
../bsp/libbsp.a(bsp_motor.c.obj)
                              ../bsp/libbsp.a(board_v1.c.obj) (bsp_motor_init)
../bsp/libbsp.a(bsp_encoder.c.obj)
                              ../bsp/libbsp.a(board_v1.c.obj) (bsp_encoder_init)
../bsp/libbsp.a(bsp_key.c.obj)
                              CMakeFiles/stm32f103_test.elf.dir/freertos_hooks.c.obj (bsp_key_tick_scan)
../bsp/libbsp.a(bsp_led.c.obj)
                              ../bsp/libbsp.a(board_v1.c.obj) (bsp_led_init)
../bsp/libbsp.a(bsp_wdg.c.obj)
                              app_ctrl/libapp_ctrl.a(app_ctrl.c.obj) (bsp_wdg_init)
../bsp/libbsp.a(bsp_dbg.c.obj)
                              ../bsp/libbsp.a(board_v1.c.obj) (bsp_dbg_init)
../bsp/libbsp.a(bsp_timer.c.obj)
                              ../bsp/libbsp.a(bsp_mpu6050.c.obj) (bsp_timer_delay_ms)
../bsp/libbsp.a(bsp_uart.c.obj)
                              ../bsp/libbsp.a(bsp_esp8266.c.obj) (bsp_uart_open)
../third_party/libstm32f1_hal.a(stm32f1xx_hal.c.obj)
                              ../bsp/libbsp.a(board_v1.c.obj) (HAL_Init)
../third_party/libstm32f1_hal.a(stm32f1xx_hal_cortex.c.obj)
                              ../third_party/libstm32f1_hal.a(stm32f1xx_hal.c.obj) (HAL_NVIC_SetPriorityGrouping)
../third_party/libstm32f1_hal.a(stm32f1xx_hal_rcc.c.obj)
                              ../bsp/libbsp.a(board_v1.c.obj) (HAL_RCC_OscConfig)
../third_party/libstm32f1_hal.a(stm32f1xx_hal_gpio.c.obj)
                              ../bsp/libbsp.a(bsp_i2c.c.obj) (HAL_GPIO_Init)
../third_party/libstm32f1_hal.a(stm32f1xx_hal_dma.c.obj)
                              ../bsp/libbsp.a(bsp_uart.c.obj) (HAL_DMA_Init)
../third_party/libstm32f1_hal.a(stm32f1xx_hal_uart.c.obj)
                              ../bsp/libbsp.a(bsp_uart.c.obj) (HAL_UART_DeInit)
../third_party/libstm32f1_hal.a(stm32f1xx_hal_i2c.c.obj)
                              ../bsp/libbsp.a(bsp_i2c.c.obj) (HAL_I2C_Init)
../third_party/libstm32f1_hal.a(stm32f1xx_hal_tim.c.obj)
                              ../bsp/libbsp.a(bsp_timer.c.obj) (HAL_TIM_PWM_DeInit)
../third_party/libstm32f1_hal.a(stm32f1xx_hal_iwdg.c.obj)
                              ../bsp/libbsp.a(bsp_wdg.c.obj) (HAL_IWDG_Init)
../middleware/mw_log/libmw_log.a(mw_log.c.obj)
                              CMakeFiles/stm32f103_test.elf.dir/main.c.obj (mw_log_init)
app_hmi/libapp_hmi.a(app_hmi.c.obj)
                              app_ctrl/libapp_ctrl.a(app_ctrl.c.obj) (app_hmi_init)
../target/stm32_f103c8t6/libchip_runtime.a(startup_stm32f103xb.s.obj)
                              (Reset_Handler)
../target/stm32_f103c8t6/libchip_runtime.a(system_stm32f1xx.c.obj)
                              ../target/stm32_f103c8t6/libchip_runtime.a(startup_stm32f103xb.s.obj) (SystemInit)
../dal/libdal.a(dal_key.c.obj)
                              ../bsp/libbsp.a(bsp_key.c.obj) (dal_key_register)
../dal/libdal.a(dal_led.c.obj)
                              ../bsp/libbsp.a(bsp_led.c.obj) (dal_led_register)
../dal/libdal.a(dal_motor.c.obj)
                              ../bsp/libbsp.a(bsp_motor.c.obj) (dal_motor_register)
../dal/libdal.a(dal_encoder.c.obj)
                              ../bsp/libbsp.a(bsp_encoder.c.obj) (dal_encoder_register)
../dal/libdal.a(dal_display.c.obj)
                              ../bsp/libbsp.a(bsp_oled.c.obj) (dal_display_register)
../dal/libdal.a(dal_imu.c.obj)
                              ../bsp/libbsp.a(bsp_mpu6050.c.obj) (dal_imu_register)
../dal/libdal.a(dal_wifi.c.obj)
                              ../bsp/libbsp.a(bsp_esp8266.c.obj) (dal_wifi_register)
../dal/libdal.a(dal_registry.c.obj)
[...]
Memory Configuration

Name             Origin             Length             Attributes
RAM              0x20000000         0x00005000         xrw
FLASH            0x08000000         0x00010000         xr
*default*        0x00000000         0xffffffff

Linker script and memory map

LOAD /opt/xpack-gcc/bin/../lib/gcc/arm-none-eabi/14.2.1/thumb/v7-m/nofp/crti.o
LOAD /opt/xpack-gcc/bin/../lib/gcc/arm-none-eabi/14.2.1/thumb/v7-m/nofp/crtbegin.o
LOAD /opt/xpack-gcc/bin/../lib/gcc/arm-none-eabi/14.2.1/../../../../arm-none-eabi/lib/thumb/v7-m/nofp/crt0.o
LOAD CMakeFiles/stm32f103_test.elf.dir/main.c.obj
LOAD CMakeFiles/stm32f103_test.elf.dir/freertos_hooks.c.obj
LOAD app_hmi/libapp_hmi.a
LOAD app_ctrl/libapp_ctrl.a
LOAD ../svc/svc_att_algo/libsvc_att_algo.a
LOAD ../svc/svc_mot_ctrl/libsvc_mot_ctrl.a
LOAD ../svc/svc_monitor/libsvc_monitor.a
LOAD ../svc/svc_comm/libsvc_comm.a
LOAD ../bsp/libbsp.a
LOAD ../third_party/libstm32f1_hal.a
LOAD ../middleware/mw_log/libmw_log.a
LOAD app_hmi/libapp_hmi.a
LOAD ../svc/svc_att_algo/libsvc_att_algo.a
LOAD ../middleware/mw_filter/libmw_filter.a
LOAD ../target/stm32_f103c8t6/libchip_runtime.a
LOAD ../dal/libdal.a
LOAD ../third_party/libfreertos_kernel.a
LOAD ../middleware/mw_pid/libmw_pid.a
LOAD ../middleware/mw_common/libmw_common.a
START GROUP
LOAD /opt/xpack-gcc/bin/../lib/gcc/arm-none-eabi/14.2.1/thumb/v7-m/nofp/libgcc.a
LOAD /opt/xpack-gcc/bin/../lib/gcc/arm-none-eabi/14.2.1/../../../../arm-none-eabi/lib/thumb/v7-m/nofp/libg_nano.a
LOAD /opt/xpack-gcc/bin/../lib/gcc/arm-none-eabi/14.2.1/../../../../arm-none-eabi/lib/thumb/v7-m/nofp/libc_nano.a
END GROUP
START GROUP
LOAD /opt/xpack-gcc/bin/../lib/gcc/arm-none-eabi/14.2.1/thumb/v7-m/nofp/libgcc.a
LOAD /opt/xpack-gcc/bin/../lib/gcc/arm-none-eabi/14.2.1/../../../../arm-none-eabi/lib/thumb/v7-m/nofp/libc_nano.a
LOAD /opt/xpack-gcc/bin/../lib/gcc/arm-none-eabi/14.2.1/../../../../arm-none-eabi/lib/thumb/v7-m/nofp/libnosys.a
END GROUP
START GROUP
LOAD /opt/xpack-gcc/bin/../lib/gcc/arm-none-eabi/14.2.1/thumb/v7-m/nofp/libgcc.a
LOAD /opt/xpack-gcc/bin/../lib/gcc/arm-none-eabi/14.2.1/../../../../arm-none-eabi/lib/thumb/v7-m/nofp/libc_nano.a
LOAD /opt/xpack-gcc/bin/../lib/gcc/arm-none-eabi/14.2.1/../../../../arm-none-eabi/lib/thumb/v7-m/nofp/libnosys.a
END GROUP
LOAD /opt/xpack-gcc/bin/../lib/gcc/arm-none-eabi/14.2.1/thumb/v7-m/nofp/crtend.o
LOAD /opt/xpack-gcc/bin/../lib/gcc/arm-none-eabi/14.2.1/thumb/v7-m/nofp/crtn.o
                0x20005000                        _estack = (ORIGIN (RAM) + LENGTH (RAM))
                0x00000200                        _Min_Heap_Size = 0x200
                0x00000400                        _Min_Stack_Size = 0x400

.isr_vector     0x08000000      0x10c
                0x08000000                        . = ALIGN (0x4)
 *(.isr_vector)
 .isr_vector    0x08000000      0x10c ../target/stm32_f103c8t6/libchip_runtime.a(startup_stm32f103xb.s.obj)
                0x08000000                g_pfnVectors
                0x0800010c                        . = ALIGN (0x4)

.text           0x0800010c     0xee48
                0x0800010c                        . = ALIGN (0x4)
 *(.text)
 .text          0x0800010c       0xa0 /opt/xpack-gcc/bin/../lib/gcc/arm-none-eabi/14.2.1/thumb/v7-m/nofp/libgcc.a(_aeabi_ldivmod.o)
                0x0800010c                __aeabi_ldivmod
 .text          0x080001ac       0x30 /opt/xpack-gcc/bin/../lib/gcc/arm-none-eabi/14.2.1/thumb/v7-m/nofp/libgcc.a(_aeabi_uldivmod.o)
                0x080001ac                __aeabi_uldivmod
 .text          0x080001dc        0x4 /opt/xpack-gcc/bin/../lib/gcc/arm-none-eabi/14.2.1/thumb/v7-m/nofp/libgcc.a(_dvmd_tls.o)
                0x080001dc                __aeabi_ldiv0
                0x080001dc                __aeabi_idiv0
 .text          0x080001e0       0x14 /opt/xpack-gcc/bin/../lib/gcc/arm-none-eabi/14.2.1/../../../../arm-none-eabi/lib/thumb/v7-m/nofp/libg_nano.a(libc_a-strcmp.o)
                0x080001e0                strcmp
 .text          0x080001f4       0x10 /opt/xpack-gcc/bin/../lib/gcc/arm-none-eabi/14.2.1/../../../../arm-none-eabi/lib/thumb/v7-m/nofp/libg_nano.a(libc_a-strlen.o)
                0x080001f4                strlen
 *(.text*)
 .text.__do_global_dtors_aux
                0x08000204       0x24 /opt/xpack-gcc/bin/../lib/gcc/arm-none-eabi/14.2.1/thumb/v7-m/nofp/crtbegin.o
 .text.frame_dummy
                0x08000228       0x1c /opt/xpack-gcc/bin/../lib/gcc/arm-none-eabi/14.2.1/thumb/v7-m/nofp/crtbegin.o
 .text.main     0x08000244      0x130 CMakeFiles/stm32f103_test.elf.dir/main.c.obj
                0x08000244                main
 .text.vApplicationGetIdleTaskMemory
                0x08000374       0x18 CMakeFiles/stm32f103_test.elf.dir/freertos_hooks.c.obj
                0x08000374                vApplicationGetIdleTaskMemory
 .text.vApplicationTickHook
                0x0800038c        0xc CMakeFiles/stm32f103_test.elf.dir/freertos_hooks.c.obj
                0x0800038c                vApplicationTickHook
 .text.vApplicationStackOverflowHook
                0x08000398        0x4 CMakeFiles/stm32f103_test.elf.dir/freertos_hooks.c.obj
                0x08000398                vApplicationStackOverflowHook
 .text.le32_to_i32
                0x0800039c       0x16 app_ctrl/libapp_ctrl.a(app_ctrl.c.obj)
 .text.le16_to_i32
                0x080003b2        0xc app_ctrl/libapp_ctrl.a(app_ctrl.c.obj)
 .text.i32_to_le16
                0x080003be        0xa app_ctrl/libapp_ctrl.a(app_ctrl.c.obj)
 .text.mode_name
                0x080003c8       0x38 app_ctrl/libapp_ctrl.a(app_ctrl.c.obj)
 .text.att_activity
                0x08000400       0x18 app_ctrl/libapp_ctrl.a(app_ctrl.c.obj)
 .text.comm_telem_builder
                0x08000418       0xa0 app_ctrl/libapp_ctrl.a(app_ctrl.c.obj)
 .text.mot_activity
                0x080004b8       0x18 app_ctrl/libapp_ctrl.a(app_ctrl.c.obj)
 .text.evt_post
                0x080004d0       0x24 app_ctrl/libapp_ctrl.a(app_ctrl.c.obj)
 .text.comm_cmd_handler
                0x080004f4      0x114 app_ctrl/libapp_ctrl.a(app_ctrl.c.obj)
 .text.mot_event_cb
                0x08000608        0xc app_ctrl/libapp_ctrl.a(app_ctrl.c.obj)
 .text.att_event_cb
                0x08000614        0xc app_ctrl/libapp_ctrl.a(app_ctrl.c.obj)
 .text.wdg_feed
                0x08000620        0x8 app_ctrl/libapp_ctrl.a(app_ctrl.c.obj)
 .text.evt_post_from_isr
                0x08000628       0x40 app_ctrl/libapp_ctrl.a(app_ctrl.c.obj)
 .text.key_cb   0x08000668       0x12 app_ctrl/libapp_ctrl.a(app_ctrl.c.obj)
 *fill*         0x0800067a        0x2 
 .text.led_update
                0x0800067c       0x48 app_ctrl/libapp_ctrl.a(app_ctrl.c.obj)
 .text.enter_fault
                0x080006c4       0x24 app_ctrl/libapp_ctrl.a(app_ctrl.c.obj)
 .text.handle_mot_event
                0x080006e8       0x24 app_ctrl/libapp_ctrl.a(app_ctrl.c.obj)
 .text.balance_start_request
                0x0800070c       0x3c app_ctrl/libapp_ctrl.a(app_ctrl.c.obj)
 .text.handle_tune_event
                0x08000748       0x8c app_ctrl/libapp_ctrl.a(app_ctrl.c.obj)
 .text.handle_att_event
                0x080007d4       0xa8 app_ctrl/libapp_ctrl.a(app_ctrl.c.obj)
 .text.display_tuning_page
                0x0800087c      0x120 app_ctrl/libapp_ctrl.a(app_ctrl.c.obj)
 .text.display_status_page
                0x0800099c      0x128 app_ctrl/libapp_ctrl.a(app_ctrl.c.obj)
 .text.display_refresh
                0x08000ac4       0x34 app_ctrl/libapp_ctrl.a(app_ctrl.c.obj)
 .text.app_ctrl_task
                0x08000af8       0xc4 app_ctrl/libapp_ctrl.a(app_ctrl.c.obj)
 .text.app_ctrl_init
                0x08000bbc      0x1d0 app_ctrl/libapp_ctrl.a(app_ctrl.c.obj)
                0x08000bbc                app_ctrl_init
 .text.app_ctrl_start
                0x08000d8c       0x68 app_ctrl/libapp_ctrl.a(app_ctrl.c.obj)
                0x08000d8c                app_ctrl_start
 .text.event_notify
                0x08000df4       0x18 ../svc/svc_att_algo/libsvc_att_algo.a(svc_att_algo.c.obj)
 .text.complementary_filter_update
                0x08000e0c       0x50 ../svc/svc_att_algo/libsvc_att_algo.a(svc_att_algo.c.obj)
 .text.accel_angle_compute
                0x08000e5c        0xc ../svc/svc_att_algo/libsvc_att_algo.a(svc_att_algo.c.obj)
 .text.gyro_calibration_execute
                0x08000e68       0xd0 ../svc/svc_att_algo/libsvc_att_algo.a(svc_att_algo.c.obj)
 .text.snapshot_publish
                0x08000f38       0x48 ../svc/svc_att_algo/libsvc_att_algo.a(svc_att_algo.c.obj)
 .text.att_algo_task
                0x08000f80      0x108 ../svc/svc_att_algo/libsvc_att_algo.a(svc_att_algo.c.obj)
 .text.svc_att_algo_init
                0x08001088       0xc8 ../svc/svc_att_algo/libsvc_att_algo.a(svc_att_algo.c.obj)
                0x08001088                svc_att_algo_init
 .text.svc_att_algo_start
                0x08001150       0x8c ../svc/svc_att_algo/libsvc_att_algo.a(svc_att_algo.c.obj)
                0x08001150                svc_att_algo_start
 .text.svc_att_algo_get_attitude
                0x080011dc       0x54 ../svc/svc_att_algo/libsvc_att_algo.a(svc_att_algo.c.obj)
                0x080011dc                svc_att_algo_get_attitude
 .text.svc_att_algo_calibrate_gyro
                0x08001230       0x3c ../svc/svc_att_algo/libsvc_att_algo.a(svc_att_algo.c.obj)
                0x08001230                svc_att_algo_calibrate_gyro
 .text.svc_att_algo_register_event_cb
                0x0800126c       0x20 ../svc/svc_att_algo/libsvc_att_algo.a(svc_att_algo.c.obj)
                0x0800126c                svc_att_algo_register_event_cb
 .text.angle_to_q15
                0x0800128c       0x38 ../svc/svc_mot_ctrl/libsvc_mot_ctrl.a(svc_mot_ctrl.c.obj)
 .text.vel_to_q15
                0x080012c4       0x34 ../svc/svc_mot_ctrl/libsvc_mot_ctrl.a(svc_mot_ctrl.c.obj)
 .text.event_notify
                0x080012f8       0x18 ../svc/svc_mot_ctrl/libsvc_mot_ctrl.a(svc_mot_ctrl.c.obj)
 .text.motor_fault_cb
                0x08001310       0x14 ../svc/svc_mot_ctrl/libsvc_mot_ctrl.a(svc_mot_ctrl.c.obj)
 .text.speed_loop_execute
                0x08001324       0x4c ../svc/svc_mot_ctrl/libsvc_mot_ctrl.a(svc_mot_ctrl.c.obj)
 .text.motors_apply
                0x08001370       0x90 ../svc/svc_mot_ctrl/libsvc_mot_ctrl.a(svc_mot_ctrl.c.obj)
 .text.telemetry_publish
                0x08001400       0x3c ../svc/svc_mot_ctrl/libsvc_mot_ctrl.a(svc_mot_ctrl.c.obj)
 .text.shutdown_motors
                0x0800143c       0x48 ../svc/svc_mot_ctrl/libsvc_mot_ctrl.a(svc_mot_ctrl.c.obj)
 .text.mot_ctrl_task
                0x08001484      0x160 ../svc/svc_mot_ctrl/libsvc_mot_ctrl.a(svc_mot_ctrl.c.obj)
 .text.svc_mot_ctrl_init
                0x080015e4      0x250 ../svc/svc_mot_ctrl/libsvc_mot_ctrl.a(svc_mot_ctrl.c.obj)
                0x080015e4                svc_mot_ctrl_init
 .text.svc_mot_ctrl_start
                0x08001834       0x84 ../svc/svc_mot_ctrl/libsvc_mot_ctrl.a(svc_mot_ctrl.c.obj)
                0x08001834                svc_mot_ctrl_start
 .text.svc_mot_ctrl_balance_start
                0x080018b8       0x74 ../svc/svc_mot_ctrl/libsvc_mot_ctrl.a(svc_mot_ctrl.c.obj)
                0x080018b8                svc_mot_ctrl_balance_start
 .text.svc_mot_ctrl_balance_stop
                0x0800192c       0x20 ../svc/svc_mot_ctrl/libsvc_mot_ctrl.a(svc_mot_ctrl.c.obj)
                0x0800192c                svc_mot_ctrl_balance_stop
 .text.svc_mot_ctrl_set_velocity
                0x0800194c       0x1c ../svc/svc_mot_ctrl/libsvc_mot_ctrl.a(svc_mot_ctrl.c.obj)
                0x0800194c                svc_mot_ctrl_set_velocity
 .text.svc_mot_ctrl_set_turn
                0x08001968       0x2c ../svc/svc_mot_ctrl/libsvc_mot_ctrl.a(svc_mot_ctrl.c.obj)
                0x08001968                svc_mot_ctrl_set_turn
 .text.svc_mot_ctrl_set_pid_params
                0x08001994       0x5c ../svc/svc_mot_ctrl/libsvc_mot_ctrl.a(svc_mot_ctrl.c.obj)
                0x08001994                svc_mot_ctrl_set_pid_params
 .text.svc_mot_ctrl_get_pid_params
                0x080019f0       0x6c ../svc/svc_mot_ctrl/libsvc_mot_ctrl.a(svc_mot_ctrl.c.obj)
                0x080019f0                svc_mot_ctrl_get_pid_params
 .text.svc_mot_ctrl_get_telemetry
                0x08001a5c       0x60 ../svc/svc_mot_ctrl/libsvc_mot_ctrl.a(svc_mot_ctrl.c.obj)
                0x08001a5c                svc_mot_ctrl_get_telemetry
 .text.svc_mot_ctrl_register_event_cb
                0x08001abc       0x20 ../svc/svc_mot_ctrl/libsvc_mot_ctrl.a(svc_mot_ctrl.c.obj)
                0x08001abc                svc_mot_ctrl_register_event_cb
 .text.monitor_task
                0x08001adc       0xa0 ../svc/svc_monitor/libsvc_monitor.a(svc_monitor.c.obj)
 .text.svc_monitor_init
                0x08001b7c       0x3c ../svc/svc_monitor/libsvc_monitor.a(svc_monitor.c.obj)
                0x08001b7c                svc_monitor_init
 .text.svc_monitor_add_watch
                0x08001bb8       0x6c ../svc/svc_monitor/libsvc_monitor.a(svc_monitor.c.obj)
                0x08001bb8                svc_monitor_add_watch
 .text.svc_monitor_start
                0x08001c24       0x64 ../svc/svc_monitor/libsvc_monitor.a(svc_monitor.c.obj)
                0x08001c24                svc_monitor_start
 .text.svc_monitor_clear_fault
                0x08001c88        0xc ../svc/svc_monitor/libsvc_monitor.a(svc_monitor.c.obj)
                0x08001c88                svc_monitor_clear_fault
 .text.ring_push
                0x08001c94       0x24 ../svc/svc_comm/libsvc_comm.a(svc_comm.c.obj)
 .text.ring_pop
                0x08001cb8       0x24 ../svc/svc_comm/libsvc_comm.a(svc_comm.c.obj)
 .text.crc8     0x08001cdc       0x36 ../svc/svc_comm/libsvc_comm.a(svc_comm.c.obj)
 *fill*         0x08001d12        0x2 
 .text.frame_dispatch
                0x08001d14       0x60 ../svc/svc_comm/libsvc_comm.a(svc_comm.c.obj)
 .text.wifi_rx_cb
                0x08001d74       0x34 ../svc/svc_comm/libsvc_comm.a(svc_comm.c.obj)
 .text.parser_feed
                0x08001da8       0xec ../svc/svc_comm/libsvc_comm.a(svc_comm.c.obj)
 .text.svc_comm_init
                0x08001e94      0x100 ../svc/svc_comm/libsvc_comm.a(svc_comm.c.obj)
                0x08001e94                svc_comm_init
 .text.svc_comm_register_cmd
                0x08001f94       0x90 ../svc/svc_comm/libsvc_comm.a(svc_comm.c.obj)
                0x08001f94                svc_comm_register_cmd
 .text.svc_comm_set_telemetry
                0x08002024       0x14 ../svc/svc_comm/libsvc_comm.a(svc_comm.c.obj)
                0x08002024                svc_comm_set_telemetry
 .text.svc_comm_start
                0x08002038       0xa8 ../svc/svc_comm/libsvc_comm.a(svc_comm.c.obj)
                0x08002038                svc_comm_start
 .text.svc_comm_send_frame
                0x080020e0       0xac ../svc/svc_comm/libsvc_comm.a(svc_comm.c.obj)
                0x080020e0                svc_comm_send_frame
 .text.comm_task
                0x0800218c       0x9c ../svc/svc_comm/libsvc_comm.a(svc_comm.c.obj)
 .text.bsp_system_clock_config
                0x08002228       0x66 ../bsp/libbsp.a(board_v1.c.obj)
 *fill*         0x0800228e        0x2 
 .text.Error_Handler
                0x08002290       0x40 ../bsp/libbsp.a(board_v1.c.obj)
                0x08002290                Error_Handler
 .text.bsp_init
                0x080022d0       0xec ../bsp/libbsp.a(board_v1.c.obj)
                0x080022d0                bsp_init
 .text._i2c_msp_deinit
                0x080023bc       0x20 ../bsp/libbsp.a(bsp_i2c.c.obj)
 .text._get_timeout
                0x080023dc        0x8 ../bsp/libbsp.a(bsp_i2c.c.obj)
 .text._gpio_delay_us
                0x080023e4       0x30 ../bsp/libbsp.a(bsp_i2c.c.obj)
 .text._gpio_write_scl
                0x08002414       0x18 ../bsp/libbsp.a(bsp_i2c.c.obj)
 .text._gpio_write_sda
                0x0800242c       0x18 ../bsp/libbsp.a(bsp_i2c.c.obj)
 .text._gpio_recovery_mode
                0x08002444       0x48 ../bsp/libbsp.a(bsp_i2c.c.obj)
 .text._config_gpio
                0x0800248c       0x40 ../bsp/libbsp.a(bsp_i2c.c.obj)
 .text._i2c_msp_init
                0x080024cc       0x5c ../bsp/libbsp.a(bsp_i2c.c.obj)
 .text._gpio_read_sda
                0x08002528       0x18 ../bsp/libbsp.a(bsp_i2c.c.obj)
 .text._gpio_read_scl
                0x08002540       0x18 ../bsp/libbsp.a(bsp_i2c.c.obj)
 .text._bus_recovery_gpio_only
                0x08002558       0x88 ../bsp/libbsp.a(bsp_i2c.c.obj)
 .text.bsp_i2c_lock
                0x080025e0       0x7c ../bsp/libbsp.a(bsp_i2c.c.obj)
                0x080025e0                bsp_i2c_lock
 .text.bsp_i2c_unlock
                0x0800265c       0x4c ../bsp/libbsp.a(bsp_i2c.c.obj)
                0x0800265c                bsp_i2c_unlock
 .text.bsp_i2c_init
                0x080026a8       0xe8 ../bsp/libbsp.a(bsp_i2c.c.obj)
                0x080026a8                bsp_i2c_init
 .text.bsp_i2c_write_reg
                0x08002790       0x7c ../bsp/libbsp.a(bsp_i2c.c.obj)
                0x08002790                bsp_i2c_write_reg
 .text.bsp_i2c_read_reg
                0x0800280c       0x7c ../bsp/libbsp.a(bsp_i2c.c.obj)
                0x0800280c                bsp_i2c_read_reg
 .text.bsp_i2c_write_raw
                0x08002888       0x74 ../bsp/libbsp.a(bsp_i2c.c.obj)
                0x08002888                bsp_i2c_write_raw
 .text.HAL_I2C_MasterTxCpltCallback
                0x080028fc       0x5c ../bsp/libbsp.a(bsp_i2c.c.obj)
                0x080028fc                HAL_I2C_MasterTxCpltCallback
 .text.HAL_I2C_ErrorCallback
                0x08002958       0x5c ../bsp/libbsp.a(bsp_i2c.c.obj)
                0x08002958                HAL_I2C_ErrorCallback
 .text.HAL_I2C_AbortCpltCallback
                0x080029b4        0x8 ../bsp/libbsp.a(bsp_i2c.c.obj)
                0x080029b4                HAL_I2C_AbortCpltCallback
 .text.bsp_i2c_probe
                0x080029bc       0x54 ../bsp/libbsp.a(bsp_i2c.c.obj)
                0x080029bc                bsp_i2c_probe
 .text._update_accel_scale
                0x08002a10       0x36 ../bsp/libbsp.a(bsp_mpu6050.c.obj)
 *fill*         0x08002a46        0x2 
 .text._update_gyro_scale
                0x08002a48       0x3c ../bsp/libbsp.a(bsp_mpu6050.c.obj)
 .text._get_gyro_internal_rate
                0x08002a84        0xe ../bsp/libbsp.a(bsp_mpu6050.c.obj)
 .text._odr_to_smplrt_div
                0x08002a92       0x8c ../bsp/libbsp.a(bsp_mpu6050.c.obj)
 .text.bsp_mpu_ops_selftest
                0x08002b1e        0x8 ../bsp/libbsp.a(bsp_mpu6050.c.obj)
 .text.bsp_mpu_ops_fifo_read
                0x08002b26        0x6 ../bsp/libbsp.a(bsp_mpu6050.c.obj)
 .text.bsp_mpu_ops_set_fifo_threshold
                0x08002b2c        0x6 ../bsp/libbsp.a(bsp_mpu6050.c.obj)
 .text.bsp_mpu_ops_get_fault
                0x08002b32        0x6 ../bsp/libbsp.a(bsp_mpu6050.c.obj)
 .text.bsp_mpu_ops_get_info
                0x08002b38       0x28 ../bsp/libbsp.a(bsp_mpu6050.c.obj)
 .text.bsp_mpu_ops_set_event_irq_enable
                0x08002b60        0x6 ../bsp/libbsp.a(bsp_mpu6050.c.obj)
 *fill*         0x08002b66        0x2 
 .text.bsp_mpu_ops_set_calibration
                0x08002b68       0x50 ../bsp/libbsp.a(bsp_mpu6050.c.obj)
 .text._mpu_read_reg
                0x08002bb8       0x28 ../bsp/libbsp.a(bsp_mpu6050.c.obj)
 .text.bsp_mpu_ops_get_state
                0x08002be0       0x3c ../bsp/libbsp.a(bsp_mpu6050.c.obj)
 .text._mpu_verify
                0x08002c1c       0x2c ../bsp/libbsp.a(bsp_mpu6050.c.obj)
 .text._mpu_read_bytes
                0x08002c48       0x38 ../bsp/libbsp.a(bsp_mpu6050.c.obj)
 .text.bsp_mpu_ops_read
                0x08002c80      0x17c ../bsp/libbsp.a(bsp_mpu6050.c.obj)
 .text._mpu_write_reg
                0x08002dfc       0x30 ../bsp/libbsp.a(bsp_mpu6050.c.obj)
 .text._mpu_apply_all_config
                0x08002e2c       0x62 ../bsp/libbsp.a(bsp_mpu6050.c.obj)
 *fill*         0x08002e8e        0x2 
 .text.bsp_mpu_ops_set_power
                0x08002e90       0x38 ../bsp/libbsp.a(bsp_mpu6050.c.obj)
 .text.bsp_mpu_ops_set_gyro_range
                0x08002ec8       0x34 ../bsp/libbsp.a(bsp_mpu6050.c.obj)
 .text.bsp_mpu_ops_set_accel_range
                0x08002efc       0x34 ../bsp/libbsp.a(bsp_mpu6050.c.obj)
 .text.bsp_mpu_ops_set_odr
                0x08002f30       0x4c ../bsp/libbsp.a(bsp_mpu6050.c.obj)
 .text.bsp_mpu_ops_deinit
                0x08002f7c       0x20 ../bsp/libbsp.a(bsp_mpu6050.c.obj)
 .text._mpu_probe_addr
                0x08002f9c       0x22 ../bsp/libbsp.a(bsp_mpu6050.c.obj)
 *fill*         0x08002fbe        0x2 
 .text.bsp_mpu_ops_init
                0x08002fc0       0x7c ../bsp/libbsp.a(bsp_mpu6050.c.obj)
 .text.bsp_mpu6050_init
                0x0800303c       0x5c ../bsp/libbsp.a(bsp_mpu6050.c.obj)
                0x0800303c                bsp_mpu6050_init
 .text.bsp_oled_ops_selftest
                0x08003098        0x8 ../bsp/libbsp.a(bsp_oled.c.obj)
 .text.bsp_oled_ops_flush_async
                0x080030a0       0x18 ../bsp/libbsp.a(bsp_oled.c.obj)
 .text.bsp_oled_ops_set_segment
                0x080030b8        0x6 ../bsp/libbsp.a(bsp_oled.c.obj)
 .text.bsp_oled_ops_set_backlight
                0x080030be        0x6 ../bsp/libbsp.a(bsp_oled.c.obj)
 .text.bsp_oled_ops_set_rotation
                0x080030c4        0x6 ../bsp/libbsp.a(bsp_oled.c.obj)
 *fill*         0x080030ca        0x2 
 .text.bsp_oled_ops_get_state
                0x080030cc       0x2c ../bsp/libbsp.a(bsp_oled.c.obj)
 .text.bsp_oled_ops_get_fault
                0x080030f8        0x6 ../bsp/libbsp.a(bsp_oled.c.obj)
 .text.bsp_oled_ops_get_info
                0x080030fe       0x2e ../bsp/libbsp.a(bsp_oled.c.obj)
 .text.bsp_oled_ops_set_event_irq_enable
                0x0800312c        0x6 ../bsp/libbsp.a(bsp_oled.c.obj)
 .text.bsp_oled_ops_flush_async_cancel
                0x08003132        0x6 ../bsp/libbsp.a(bsp_oled.c.obj)
 .text.bsp_oled_ops_draw
                0x08003138      0x264 ../bsp/libbsp.a(bsp_oled.c.obj)
 .text._oled_write_cmd1
                0x0800339c       0x24 ../bsp/libbsp.a(bsp_oled.c.obj)
 .text.bsp_oled_ops_set_power
                0x080033c0       0x60 ../bsp/libbsp.a(bsp_oled.c.obj)
 .text._oled_write_cmd2
                0x08003420       0x28 ../bsp/libbsp.a(bsp_oled.c.obj)
 .text._oled_write_cmds
                0x08003448       0x3c ../bsp/libbsp.a(bsp_oled.c.obj)
 .text._oled_flush_region_no_lock
                0x08003484       0xdc ../bsp/libbsp.a(bsp_oled.c.obj)
 .text._oled_flush_region
                0x08003560       0x8c ../bsp/libbsp.a(bsp_oled.c.obj)
 .text.bsp_oled_ops_flush_partial
                0x080035ec       0x68 ../bsp/libbsp.a(bsp_oled.c.obj)
 .text._oled_flush_full_no_lock
                0x08003654       0x8c ../bsp/libbsp.a(bsp_oled.c.obj)
 .text._oled_flush_full
                0x080036e0       0x3c ../bsp/libbsp.a(bsp_oled.c.obj)
 .text.bsp_oled_ops_flush
                0x0800371c       0x28 ../bsp/libbsp.a(bsp_oled.c.obj)
 .text.bsp_oled_ops_deinit
                0x08003744       0xb4 ../bsp/libbsp.a(bsp_oled.c.obj)
 .text.bsp_oled_ops_init
                0x080037f8      0x1d4 ../bsp/libbsp.a(bsp_oled.c.obj)
 .text.bsp_oled_init
                0x080039cc       0x4c ../bsp/libbsp.a(bsp_oled.c.obj)
                0x080039cc                bsp_oled_init
 .text._rx_putc
                0x08003a18       0x3c ../bsp/libbsp.a(bsp_esp8266.c.obj)
 .text._rx_getc
                0x08003a54       0x3c ../bsp/libbsp.a(bsp_esp8266.c.obj)
 .text._rx_read
                0x08003a90       0x3c ../bsp/libbsp.a(bsp_esp8266.c.obj)
 .text._escape_quotes
                0x08003acc       0x38 ../bsp/libbsp.a(bsp_esp8266.c.obj)
 .text.bsp_esp_ops_register_rx_callback
                0x08003b04       0x10 ../bsp/libbsp.a(bsp_esp8266.c.obj)
 .text.bsp_esp_ops_get_state
                0x08003b14       0x44 ../bsp/libbsp.a(bsp_esp8266.c.obj)
 .text.bsp_esp_ops_get_info
                0x08003b58       0x12 ../bsp/libbsp.a(bsp_esp8266.c.obj)
 .text.bsp_esp_ops_get_mode
                0x08003b6a        0x6 ../bsp/libbsp.a(bsp_esp8266.c.obj)
 .text.bsp_esp_ops_get_mac
                0x08003b70        0x6 ../bsp/libbsp.a(bsp_esp8266.c.obj)
 .text.bsp_esp_ops_get_netif_handle
                0x08003b76        0xa ../bsp/libbsp.a(bsp_esp8266.c.obj)
 .text._parse_mac
                0x08003b80       0x44 ../bsp/libbsp.a(bsp_esp8266.c.obj)
 .text._parse_cwlap
                0x08003bc4      0x18c ../bsp/libbsp.a(bsp_esp8266.c.obj)
 .text._at_send_cmd_wait
                0x08003d50      0x1a8 ../bsp/libbsp.a(bsp_esp8266.c.obj)
 .text.bsp_esp_ops_transmit
                0x08003ef8       0x70 ../bsp/libbsp.a(bsp_esp8266.c.obj)
 .text.bsp_esp_ops_ap_stop
                0x08003f68       0x2c ../bsp/libbsp.a(bsp_esp8266.c.obj)
 .text.bsp_esp_ops_ap_start
                0x08003f94       0x64 ../bsp/libbsp.a(bsp_esp8266.c.obj)
 .text.bsp_esp_ops_sta_disconnect
                0x08003ff8       0x2c ../bsp/libbsp.a(bsp_esp8266.c.obj)
 .text.bsp_esp_ops_sta_connect
                0x08004024       0x80 ../bsp/libbsp.a(bsp_esp8266.c.obj)
 .text.bsp_esp_ops_scan_start
                0x080040a4       0x78 ../bsp/libbsp.a(bsp_esp8266.c.obj)
 .text.bsp_esp_ops_set_rf_power
                0x0800411c       0x34 ../bsp/libbsp.a(bsp_esp8266.c.obj)
 .text.bsp_esp_ops_set_mode
                0x08004150       0x44 ../bsp/libbsp.a(bsp_esp8266.c.obj)
 .text.bsp_esp_ops_get_scan_result
                0x08004194       0x64 ../bsp/libbsp.a(bsp_esp8266.c.obj)
 .text.bsp_esp_ops_sta_get_info
                0x080041f8       0x3c ../bsp/libbsp.a(bsp_esp8266.c.obj)
 .text.bsp_esp_ops_deinit
                0x08004234       0x80 ../bsp/libbsp.a(bsp_esp8266.c.obj)
 .text.bsp_esp_ops_init
                0x080042b4      0x180 ../bsp/libbsp.a(bsp_esp8266.c.obj)
 .text._handle_ipd
                0x08004434      0x164 ../bsp/libbsp.a(bsp_esp8266.c.obj)
 .text._process_event_line
                0x08004598      0x12c ../bsp/libbsp.a(bsp_esp8266.c.obj)
 .text._esp_task
                0x080046c4       0xa8 ../bsp/libbsp.a(bsp_esp8266.c.obj)
 .text._uart_rx_callback
                0x0800476c       0x58 ../bsp/libbsp.a(bsp_esp8266.c.obj)
 .text.bsp_esp8266_init
                0x080047c4       0x48 ../bsp/libbsp.a(bsp_esp8266.c.obj)
                0x080047c4                bsp_esp8266_init
 .text._enable_gpio_clk
                0x0800480c       0xb0 ../bsp/libbsp.a(bsp_motor.c.obj)
 .text.bsp_motor_ops_selftest
                0x080048bc        0x8 ../bsp/libbsp.a(bsp_motor.c.obj)
 .text.bsp_motor_ops_get_state
                0x080048c4       0x3e ../bsp/libbsp.a(bsp_motor.c.obj)
 .text.bsp_motor_ops_get_fault
                0x08004902        0x6 ../bsp/libbsp.a(bsp_motor.c.obj)
 .text.bsp_motor_ops_set_fault_irq_enable
                0x08004908        0x6 ../bsp/libbsp.a(bsp_motor.c.obj)
 .text._set_motor_brake
                0x0800490e       0x1a ../bsp/libbsp.a(bsp_motor.c.obj)
 .text.bsp_motor_ops_brake
                0x08004928       0x3a ../bsp/libbsp.a(bsp_motor.c.obj)
 .text._set_motor_coast
                0x08004962       0x1a ../bsp/libbsp.a(bsp_motor.c.obj)
 .text.bsp_motor_ops_disable
                0x0800497c       0x2e ../bsp/libbsp.a(bsp_motor.c.obj)
 .text._set_motor_direction
                0x080049aa       0x36 ../bsp/libbsp.a(bsp_motor.c.obj)
 .text.bsp_motor_ops_set_direction
                0x080049e0       0x32 ../bsp/libbsp.a(bsp_motor.c.obj)
 .text.bsp_motor_ops_set_duty
                0x08004a12       0x62 ../bsp/libbsp.a(bsp_motor.c.obj)
 .text._set_stby
                0x08004a74       0x20 ../bsp/libbsp.a(bsp_motor.c.obj)
 .text.bsp_motor_ops_enable
                0x08004a94       0x48 ../bsp/libbsp.a(bsp_motor.c.obj)
 .text._release_shared_timer
                0x08004adc       0x38 ../bsp/libbsp.a(bsp_motor.c.obj)
 .text.bsp_motor_ops_deinit
                0x08004b14       0x34 ../bsp/libbsp.a(bsp_motor.c.obj)
 .text._acquire_shared_timer
                0x08004b48       0x64 ../bsp/libbsp.a(bsp_motor.c.obj)
 .text.bsp_motor_ops_init
                0x08004bac       0x48 ../bsp/libbsp.a(bsp_motor.c.obj)
 .text._config_stby_gpio
                0x08004bf4       0x28 ../bsp/libbsp.a(bsp_motor.c.obj)
 .text._config_motor_gpio
                0x08004c1c       0x40 ../bsp/libbsp.a(bsp_motor.c.obj)
 .text.bsp_motor_init
                0x08004c5c       0xbc ../bsp/libbsp.a(bsp_motor.c.obj)
                0x08004c5c                bsp_motor_init
 .text._get_multiplier
                0x08004d18       0x1a ../bsp/libbsp.a(bsp_encoder.c.obj)
 .text.bsp_enc_ops_selftest
                0x08004d32        0x8 ../bsp/libbsp.a(bsp_encoder.c.obj)
 .text.bsp_enc_ops_get_fault
                0x08004d3a        0x6 ../bsp/libbsp.a(bsp_encoder.c.obj)
 .text.bsp_enc_ops_get_info
                0x08004d40       0x4e ../bsp/libbsp.a(bsp_encoder.c.obj)
 .text.bsp_enc_ops_set_event_irq_enable
                0x08004d8e        0x6 ../bsp/libbsp.a(bsp_encoder.c.obj)
 .text.bsp_enc_ops_get_state
                0x08004d94       0x4a ../bsp/libbsp.a(bsp_encoder.c.obj)
 .text.bsp_enc_ops_get_direction
                0x08004dde       0x56 ../bsp/libbsp.a(bsp_encoder.c.obj)
 .text.bsp_enc_ops_get_angle
                0x08004e34       0xb6 ../bsp/libbsp.a(bsp_encoder.c.obj)
 .text.bsp_enc_ops_get_position
                0x08004eea       0x2e ../bsp/libbsp.a(bsp_encoder.c.obj)
 .text.bsp_enc_ops_reset
                0x08004f18       0x3a ../bsp/libbsp.a(bsp_encoder.c.obj)
 .text.bsp_enc_ops_find_zero
                0x08004f52        0x8 ../bsp/libbsp.a(bsp_encoder.c.obj)
 *fill*         0x08004f5a        0x2 
 .text.bsp_enc_ops_get_velocity
                0x08004f5c       0xa8 ../bsp/libbsp.a(bsp_encoder.c.obj)
 .text.bsp_enc_ops_deinit
                0x08005004       0x28 ../bsp/libbsp.a(bsp_encoder.c.obj)
 .text._find_hw
                0x0800502c       0x34 ../bsp/libbsp.a(bsp_encoder.c.obj)
 .text.bsp_enc_ops_init
                0x08005060       0x86 ../bsp/libbsp.a(bsp_encoder.c.obj)
 *fill*         0x080050e6        0x2 
 .text.bsp_encoder_init
                0x080050e8       0x94 ../bsp/libbsp.a(bsp_encoder.c.obj)
                0x080050e8                bsp_encoder_init
 .text._gpio_clock_enable
                0x0800517c       0xb0 ../bsp/libbsp.a(bsp_key.c.obj)
 .text._read_raw
                0x0800522c       0x1a ../bsp/libbsp.a(bsp_key.c.obj)
 .text._record_edge_from_isr
                0x08005246       0x1a ../bsp/libbsp.a(bsp_key.c.obj)
 .text._bsp_key_irq_handler
                0x08005260       0x50 ../bsp/libbsp.a(bsp_key.c.obj)
 .text.bsp_key_ops_get_level
                0x080052b0       0x4a ../bsp/libbsp.a(bsp_key.c.obj)
 .text.bsp_key_ops_init
                0x080052fa       0x56 ../bsp/libbsp.a(bsp_key.c.obj)
 .text._config_exti
                0x08005350       0x60 ../bsp/libbsp.a(bsp_key.c.obj)
 .text.bsp_key_ops_set_irq_enable
                0x080053b0       0x7e ../bsp/libbsp.a(bsp_key.c.obj)
 .text.bsp_key_ops_deinit
                0x0800542e       0x3e ../bsp/libbsp.a(bsp_key.c.obj)
 .text.EXTI0_IRQHandler
                0x0800546c        0xa ../bsp/libbsp.a(bsp_key.c.obj)
                0x0800546c                EXTI0_IRQHandler
 .text.EXTI1_IRQHandler
                0x08005476        0xa ../bsp/libbsp.a(bsp_key.c.obj)
                0x08005476                EXTI1_IRQHandler
 .text.EXTI2_IRQHandler
                0x08005480        0xa ../bsp/libbsp.a(bsp_key.c.obj)
                0x08005480                EXTI2_IRQHandler
 .text.EXTI3_IRQHandler
                0x0800548a        0xa ../bsp/libbsp.a(bsp_key.c.obj)
                0x0800548a                EXTI3_IRQHandler
 .text.EXTI4_IRQHandler
                0x08005494        0xa ../bsp/libbsp.a(bsp_key.c.obj)
                0x08005494                EXTI4_IRQHandler
 *fill*         0x0800549e        0x2 
 .text.EXTI9_5_IRQHandler
                0x080054a0       0x24 ../bsp/libbsp.a(bsp_key.c.obj)
                0x080054a0                EXTI9_5_IRQHandler
 .text.EXTI15_10_IRQHandler
                0x080054c4       0x28 ../bsp/libbsp.a(bsp_key.c.obj)
                0x080054c4                EXTI15_10_IRQHandler
 .text.bsp_key_tick_scan
                0x080054ec       0x68 ../bsp/libbsp.a(bsp_key.c.obj)
                0x080054ec                bsp_key_tick_scan
 .text.bsp_key_init
                0x08005554       0xa8 ../bsp/libbsp.a(bsp_key.c.obj)
                0x08005554                bsp_key_init
 .text._gpio_clock_enable
                0x080055fc       0xb0 ../bsp/libbsp.a(bsp_led.c.obj)
 .text.bsp_led_ops_get_state
                0x080056ac       0x1c ../bsp/libbsp.a(bsp_led.c.obj)
 .text.bsp_led_ops_set_state
                0x080056c8       0x30 ../bsp/libbsp.a(bsp_led.c.obj)
 .text.bsp_led_ops_deinit
                0x080056f8       0x48 ../bsp/libbsp.a(bsp_led.c.obj)
 .text.bsp_led_ops_init
                0x08005740       0x52 ../bsp/libbsp.a(bsp_led.c.obj)
 *fill*         0x08005792        0x2 
 .text.bsp_led_init
                0x08005794       0x94 ../bsp/libbsp.a(bsp_led.c.obj)
                0x08005794                bsp_led_init
 .text.bsp_wdg_init
                0x08005828       0x5c ../bsp/libbsp.a(bsp_wdg.c.obj)
                0x08005828                bsp_wdg_init
 .text.bsp_wdg_refresh
                0x08005884       0x1c ../bsp/libbsp.a(bsp_wdg.c.obj)
                0x08005884                bsp_wdg_refresh
 .text.bsp_dbg_init
                0x080058a0       0x8c ../bsp/libbsp.a(bsp_dbg.c.obj)
                0x080058a0                bsp_dbg_init
 .text.bsp_dbg_write
                0x0800592c       0x58 ../bsp/libbsp.a(bsp_dbg.c.obj)
                0x0800592c                bsp_dbg_write
 .text.bsp_dbg_report_reset_cause
                0x08005984       0x60 ../bsp/libbsp.a(bsp_dbg.c.obj)
                0x08005984                bsp_dbg_report_reset_cause
 .text.bsp_dbg_sink
                0x080059e4        0x8 ../bsp/libbsp.a(bsp_dbg.c.obj)
                0x080059e4                bsp_dbg_sink
 .text._handle_valid
                0x080059ec       0x28 ../bsp/libbsp.a(bsp_timer.c.obj)
 .text._enable_periph_clock
                0x08005a14       0x70 ../bsp/libbsp.a(bsp_timer.c.obj)
 .text._disable_periph_clock
                0x08005a84       0x44 ../bsp/libbsp.a(bsp_timer.c.obj)
 .text._calc_prescaler_arr
                0x08005ac8       0x5c ../bsp/libbsp.a(bsp_timer.c.obj)
 .text._timer_irq_handler
                0x08005b24       0x48 ../bsp/libbsp.a(bsp_timer.c.obj)
 .text._dwt_init
                0x08005b6c       0x34 ../bsp/libbsp.a(bsp_timer.c.obj)
 .text._config_pwm_mode
                0x08005ba0       0x80 ../bsp/libbsp.a(bsp_timer.c.obj)
 .text._config_encoder_mode
                0x08005c20       0x68 ../bsp/libbsp.a(bsp_timer.c.obj)
 .text._config_nvic
                0x08005c88       0x26 ../bsp/libbsp.a(bsp_timer.c.obj)
 .text._disable_nvic
                0x08005cae        0xc ../bsp/libbsp.a(bsp_timer.c.obj)
 *fill*         0x08005cba        0x2 
 .text.HAL_TIM_Encoder_MspInit
                0x08005cbc       0x84 ../bsp/libbsp.a(bsp_timer.c.obj)
                0x08005cbc                HAL_TIM_Encoder_MspInit
 .text.HAL_TIM_PWM_MspInit
                0x08005d40       0x64 ../bsp/libbsp.a(bsp_timer.c.obj)
                0x08005d40                HAL_TIM_PWM_MspInit
 .text.HAL_TIM_PeriodElapsedCallback
                0x08005da4       0x40 ../bsp/libbsp.a(bsp_timer.c.obj)
                0x08005da4                HAL_TIM_PeriodElapsedCallback
 .text.TIM1_UP_IRQHandler
                0x08005de4       0x18 ../bsp/libbsp.a(bsp_timer.c.obj)
                0x08005de4                TIM1_UP_IRQHandler
 .text.TIM2_IRQHandler
                0x08005dfc       0x1c ../bsp/libbsp.a(bsp_timer.c.obj)
                0x08005dfc                TIM2_IRQHandler
 .text.TIM3_IRQHandler
                0x08005e18       0x1c ../bsp/libbsp.a(bsp_timer.c.obj)
                0x08005e18                TIM3_IRQHandler
 .text.TIM4_IRQHandler
                0x08005e34       0x1c ../bsp/libbsp.a(bsp_timer.c.obj)
                0x08005e34                TIM4_IRQHandler
 .text.bsp_timer_delay_us
                0x08005e50       0x28 ../bsp/libbsp.a(bsp_timer.c.obj)
                0x08005e50                bsp_timer_delay_us
 .text.bsp_timer_delay_ms
                0x08005e78       0x30 ../bsp/libbsp.a(bsp_timer.c.obj)
                0x08005e78                bsp_timer_delay_ms
 .text.bsp_timer_open
                0x08005ea8      0x128 ../bsp/libbsp.a(bsp_timer.c.obj)
                0x08005ea8                bsp_timer_open
 .text.bsp_timer_start
                0x08005fd0      0x118 ../bsp/libbsp.a(bsp_timer.c.obj)
                0x08005fd0                bsp_timer_start
 .text.bsp_timer_stop
                0x080060e8       0x76 ../bsp/libbsp.a(bsp_timer.c.obj)
                0x080060e8                bsp_timer_stop
 .text.bsp_timer_close
                0x0800615e       0x50 ../bsp/libbsp.a(bsp_timer.c.obj)
                0x0800615e                bsp_timer_close
 *fill*         0x080061ae        0x2 
 .text.bsp_timer_pwm_set_duty
                0x080061b0       0xc8 ../bsp/libbsp.a(bsp_timer.c.obj)
                0x080061b0                bsp_timer_pwm_set_duty
 .text.bsp_timer_pwm_start_channel
                0x08006278       0x48 ../bsp/libbsp.a(bsp_timer.c.obj)
                0x08006278                bsp_timer_pwm_start_channel
 .text.bsp_timer_encoder_get_count
                0x080062c0       0x58 ../bsp/libbsp.a(bsp_timer.c.obj)
                0x080062c0                bsp_timer_encoder_get_count
 .text.bsp_timer_encoder_reset
                0x08006318       0x38 ../bsp/libbsp.a(bsp_timer.c.obj)
                0x08006318                bsp_timer_encoder_reset
 .text.HAL_TIMEx_CommutCallback
                0x08006350        0x2 ../bsp/libbsp.a(bsp_timer.c.obj)
                0x08006350                HAL_TIMEx_CommutCallback
 .text.HAL_TIMEx_CommutHalfCpltCallback
                0x08006352        0x2 ../bsp/libbsp.a(bsp_timer.c.obj)
                0x08006352                HAL_TIMEx_CommutHalfCpltCallback
 .text.HAL_TIMEx_BreakCallback
                0x08006354        0x2 ../bsp/libbsp.a(bsp_timer.c.obj)
                0x08006354                HAL_TIMEx_BreakCallback
 *fill*         0x08006356        0x2 
 .text._huart_to_inst
                0x08006358       0x40 ../bsp/libbsp.a(bsp_uart.c.obj)
 .text._handle_valid
                0x08006398       0x3c ../bsp/libbsp.a(bsp_uart.c.obj)
 .text._get_inst
                0x080063d4       0x12 ../bsp/libbsp.a(bsp_uart.c.obj)
 .text._uart_irq_handler
                0x080063e6       0x80 ../bsp/libbsp.a(bsp_uart.c.obj)
 *fill*         0x08006466        0x2 
 .text._uart_msp_deinit
                0x08006468       0x60 ../bsp/libbsp.a(bsp_uart.c.obj)
 .text._uart_msp_init
                0x080064c8      0x108 ../bsp/libbsp.a(bsp_uart.c.obj)
 .text._config_dma
                0x080065d0       0xc4 ../bsp/libbsp.a(bsp_uart.c.obj)
 .text.HAL_UART_TxCpltCallback
                0x08006694       0x66 ../bsp/libbsp.a(bsp_uart.c.obj)
                0x08006694                HAL_UART_TxCpltCallback
 .text.HAL_UART_RxCpltCallback
                0x080066fa       0x66 ../bsp/libbsp.a(bsp_uart.c.obj)
                0x080066fa                HAL_UART_RxCpltCallback
 .text.HAL_UART_ErrorCallback
                0x08006760       0x76 ../bsp/libbsp.a(bsp_uart.c.obj)
                0x08006760                HAL_UART_ErrorCallback
 *fill*         0x080067d6        0x2 
 .text.DMA1_Channel4_IRQHandler
                0x080067d8       0x10 ../bsp/libbsp.a(bsp_uart.c.obj)
                0x080067d8                DMA1_Channel4_IRQHandler
 .text.DMA1_Channel5_IRQHandler
                0x080067e8       0x10 ../bsp/libbsp.a(bsp_uart.c.obj)
                0x080067e8                DMA1_Channel5_IRQHandler
 .text.DMA1_Channel7_IRQHandler
                0x080067f8       0x10 ../bsp/libbsp.a(bsp_uart.c.obj)
                0x080067f8                DMA1_Channel7_IRQHandler
 .text.DMA1_Channel6_IRQHandler
                0x08006808       0x10 ../bsp/libbsp.a(bsp_uart.c.obj)
                0x08006808                DMA1_Channel6_IRQHandler
 .text.DMA1_Channel2_IRQHandler
                0x08006818       0x10 ../bsp/libbsp.a(bsp_uart.c.obj)
                0x08006818                DMA1_Channel2_IRQHandler
 .text.DMA1_Channel3_IRQHandler
                0x08006828       0x10 ../bsp/libbsp.a(bsp_uart.c.obj)
                0x08006828                DMA1_Channel3_IRQHandler
 .text.USART1_IRQHandler
                0x08006838       0x18 ../bsp/libbsp.a(bsp_uart.c.obj)
                0x08006838                USART1_IRQHandler
 .text.USART2_IRQHandler
                0x08006850       0x1c ../bsp/libbsp.a(bsp_uart.c.obj)
                0x08006850                USART2_IRQHandler
 .text.USART3_IRQHandler
                0x0800686c       0x1c ../bsp/libbsp.a(bsp_uart.c.obj)
                0x0800686c                USART3_IRQHandler
 .text.bsp_uart_open
                0x08006888      0x1ac ../bsp/libbsp.a(bsp_uart.c.obj)
                0x08006888                bsp_uart_open
 .text.bsp_uart_send
                0x08006a34       0x50 ../bsp/libbsp.a(bsp_uart.c.obj)
                0x08006a34                bsp_uart_send
 .text.bsp_uart_recv_dma
                0x08006a84       0x72 ../bsp/libbsp.a(bsp_uart.c.obj)
                0x08006a84                bsp_uart_recv_dma
 .text.bsp_uart_set_callback
                0x08006af6       0x1e ../bsp/libbsp.a(bsp_uart.c.obj)
                0x08006af6                bsp_uart_set_callback
 .text.bsp_uart_abort
                0x08006b14       0xc8 ../bsp/libbsp.a(bsp_uart.c.obj)
                0x08006b14                bsp_uart_abort
 .text.bsp_uart_close
                0x08006bdc       0x40 ../bsp/libbsp.a(bsp_uart.c.obj)
                0x08006bdc                bsp_uart_close
 .text.HAL_MspInit
                0x08006c1c        0x2 ../third_party/libstm32f1_hal.a(stm32f1xx_hal.c.obj)
                0x08006c1c                HAL_MspInit
 *fill*         0x08006c1e        0x2 
 .text.HAL_InitTick
                0x08006c20       0x4c ../third_party/libstm32f1_hal.a(stm32f1xx_hal.c.obj)
                0x08006c20                HAL_InitTick
 .text.HAL_Init
                0x08006c6c       0x24 ../third_party/libstm32f1_hal.a(stm32f1xx_hal.c.obj)
                0x08006c6c                HAL_Init
 .text.HAL_IncTick
                0x08006c90       0x18 ../third_party/libstm32f1_hal.a(stm32f1xx_hal.c.obj)
                0x08006c90                HAL_IncTick
 .text.HAL_GetTick
                0x08006ca8        0xc ../third_party/libstm32f1_hal.a(stm32f1xx_hal.c.obj)
                0x08006ca8                HAL_GetTick
 .text.__NVIC_DisableIRQ
                0x08006cb4       0x24 ../third_party/libstm32f1_hal.a(stm32f1xx_hal_cortex.c.obj)
 .text.__NVIC_SetPriority
                0x08006cd8       0x28 ../third_party/libstm32f1_hal.a(stm32f1xx_hal_cortex.c.obj)
 .text.NVIC_EncodePriority
                0x08006d00       0x3e ../third_party/libstm32f1_hal.a(stm32f1xx_hal_cortex.c.obj)
 *fill*         0x08006d3e        0x2 
 .text.HAL_NVIC_SetPriorityGrouping
                0x08006d40       0x24 ../third_party/libstm32f1_hal.a(stm32f1xx_hal_cortex.c.obj)
                0x08006d40                HAL_NVIC_SetPriorityGrouping
 .text.HAL_NVIC_SetPriority
                0x08006d64       0x20 ../third_party/libstm32f1_hal.a(stm32f1xx_hal_cortex.c.obj)
                0x08006d64                HAL_NVIC_SetPriority
 .text.HAL_NVIC_EnableIRQ
                0x08006d84       0x1c ../third_party/libstm32f1_hal.a(stm32f1xx_hal_cortex.c.obj)
                0x08006d84                HAL_NVIC_EnableIRQ
 .text.HAL_NVIC_DisableIRQ
                0x08006da0        0x8 ../third_party/libstm32f1_hal.a(stm32f1xx_hal_cortex.c.obj)
                0x08006da0                HAL_NVIC_DisableIRQ
 .text.HAL_SYSTICK_Config
                0x08006da8       0x28 ../third_party/libstm32f1_hal.a(stm32f1xx_hal_cortex.c.obj)
                0x08006da8                HAL_SYSTICK_Config
 .text.RCC_Delay
                0x08006dd0       0x2c ../third_party/libstm32f1_hal.a(stm32f1xx_hal_rcc.c.obj)
 .text.HAL_RCC_OscConfig
                0x08006dfc      0x410 ../third_party/libstm32f1_hal.a(stm32f1xx_hal_rcc.c.obj)
                0x08006dfc                HAL_RCC_OscConfig
 .text.HAL_RCC_GetSysClockFreq
                0x0800720c       0x54 ../third_party/libstm32f1_hal.a(stm32f1xx_hal_rcc.c.obj)
                0x0800720c                HAL_RCC_GetSysClockFreq
 .text.HAL_RCC_ClockConfig
                0x08007260      0x16c ../third_party/libstm32f1_hal.a(stm32f1xx_hal_rcc.c.obj)
                0x08007260                HAL_RCC_ClockConfig
 .text.HAL_RCC_GetHCLKFreq
                0x080073cc        0xc ../third_party/libstm32f1_hal.a(stm32f1xx_hal_rcc.c.obj)
                0x080073cc                HAL_RCC_GetHCLKFreq
 .text.HAL_RCC_GetPCLK1Freq
                0x080073d8       0x20 ../third_party/libstm32f1_hal.a(stm32f1xx_hal_rcc.c.obj)
                0x080073d8                HAL_RCC_GetPCLK1Freq
 .text.HAL_RCC_GetPCLK2Freq
                0x080073f8       0x20 ../third_party/libstm32f1_hal.a(stm32f1xx_hal_rcc.c.obj)
                0x080073f8                HAL_RCC_GetPCLK2Freq
 .text.HAL_GPIO_Init
                0x08007418      0x214 ../third_party/libstm32f1_hal.a(stm32f1xx_hal_gpio.c.obj)
                0x08007418                HAL_GPIO_Init
 .text.HAL_GPIO_ReadPin
                0x0800762c        0xe ../third_party/libstm32f1_hal.a(stm32f1xx_hal_gpio.c.obj)
                0x0800762c                HAL_GPIO_ReadPin
 .text.HAL_GPIO_WritePin
                0x0800763a        0xc ../third_party/libstm32f1_hal.a(stm32f1xx_hal_gpio.c.obj)
                0x0800763a                HAL_GPIO_WritePin
 .text.DMA_SetConfig
                0x08007646       0x2c ../third_party/libstm32f1_hal.a(stm32f1xx_hal_dma.c.obj)
 *fill*         0x08007672        0x2 
 .text.HAL_DMA_Init
                0x08007674       0x68 ../third_party/libstm32f1_hal.a(stm32f1xx_hal_dma.c.obj)
                0x08007674                HAL_DMA_Init
 .text.HAL_DMA_Start_IT
                0x080076dc       0x74 ../third_party/libstm32f1_hal.a(stm32f1xx_hal_dma.c.obj)
                0x080076dc                HAL_DMA_Start_IT
 .text.HAL_DMA_Abort
                0x08007750       0x44 ../third_party/libstm32f1_hal.a(stm32f1xx_hal_dma.c.obj)
                0x08007750                HAL_DMA_Abort
 .text.HAL_DMA_Abort_IT
                0x08007794       0x98 ../third_party/libstm32f1_hal.a(stm32f1xx_hal_dma.c.obj)
                0x08007794                HAL_DMA_Abort_IT
 .text.HAL_DMA_IRQHandler
                0x0800782c      0x144 ../third_party/libstm32f1_hal.a(stm32f1xx_hal_dma.c.obj)
                0x0800782c                HAL_DMA_IRQHandler
 .text.HAL_DMA_GetError
                0x08007970        0x4 ../third_party/libstm32f1_hal.a(stm32f1xx_hal_dma.c.obj)
                0x08007970                HAL_DMA_GetError
 .text.HAL_UART_MspInit
                0x08007974        0x2 ../third_party/libstm32f1_hal.a(stm32f1xx_hal_uart.c.obj)
                0x08007974                HAL_UART_MspInit
 .text.HAL_UART_MspDeInit
                0x08007976        0x2 ../third_party/libstm32f1_hal.a(stm32f1xx_hal_uart.c.obj)
                0x08007976                HAL_UART_MspDeInit
 .text.HAL_UART_TxHalfCpltCallback
                0x08007978        0x2 ../third_party/libstm32f1_hal.a(stm32f1xx_hal_uart.c.obj)
                0x08007978                HAL_UART_TxHalfCpltCallback
 .text.HAL_UART_RxHalfCpltCallback
                0x0800797a        0x2 ../third_party/libstm32f1_hal.a(stm32f1xx_hal_uart.c.obj)
                0x0800797a                HAL_UART_RxHalfCpltCallback
 .text.HAL_UART_AbortCpltCallback
                0x0800797c        0x2 ../third_party/libstm32f1_hal.a(stm32f1xx_hal_uart.c.obj)
                0x0800797c                HAL_UART_AbortCpltCallback
 .text.HAL_UART_AbortTransmitCpltCallback
                0x0800797e        0x2 ../third_party/libstm32f1_hal.a(stm32f1xx_hal_uart.c.obj)
                0x0800797e                HAL_UART_AbortTransmitCpltCallback
 .text.HAL_UART_AbortReceiveCpltCallback
                0x08007980        0x2 ../third_party/libstm32f1_hal.a(stm32f1xx_hal_uart.c.obj)
                0x08007980                HAL_UART_AbortReceiveCpltCallback
 .text.HAL_UARTEx_RxEventCallback
                0x08007982        0x2 ../third_party/libstm32f1_hal.a(stm32f1xx_hal_uart.c.obj)
                0x08007982                HAL_UARTEx_RxEventCallback
 .text.UART_DMAReceiveCplt
                0x08007984       0x9a ../third_party/libstm32f1_hal.a(stm32f1xx_hal_uart.c.obj)
 .text.UART_DMARxHalfCplt
                0x08007a1e       0x1e ../third_party/libstm32f1_hal.a(stm32f1xx_hal_uart.c.obj)
 .text.UART_EndTxTransfer
                0x08007a3c       0x20 ../third_party/libstm32f1_hal.a(stm32f1xx_hal_uart.c.obj)
 .text.UART_EndRxTransfer
                0x08007a5c       0x5c ../third_party/libstm32f1_hal.a(stm32f1xx_hal_uart.c.obj)
 .text.UART_DMAError
                0x08007ab8       0x54 ../third_party/libstm32f1_hal.a(stm32f1xx_hal_uart.c.obj)
 .text.UART_DMAAbortOnError
                0x08007b0c        0xe ../third_party/libstm32f1_hal.a(stm32f1xx_hal_uart.c.obj)
 .text.UART_Transmit_IT
                0x08007b1a       0x5e ../third_party/libstm32f1_hal.a(stm32f1xx_hal_uart.c.obj)
 .text.UART_EndTransmit_IT
                0x08007b78       0x1a ../third_party/libstm32f1_hal.a(stm32f1xx_hal_uart.c.obj)
 .text.UART_Receive_IT
                0x08007b92       0xe4 ../third_party/libstm32f1_hal.a(stm32f1xx_hal_uart.c.obj)
 *fill*         0x08007c76        0x2 
 .text.UART_SetConfig
                0x08007c78       0x94 ../third_party/libstm32f1_hal.a(stm32f1xx_hal_uart.c.obj)
 .text.UART_WaitOnFlagUntilTimeout
                0x08007d0c       0x86 ../third_party/libstm32f1_hal.a(stm32f1xx_hal_uart.c.obj)
 *fill*         0x08007d92        0x2 
 .text.HAL_UART_DeInit
                0x08007d94       0x44 ../third_party/libstm32f1_hal.a(stm32f1xx_hal_uart.c.obj)
                0x08007d94                HAL_UART_DeInit
 .text.HAL_UART_Transmit
                0x08007dd8       0xca ../third_party/libstm32f1_hal.a(stm32f1xx_hal_uart.c.obj)
                0x08007dd8                HAL_UART_Transmit
 .text.HAL_UART_AbortTransmit
                0x08007ea2       0x6c ../third_party/libstm32f1_hal.a(stm32f1xx_hal_uart.c.obj)
                0x08007ea2                HAL_UART_AbortTransmit
 .text.HAL_UART_AbortReceive
                0x08007f0e       0xa6 ../third_party/libstm32f1_hal.a(stm32f1xx_hal_uart.c.obj)
                0x08007f0e                HAL_UART_AbortReceive
 .text.HAL_UART_IRQHandler
                0x08007fb4      0x29c ../third_party/libstm32f1_hal.a(stm32f1xx_hal_uart.c.obj)
                0x08007fb4                HAL_UART_IRQHandler
 .text.UART_InitCallbacksToDefault
                0x08008250       0x4c ../third_party/libstm32f1_hal.a(stm32f1xx_hal_uart.c.obj)
                0x08008250                UART_InitCallbacksToDefault
 .text.HAL_UART_Init
                0x0800829c       0x78 ../third_party/libstm32f1_hal.a(stm32f1xx_hal_uart.c.obj)
                0x0800829c                HAL_UART_Init
 .text.UART_Start_Receive_DMA
                0x08008314       0xb8 ../third_party/libstm32f1_hal.a(stm32f1xx_hal_uart.c.obj)
                0x08008314                UART_Start_Receive_DMA
 .text.HAL_UART_Receive_DMA
                0x080083cc       0x24 ../third_party/libstm32f1_hal.a(stm32f1xx_hal_uart.c.obj)
                0x080083cc                HAL_UART_Receive_DMA
 .text.HAL_I2C_MspInit
                0x080083f0        0x2 ../third_party/libstm32f1_hal.a(stm32f1xx_hal_i2c.c.obj)
                0x080083f0                HAL_I2C_MspInit
 .text.HAL_I2C_MspDeInit
                0x080083f2        0x2 ../third_party/libstm32f1_hal.a(stm32f1xx_hal_i2c.c.obj)
                0x080083f2                HAL_I2C_MspDeInit
 .text.HAL_I2C_MasterRxCpltCallback
                0x080083f4        0x2 ../third_party/libstm32f1_hal.a(stm32f1xx_hal_i2c.c.obj)
                0x080083f4                HAL_I2C_MasterRxCpltCallback
 .text.HAL_I2C_SlaveTxCpltCallback
                0x080083f6        0x2 ../third_party/libstm32f1_hal.a(stm32f1xx_hal_i2c.c.obj)
                0x080083f6                HAL_I2C_SlaveTxCpltCallback
 .text.HAL_I2C_SlaveRxCpltCallback
                0x080083f8        0x2 ../third_party/libstm32f1_hal.a(stm32f1xx_hal_i2c.c.obj)
                0x080083f8                HAL_I2C_SlaveRxCpltCallback
 .text.HAL_I2C_AddrCallback
                0x080083fa        0x2 ../third_party/libstm32f1_hal.a(stm32f1xx_hal_i2c.c.obj)
                0x080083fa                HAL_I2C_AddrCallback
 .text.HAL_I2C_ListenCpltCallback
                0x080083fc        0x2 ../third_party/libstm32f1_hal.a(stm32f1xx_hal_i2c.c.obj)
                0x080083fc                HAL_I2C_ListenCpltCallback
 .text.HAL_I2C_MemTxCpltCallback
                0x080083fe        0x2 ../third_party/libstm32f1_hal.a(stm32f1xx_hal_i2c.c.obj)
                0x080083fe                HAL_I2C_MemTxCpltCallback
 .text.HAL_I2C_MemRxCpltCallback
                0x08008400        0x2 ../third_party/libstm32f1_hal.a(stm32f1xx_hal_i2c.c.obj)
                0x08008400                HAL_I2C_MemRxCpltCallback
 .text.I2C_IsAcknowledgeFailed
                0x08008402       0x32 ../third_party/libstm32f1_hal.a(stm32f1xx_hal_i2c.c.obj)
 .text.I2C_WaitOnFlagUntilTimeout
                0x08008434       0xaa ../third_party/libstm32f1_hal.a(stm32f1xx_hal_i2c.c.obj)
 .text.I2C_WaitOnMasterAddressFlagUntilTimeout
                0x080084de       0xd6 ../third_party/libstm32f1_hal.a(stm32f1xx_hal_i2c.c.obj)
 .text.I2C_MasterRequestWrite
                0x080085b4       0xb4 ../third_party/libstm32f1_hal.a(stm32f1xx_hal_i2c.c.obj)
 .text.I2C_WaitOnTXEFlagUntilTimeout
                0x08008668       0x5e ../third_party/libstm32f1_hal.a(stm32f1xx_hal_i2c.c.obj)
 *fill*         0x080086c6        0x2 
 .text.I2C_RequestMemoryWrite
                0x080086c8       0xd8 ../third_party/libstm32f1_hal.a(stm32f1xx_hal_i2c.c.obj)
 .text.I2C_RequestMemoryRead
                0x080087a0      0x154 ../third_party/libstm32f1_hal.a(stm32f1xx_hal_i2c.c.obj)
 .text.I2C_WaitOnBTFFlagUntilTimeout
                0x080088f4       0x5e ../third_party/libstm32f1_hal.a(stm32f1xx_hal_i2c.c.obj)
 .text.I2C_WaitOnRXNEFlagUntilTimeout
                0x08008952       0x78 ../third_party/libstm32f1_hal.a(stm32f1xx_hal_i2c.c.obj)
 *fill*         0x080089ca        0x2 
 .text.HAL_I2C_Init
                0x080089cc      0x218 ../third_party/libstm32f1_hal.a(stm32f1xx_hal_i2c.c.obj)
                0x080089cc                HAL_I2C_Init
 .text.HAL_I2C_DeInit
                0x08008be4       0x48 ../third_party/libstm32f1_hal.a(stm32f1xx_hal_i2c.c.obj)
                0x08008be4                HAL_I2C_DeInit
 .text.HAL_I2C_Master_Transmit
                0x08008c2c      0x174 ../third_party/libstm32f1_hal.a(stm32f1xx_hal_i2c.c.obj)
                0x08008c2c                HAL_I2C_Master_Transmit
 .text.HAL_I2C_Mem_Write
                0x08008da0      0x160 ../third_party/libstm32f1_hal.a(stm32f1xx_hal_i2c.c.obj)
                0x08008da0                HAL_I2C_Mem_Write
 .text.HAL_I2C_Mem_Read
                0x08008f00      0x354 ../third_party/libstm32f1_hal.a(stm32f1xx_hal_i2c.c.obj)
                0x08008f00                HAL_I2C_Mem_Read
 .text.HAL_I2C_IsDeviceReady
                0x08009254      0x18c ../third_party/libstm32f1_hal.a(stm32f1xx_hal_i2c.c.obj)
                0x08009254                HAL_I2C_IsDeviceReady
 .text.HAL_TIM_PWM_MspDeInit
                0x080093e0        0x2 ../third_party/libstm32f1_hal.a(stm32f1xx_hal_tim.c.obj)
                0x080093e0                HAL_TIM_PWM_MspDeInit
 .text.HAL_TIM_Encoder_MspDeInit
                0x080093e2        0x2 ../third_party/libstm32f1_hal.a(stm32f1xx_hal_tim.c.obj)
                0x080093e2                HAL_TIM_Encoder_MspDeInit
 .text.HAL_TIM_PeriodElapsedHalfCpltCallback
                0x080093e4        0x2 ../third_party/libstm32f1_hal.a(stm32f1xx_hal_tim.c.obj)
                0x080093e4                HAL_TIM_PeriodElapsedHalfCpltCallback
 .text.HAL_TIM_OC_DelayElapsedCallback
                0x080093e6        0x2 ../third_party/libstm32f1_hal.a(stm32f1xx_hal_tim.c.obj)
                0x080093e6                HAL_TIM_OC_DelayElapsedCallback
 .text.HAL_TIM_IC_CaptureCallback
                0x080093e8        0x2 ../third_party/libstm32f1_hal.a(stm32f1xx_hal_tim.c.obj)
                0x080093e8                HAL_TIM_IC_CaptureCallback
 .text.HAL_TIM_IC_CaptureHalfCpltCallback
                0x080093ea        0x2 ../third_party/libstm32f1_hal.a(stm32f1xx_hal_tim.c.obj)
                0x080093ea                HAL_TIM_IC_CaptureHalfCpltCallback
 .text.HAL_TIM_PWM_PulseFinishedCallback
                0x080093ec        0x2 ../third_party/libstm32f1_hal.a(stm32f1xx_hal_tim.c.obj)
                0x080093ec                HAL_TIM_PWM_PulseFinishedCallback
 .text.HAL_TIM_PWM_PulseFinishedHalfCpltCallback
                0x080093ee        0x2 ../third_party/libstm32f1_hal.a(stm32f1xx_hal_tim.c.obj)
                0x080093ee                HAL_TIM_PWM_PulseFinishedHalfCpltCallback
 .text.HAL_TIM_TriggerCallback
                0x080093f0        0x2 ../third_party/libstm32f1_hal.a(stm32f1xx_hal_tim.c.obj)
                0x080093f0                HAL_TIM_TriggerCallback
 .text.HAL_TIM_TriggerHalfCpltCallback
                0x080093f2        0x2 ../third_party/libstm32f1_hal.a(stm32f1xx_hal_tim.c.obj)
                0x080093f2                HAL_TIM_TriggerHalfCpltCallback
 .text.HAL_TIM_ErrorCallback
                0x080093f4        0x2 ../third_party/libstm32f1_hal.a(stm32f1xx_hal_tim.c.obj)
                0x080093f4                HAL_TIM_ErrorCallback
 *fill*         0x080093f6        0x2 
 .text.TIM_OC1_SetConfig
                0x080093f8       0x58 ../third_party/libstm32f1_hal.a(stm32f1xx_hal_tim.c.obj)
 .text.TIM_OC3_SetConfig
                0x08009450       0x60 ../third_party/libstm32f1_hal.a(stm32f1xx_hal_tim.c.obj)
 .text.TIM_OC4_SetConfig
                0x080094b0       0x48 ../third_party/libstm32f1_hal.a(stm32f1xx_hal_tim.c.obj)
 .text.HAL_TIM_PWM_DeInit
                0x080094f8       0x6c ../third_party/libstm32f1_hal.a(stm32f1xx_hal_tim.c.obj)
                0x080094f8                HAL_TIM_PWM_DeInit
 .text.HAL_TIM_Encoder_DeInit
                0x08009564       0x5c ../third_party/libstm32f1_hal.a(stm32f1xx_hal_tim.c.obj)
                0x08009564                HAL_TIM_Encoder_DeInit
 .text.HAL_TIM_IRQHandler
                0x080095c0      0x178 ../third_party/libstm32f1_hal.a(stm32f1xx_hal_tim.c.obj)
                0x080095c0                HAL_TIM_IRQHandler
 .text.TIM_Base_SetConfig
                0x08009738       0x7c ../third_party/libstm32f1_hal.a(stm32f1xx_hal_tim.c.obj)
                0x08009738                TIM_Base_SetConfig
 .text.TIM_OC2_SetConfig
                0x080097b4       0x60 ../third_party/libstm32f1_hal.a(stm32f1xx_hal_tim.c.obj)
                0x080097b4                TIM_OC2_SetConfig
 .text.HAL_TIM_PWM_ConfigChannel
                0x08009814       0xdc ../third_party/libstm32f1_hal.a(stm32f1xx_hal_tim.c.obj)
                0x08009814                HAL_TIM_PWM_ConfigChannel
 .text.TIM_CCxChannelCmd
                0x080098f0       0x1e ../third_party/libstm32f1_hal.a(stm32f1xx_hal_tim.c.obj)
                0x080098f0                TIM_CCxChannelCmd
 *fill*         0x0800990e        0x2 
 .text.HAL_TIM_PWM_Start
                0x08009910       0xd4 ../third_party/libstm32f1_hal.a(stm32f1xx_hal_tim.c.obj)
                0x08009910                HAL_TIM_PWM_Start
 .text.HAL_TIM_PWM_Stop
                0x080099e4       0x84 ../third_party/libstm32f1_hal.a(stm32f1xx_hal_tim.c.obj)
                0x080099e4                HAL_TIM_PWM_Stop
 .text.HAL_TIM_Encoder_Start
                0x08009a68       0xcc ../third_party/libstm32f1_hal.a(stm32f1xx_hal_tim.c.obj)
                0x08009a68                HAL_TIM_Encoder_Start
 .text.HAL_TIM_Encoder_Stop
                0x08009b34       0x8a ../third_party/libstm32f1_hal.a(stm32f1xx_hal_tim.c.obj)
                0x08009b34                HAL_TIM_Encoder_Stop
 *fill*         0x08009bbe        0x2 
 .text.TIM_ResetCallback
                0x08009bc0       0x84 ../third_party/libstm32f1_hal.a(stm32f1xx_hal_tim.c.obj)
                0x08009bc0                TIM_ResetCallback
 .text.HAL_TIM_PWM_Init
                0x08009c44       0x6c ../third_party/libstm32f1_hal.a(stm32f1xx_hal_tim.c.obj)
                0x08009c44                HAL_TIM_PWM_Init
 .text.HAL_TIM_Encoder_Init
                0x08009cb0       0xcc ../third_party/libstm32f1_hal.a(stm32f1xx_hal_tim.c.obj)
                0x08009cb0                HAL_TIM_Encoder_Init
 .text.HAL_IWDG_Init
                0x08009d7c       0x5c ../third_party/libstm32f1_hal.a(stm32f1xx_hal_iwdg.c.obj)
                0x08009d7c                HAL_IWDG_Init
 .text.HAL_IWDG_Refresh
                0x08009dd8        0xc ../third_party/libstm32f1_hal.a(stm32f1xx_hal_iwdg.c.obj)
                0x08009dd8                HAL_IWDG_Refresh
 .text.mw_log_init
                0x08009de4        0xc ../middleware/mw_log/libmw_log.a(mw_log.c.obj)
                0x08009de4                mw_log_init
 .text.mw_log_write
                0x08009df0       0x90 ../middleware/mw_log/libmw_log.a(mw_log.c.obj)
                0x08009df0                mw_log_write
 .text.pixel_set
                0x08009e80       0x24 app_hmi/libapp_hmi.a(app_hmi.c.obj)
 .text.line_render
                0x08009ea4       0xb8 app_hmi/libapp_hmi.a(app_hmi.c.obj)
 .text.app_hmi_init
                0x08009f5c       0x20 app_hmi/libapp_hmi.a(app_hmi.c.obj)
                0x08009f5c                app_hmi_init
 .text.app_hmi_show
                0x08009f7c       0x58 app_hmi/libapp_hmi.a(app_hmi.c.obj)
                0x08009f7c                app_hmi_show
 .text.Reset_Handler
                0x08009fd4       0x48 ../target/stm32_f103c8t6/libchip_runtime.a(startup_stm32f103xb.s.obj)
                0x08009fd4                Reset_Handler
 .text.Default_Handler
                0x0800a01c        0x2 ../target/stm32_f103c8t6/libchip_runtime.a(startup_stm32f103xb.s.obj)
                0x0800a01c                RTC_Alarm_IRQHandler
                0x0800a01c                DebugMon_Handler
                0x0800a01c                TIM1_CC_IRQHandler
                0x0800a01c                HardFault_Handler
                0x0800a01c                PVD_IRQHandler
                0x0800a01c                NMI_Handler
                0x0800a01c                I2C2_EV_IRQHandler
                0x0800a01c                UsageFault_Handler
                0x0800a01c                ADC1_2_IRQHandler
                0x0800a01c                SPI1_IRQHandler
                0x0800a01c                TAMPER_IRQHandler
                0x0800a01c                RTC_IRQHandler
                0x0800a01c                CAN1_RX1_IRQHandler
                0x0800a01c                I2C1_EV_IRQHandler
                0x0800a01c                RCC_IRQHandler
                0x0800a01c                TIM1_TRG_COM_IRQHandler
                0x0800a01c                DMA1_Channel1_IRQHandler
                0x0800a01c                Default_Handler
                0x0800a01c                SPI2_IRQHandler
                0x0800a01c                MemManage_Handler
                0x0800a01c                USB_LP_CAN1_RX0_IRQHandler
                0x0800a01c                USB_HP_CAN1_TX_IRQHandler
                0x0800a01c                WWDG_IRQHandler
                0x0800a01c                TIM1_BRK_IRQHandler
                0x0800a01c                I2C2_ER_IRQHandler
                0x0800a01c                CAN1_SCE_IRQHandler
                0x0800a01c                FLASH_IRQHandler
                0x0800a01c                BusFault_Handler
                0x0800a01c                I2C1_ER_IRQHandler
                0x0800a01c                USBWakeUp_IRQHandler
 .text.SystemInit
                0x0800a01e        0x2 ../target/stm32_f103c8t6/libchip_runtime.a(system_stm32f1xx.c.obj)
                0x0800a01e                SystemInit
 .text._key_reg_ensure_init
                0x0800a020       0x30 ../dal/libdal.a(dal_key.c.obj)
 .text.dal_registry_find_ops
                0x0800a050       0x26 ../dal/libdal.a(dal_key.c.obj)
 *fill*         0x0800a076        0x2 
 .text._key_dev_is_registered
                0x0800a078       0x48 ../dal/libdal.a(dal_key.c.obj)
 .text.dal_key_register
                0x0800a0c0       0x64 ../dal/libdal.a(dal_key.c.obj)
                0x0800a0c0                dal_key_register
 .text.dal_key_unregister
                0x0800a124       0x58 ../dal/libdal.a(dal_key.c.obj)
                0x0800a124                dal_key_unregister
 .text.dal_key_get_dev
                0x0800a17c       0x38 ../dal/libdal.a(dal_key.c.obj)
                0x0800a17c                dal_key_get_dev
 .text.dal_key_init
                0x0800a1b4       0x44 ../dal/libdal.a(dal_key.c.obj)
                0x0800a1b4                dal_key_init
 .text.dal_key_set_callback
                0x0800a1f8       0x24 ../dal/libdal.a(dal_key.c.obj)
                0x0800a1f8                dal_key_set_callback
 .text.dal_key_set_irq_enable
                0x0800a21c       0x40 ../dal/libdal.a(dal_key.c.obj)
                0x0800a21c                dal_key_set_irq_enable
 .text.dal_key_notify_event
                0x0800a25c       0x20 ../dal/libdal.a(dal_key.c.obj)
                0x0800a25c                dal_key_notify_event
 .text._led_reg_ensure_init
                0x0800a27c       0x30 ../dal/libdal.a(dal_led.c.obj)
 .text.dal_registry_find_ops
                0x0800a2ac       0x26 ../dal/libdal.a(dal_led.c.obj)
 *fill*         0x0800a2d2        0x2 
 .text._led_dev_is_registered
                0x0800a2d4       0x48 ../dal/libdal.a(dal_led.c.obj)
 .text.dal_led_register
                0x0800a31c       0x60 ../dal/libdal.a(dal_led.c.obj)
                0x0800a31c                dal_led_register
 .text.dal_led_unregister
                0x0800a37c       0x44 ../dal/libdal.a(dal_led.c.obj)
                0x0800a37c                dal_led_unregister
 .text.dal_led_get_dev
                0x0800a3c0       0x38 ../dal/libdal.a(dal_led.c.obj)
                0x0800a3c0                dal_led_get_dev
 .text.dal_led_init
                0x0800a3f8       0x44 ../dal/libdal.a(dal_led.c.obj)
                0x0800a3f8                dal_led_init
 .text.dal_led_set_state
                0x0800a43c       0x42 ../dal/libdal.a(dal_led.c.obj)
                0x0800a43c                dal_led_set_state
 .text._motor_safe_stop
                0x0800a47e       0x44 ../dal/libdal.a(dal_motor.c.obj)
 *fill*         0x0800a4c2        0x2 
 .text._motor_reg_ensure_init
                0x0800a4c4       0x30 ../dal/libdal.a(dal_motor.c.obj)
 .text.dal_registry_find_ops
                0x0800a4f4       0x26 ../dal/libdal.a(dal_motor.c.obj)
 *fill*         0x0800a51a        0x2 
 .text._motor_dev_is_registered
                0x0800a51c       0x48 ../dal/libdal.a(dal_motor.c.obj)
 .text.dal_motor_register
                0x0800a564       0x64 ../dal/libdal.a(dal_motor.c.obj)
                0x0800a564                dal_motor_register
 .text.dal_motor_unregister
                0x0800a5c8       0x5c ../dal/libdal.a(dal_motor.c.obj)
                0x0800a5c8                dal_motor_unregister
 .text.dal_motor_get_dev
                0x0800a624       0x38 ../dal/libdal.a(dal_motor.c.obj)
                0x0800a624                dal_motor_get_dev
 .text.dal_motor_init
                0x0800a65c       0x44 ../dal/libdal.a(dal_motor.c.obj)
                0x0800a65c                dal_motor_init
 .text.dal_motor_set_duty
                0x0800a6a0       0x42 ../dal/libdal.a(dal_motor.c.obj)
                0x0800a6a0                dal_motor_set_duty
 .text.dal_motor_stop
                0x0800a6e2        0xa ../dal/libdal.a(dal_motor.c.obj)
                0x0800a6e2                dal_motor_stop
 .text.dal_motor_set_direction
                0x0800a6ec       0x38 ../dal/libdal.a(dal_motor.c.obj)
                0x0800a6ec                dal_motor_set_direction
 .text.dal_motor_enable
                0x0800a724       0x34 ../dal/libdal.a(dal_motor.c.obj)
                0x0800a724                dal_motor_enable
 .text.dal_motor_disable
                0x0800a758       0x34 ../dal/libdal.a(dal_motor.c.obj)
                0x0800a758                dal_motor_disable
 .text.dal_motor_get_state
                0x0800a78c       0x40 ../dal/libdal.a(dal_motor.c.obj)
                0x0800a78c                dal_motor_get_state
 .text.dal_motor_set_fault_callback
                0x0800a7cc       0x24 ../dal/libdal.a(dal_motor.c.obj)
                0x0800a7cc                dal_motor_set_fault_callback
 .text.dal_motor_set_fault_irq_enable
                0x0800a7f0       0x38 ../dal/libdal.a(dal_motor.c.obj)
                0x0800a7f0                dal_motor_set_fault_irq_enable
 .text._enc_reg_ensure_init
                0x0800a828       0x30 ../dal/libdal.a(dal_encoder.c.obj)
 .text.dal_registry_find_ops
                0x0800a858       0x26 ../dal/libdal.a(dal_encoder.c.obj)
 *fill*         0x0800a87e        0x2 
 .text._enc_dev_is_registered
                0x0800a880       0x48 ../dal/libdal.a(dal_encoder.c.obj)
 .text.dal_encoder_register
                0x0800a8c8       0x64 ../dal/libdal.a(dal_encoder.c.obj)
                0x0800a8c8                dal_encoder_register
 .text.dal_encoder_unregister
                0x0800a92c       0x54 ../dal/libdal.a(dal_encoder.c.obj)
                0x0800a92c                dal_encoder_unregister
 .text.dal_encoder_get_dev
                0x0800a980       0x38 ../dal/libdal.a(dal_encoder.c.obj)
                0x0800a980                dal_encoder_get_dev
 .text.dal_encoder_init
                0x0800a9b8       0x44 ../dal/libdal.a(dal_encoder.c.obj)
                0x0800a9b8                dal_encoder_init
 .text.dal_encoder_get_velocity
                0x0800a9fc       0x40 ../dal/libdal.a(dal_encoder.c.obj)
                0x0800a9fc                dal_encoder_get_velocity
 .text._disp_reg_ensure_init
                0x0800aa3c       0x30 ../dal/libdal.a(dal_display.c.obj)
 .text.dal_registry_find_ops
                0x0800aa6c       0x26 ../dal/libdal.a(dal_display.c.obj)
 *fill*         0x0800aa92        0x2 
 .text._disp_dev_is_registered
                0x0800aa94       0x48 ../dal/libdal.a(dal_display.c.obj)
 .text.dal_display_register
                0x0800aadc       0x64 ../dal/libdal.a(dal_display.c.obj)
                0x0800aadc                dal_display_register
 .text.dal_display_unregister
                0x0800ab40       0x54 ../dal/libdal.a(dal_display.c.obj)
                0x0800ab40                dal_display_unregister
 .text.dal_display_get_dev
                0x0800ab94       0x38 ../dal/libdal.a(dal_display.c.obj)
                0x0800ab94                dal_display_get_dev
 .text.dal_display_init
                0x0800abcc       0x44 ../dal/libdal.a(dal_display.c.obj)
                0x0800abcc                dal_display_init
 .text.dal_display_draw
                0x0800ac10       0x62 ../dal/libdal.a(dal_display.c.obj)
                0x0800ac10                dal_display_draw
 .text.dal_display_flush_async
                0x0800ac72       0x34 ../dal/libdal.a(dal_display.c.obj)
                0x0800ac72                dal_display_flush_async
 *fill*         0x0800aca6        0x2 
 .text._imu_reg_ensure_init
                0x0800aca8       0x30 ../dal/libdal.a(dal_imu.c.obj)
 .text.dal_registry_find_ops
                0x0800acd8       0x26 ../dal/libdal.a(dal_imu.c.obj)
 *fill*         0x0800acfe        0x2 
 .text._imu_dev_is_registered
                0x0800ad00       0x48 ../dal/libdal.a(dal_imu.c.obj)
 .text.dal_imu_register
                0x0800ad48       0x64 ../dal/libdal.a(dal_imu.c.obj)
                0x0800ad48                dal_imu_register
 .text.dal_imu_unregister
                0x0800adac       0x54 ../dal/libdal.a(dal_imu.c.obj)
                0x0800adac                dal_imu_unregister
 .text.dal_imu_get_dev
                0x0800ae00       0x38 ../dal/libdal.a(dal_imu.c.obj)
                0x0800ae00                dal_imu_get_dev
 .text.dal_imu_init
                0x0800ae38       0x44 ../dal/libdal.a(dal_imu.c.obj)
                0x0800ae38                dal_imu_init
 .text.dal_imu_read
                0x0800ae7c       0x40 ../dal/libdal.a(dal_imu.c.obj)
                0x0800ae7c                dal_imu_read
 .text.dal_imu_set_odr
                0x0800aebc       0x3c ../dal/libdal.a(dal_imu.c.obj)
                0x0800aebc                dal_imu_set_odr
 .text.dal_imu_set_calibration
                0x0800aef8       0x38 ../dal/libdal.a(dal_imu.c.obj)
                0x0800aef8                dal_imu_set_calibration
 .text._wifi_reg_ensure_init
                0x0800af30       0x30 ../dal/libdal.a(dal_wifi.c.obj)
 .text.dal_registry_find_ops
                0x0800af60       0x26 ../dal/libdal.a(dal_wifi.c.obj)
 *fill*         0x0800af86        0x2 
 .text._wifi_dev_is_registered
                0x0800af88       0x48 ../dal/libdal.a(dal_wifi.c.obj)
 .text.dal_wifi_register
                0x0800afd0       0x74 ../dal/libdal.a(dal_wifi.c.obj)
                0x0800afd0                dal_wifi_register
 .text.dal_wifi_unregister
                0x0800b044       0x60 ../dal/libdal.a(dal_wifi.c.obj)
                0x0800b044                dal_wifi_unregister
 .text.dal_wifi_get_dev
                0x0800b0a4       0x38 ../dal/libdal.a(dal_wifi.c.obj)
                0x0800b0a4                dal_wifi_get_dev
 .text.dal_wifi_init
                0x0800b0dc       0x44 ../dal/libdal.a(dal_wifi.c.obj)
                0x0800b0dc                dal_wifi_init
 .text.dal_wifi_sta_connect
                0x0800b120       0x40 ../dal/libdal.a(dal_wifi.c.obj)
                0x0800b120                dal_wifi_sta_connect
 .text.dal_wifi_transmit
                0x0800b160       0x60 ../dal/libdal.a(dal_wifi.c.obj)
                0x0800b160                dal_wifi_transmit
 .text.dal_wifi_register_rx_callback
                0x0800b1c0       0x40 ../dal/libdal.a(dal_wifi.c.obj)
                0x0800b1c0                dal_wifi_register_rx_callback
 .text.dal_wifi_notify_event
                0x0800b200       0x24 ../dal/libdal.a(dal_wifi.c.obj)
                0x0800b200                dal_wifi_notify_event
 .text.dal_registry_init
                0x0800b224       0x48 ../dal/libdal.a(dal_registry.c.obj)
                0x0800b224                dal_registry_init
 .text.dal_registry_register
                0x0800b26c       0x9c ../dal/libdal.a(dal_registry.c.obj)
                0x0800b26c                dal_registry_register
 .text.dal_registry_unregister
                0x0800b308       0x6e ../dal/libdal.a(dal_registry.c.obj)
                0x0800b308                dal_registry_unregister
 .text.dal_registry_find
                0x0800b376       0x8a ../dal/libdal.a(dal_registry.c.obj)
                0x0800b376                dal_registry_find
 .text.prvResetNextTaskUnblockTime
                0x0800b400       0x28 ../third_party/libfreertos_kernel.a(tasks.c.obj)
 .text.prvInitialiseNewTask
                0x0800b428       0xbc ../third_party/libfreertos_kernel.a(tasks.c.obj)
 .text.prvCreateStaticTask
                0x0800b4e4       0x90 ../third_party/libfreertos_kernel.a(tasks.c.obj)
 .text.prvInitialiseTaskLists
                0x0800b574       0x68 ../third_party/libfreertos_kernel.a(tasks.c.obj)
 .text.prvAddNewTaskToReadyList
                0x0800b5dc       0xcc ../third_party/libfreertos_kernel.a(tasks.c.obj)
 .text.prvCreateTask
                0x0800b6a8       0x5c ../third_party/libfreertos_kernel.a(tasks.c.obj)
 .text.prvDeleteTCB
                0x0800b704       0x38 ../third_party/libfreertos_kernel.a(tasks.c.obj)
 .text.prvCheckTasksWaitingTermination
                0x0800b73c       0x4c ../third_party/libfreertos_kernel.a(tasks.c.obj)
 .text.prvIdleTask
                0x0800b788       0x28 ../third_party/libfreertos_kernel.a(tasks.c.obj)
 .text.prvAddCurrentTaskToDelayedList
                0x0800b7b0       0xbc ../third_party/libfreertos_kernel.a(tasks.c.obj)
 .text.xTaskCreateStatic
                0x0800b86c       0x28 ../third_party/libfreertos_kernel.a(tasks.c.obj)
                0x0800b86c                xTaskCreateStatic
 .text.prvCreateIdleTasks
                0x0800b894       0x7c ../third_party/libfreertos_kernel.a(tasks.c.obj)
 .text.xTaskCreate
                0x0800b910       0x2c ../third_party/libfreertos_kernel.a(tasks.c.obj)
                0x0800b910                xTaskCreate
 .text.vTaskDelete
                0x0800b93c      0x104 ../third_party/libfreertos_kernel.a(tasks.c.obj)
                0x0800b93c                vTaskDelete
 .text.vTaskStartScheduler
                0x0800ba40       0x64 ../third_party/libfreertos_kernel.a(tasks.c.obj)
                0x0800ba40                vTaskStartScheduler
 .text.vTaskSuspendAll
                0x0800baa4       0x10 ../third_party/libfreertos_kernel.a(tasks.c.obj)
                0x0800baa4                vTaskSuspendAll
 .text.xTaskGetTickCount
                0x0800bab4        0xc ../third_party/libfreertos_kernel.a(tasks.c.obj)
                0x0800bab4                xTaskGetTickCount
 .text.xTaskGetTickCountFromISR
                0x0800bac0       0x10 ../third_party/libfreertos_kernel.a(tasks.c.obj)
                0x0800bac0                xTaskGetTickCountFromISR
 .text.uxTaskGetNumberOfTasks
                0x0800bad0        0xc ../third_party/libfreertos_kernel.a(tasks.c.obj)
                0x0800bad0                uxTaskGetNumberOfTasks
 .text.xTaskIncrementTick
                0x0800badc      0x184 ../third_party/libfreertos_kernel.a(tasks.c.obj)
                0x0800badc                xTaskIncrementTick
 .text.xTaskResumeAll
                0x0800bc60      0x158 ../third_party/libfreertos_kernel.a(tasks.c.obj)
                0x0800bc60                xTaskResumeAll
 .text.xTaskDelayUntil
                0x0800bdb8       0xb0 ../third_party/libfreertos_kernel.a(tasks.c.obj)
                0x0800bdb8                xTaskDelayUntil
 .text.vTaskDelay
                0x0800be68       0x50 ../third_party/libfreertos_kernel.a(tasks.c.obj)
                0x0800be68                vTaskDelay
 .text.vTaskSwitchContext
                0x0800beb8       0xdc ../third_party/libfreertos_kernel.a(tasks.c.obj)
                0x0800beb8                vTaskSwitchContext
 .text.vTaskPlaceOnEventList
                0x0800bf94       0x30 ../third_party/libfreertos_kernel.a(tasks.c.obj)
                0x0800bf94                vTaskPlaceOnEventList
 .text.xTaskRemoveFromEventList
                0x0800bfc4       0xf8 ../third_party/libfreertos_kernel.a(tasks.c.obj)
                0x0800bfc4                xTaskRemoveFromEventList
 .text.vTaskInternalSetTimeOutState
                0x0800c0bc       0x18 ../third_party/libfreertos_kernel.a(tasks.c.obj)
                0x0800c0bc                vTaskInternalSetTimeOutState
 .text.xTaskCheckForTimeOut
                0x0800c0d4       0x8c ../third_party/libfreertos_kernel.a(tasks.c.obj)
                0x0800c0d4                xTaskCheckForTimeOut
 .text.vTaskMissedYield
                0x0800c160        0xc ../third_party/libfreertos_kernel.a(tasks.c.obj)
                0x0800c160                vTaskMissedYield
 .text.xTaskGetSchedulerState
                0x0800c16c       0x20 ../third_party/libfreertos_kernel.a(tasks.c.obj)
                0x0800c16c                xTaskGetSchedulerState
 .text.xTaskPriorityInherit
                0x0800c18c       0xc8 ../third_party/libfreertos_kernel.a(tasks.c.obj)
                0x0800c18c                xTaskPriorityInherit
 .text.xTaskPriorityDisinherit
                0x0800c254       0xc8 ../third_party/libfreertos_kernel.a(tasks.c.obj)
                0x0800c254                xTaskPriorityDisinherit
 .text.vTaskPriorityDisinheritAfterTimeout
                0x0800c31c       0xd0 ../third_party/libfreertos_kernel.a(tasks.c.obj)
                0x0800c31c                vTaskPriorityDisinheritAfterTimeout
 .text.pvTaskIncrementMutexHeldCount
                0x0800c3ec       0x14 ../third_party/libfreertos_kernel.a(tasks.c.obj)
                0x0800c3ec                pvTaskIncrementMutexHeldCount
 .text.prvGetHighestPriorityOfWaitToReceiveList
                0x0800c400       0x10 ../third_party/libfreertos_kernel.a(queue.c.obj)
 .text.prvIsQueueFull
                0x0800c410       0x1e ../third_party/libfreertos_kernel.a(queue.c.obj)
 .text.prvIsQueueEmpty
                0x0800c42e       0x1a ../third_party/libfreertos_kernel.a(queue.c.obj)
 .text.prvCopyDataToQueue
                0x0800c448       0x76 ../third_party/libfreertos_kernel.a(queue.c.obj)
 .text.prvCopyDataFromQueue
                0x0800c4be       0x24 ../third_party/libfreertos_kernel.a(queue.c.obj)
 .text.prvUnlockQueue
                0x0800c4e2       0x6e ../third_party/libfreertos_kernel.a(queue.c.obj)
 .text.xQueueGenericReset
                0x0800c550       0xaa ../third_party/libfreertos_kernel.a(queue.c.obj)
                0x0800c550                xQueueGenericReset
 .text.prvInitialiseNewQueue
                0x0800c5fa       0x1c ../third_party/libfreertos_kernel.a(queue.c.obj)
 .text.xQueueGenericCreateStatic
                0x0800c616       0x6a ../third_party/libfreertos_kernel.a(queue.c.obj)
                0x0800c616                xQueueGenericCreateStatic
 .text.xQueueGenericCreate
                0x0800c680       0x5c ../third_party/libfreertos_kernel.a(queue.c.obj)
                0x0800c680                xQueueGenericCreate
 .text.xQueueGenericSend
                0x0800c6dc      0x188 ../third_party/libfreertos_kernel.a(queue.c.obj)
                0x0800c6dc                xQueueGenericSend
 .text.prvInitialiseMutex
                0x0800c864       0x18 ../third_party/libfreertos_kernel.a(queue.c.obj)
 .text.xQueueCreateMutex
                0x0800c87c       0x16 ../third_party/libfreertos_kernel.a(queue.c.obj)
                0x0800c87c                xQueueCreateMutex
 .text.xQueueCreateMutexStatic
                0x0800c892       0x1e ../third_party/libfreertos_kernel.a(queue.c.obj)
                0x0800c892                xQueueCreateMutexStatic
 .text.xQueueGenericSendFromISR
                0x0800c8b0       0xe0 ../third_party/libfreertos_kernel.a(queue.c.obj)
                0x0800c8b0                xQueueGenericSendFromISR
 .text.xQueueGiveFromISR
                0x0800c990       0xc2 ../third_party/libfreertos_kernel.a(queue.c.obj)
                0x0800c990                xQueueGiveFromISR
 .text.xQueueReceive
                0x0800ca52      0x15e ../third_party/libfreertos_kernel.a(queue.c.obj)
                0x0800ca52                xQueueReceive
 .text.xQueueSemaphoreTake
                0x0800cbb0      0x192 ../third_party/libfreertos_kernel.a(queue.c.obj)
                0x0800cbb0                xQueueSemaphoreTake
 .text.vQueueDelete
                0x0800cd42       0x50 ../third_party/libfreertos_kernel.a(queue.c.obj)
                0x0800cd42                vQueueDelete
 .text.vListInitialise
                0x0800cd92       0x16 ../third_party/libfreertos_kernel.a(list.c.obj)
                0x0800cd92                vListInitialise
 .text.vListInitialiseItem
                0x0800cda8        0x6 ../third_party/libfreertos_kernel.a(list.c.obj)
                0x0800cda8                vListInitialiseItem
 .text.vListInsertEnd
                0x0800cdae       0x16 ../third_party/libfreertos_kernel.a(list.c.obj)
                0x0800cdae                vListInsertEnd
 .text.vListInsert
                0x0800cdc4       0x32 ../third_party/libfreertos_kernel.a(list.c.obj)
                0x0800cdc4                vListInsert
 .text.uxListRemove
                0x0800cdf6       0x24 ../third_party/libfreertos_kernel.a(list.c.obj)
                0x0800cdf6                uxListRemove
 *fill*         0x0800ce1a        0x2 
 .text.prvTaskExitError
                0x0800ce1c       0x40 ../third_party/libfreertos_kernel.a(port.c.obj)
 .text.SVC_Handler
                0x0800ce5c       0x24 ../third_party/libfreertos_kernel.a(port.c.obj)
                0x0800ce5c                SVC_Handler
 .text.prvPortStartFirstTask
                0x0800ce80       0x20 ../third_party/libfreertos_kernel.a(port.c.obj)
 .text.PendSV_Handler
                0x0800cea0       0x44 ../third_party/libfreertos_kernel.a(port.c.obj)
                0x0800cea0                PendSV_Handler
 .text.pxPortInitialiseStack
                0x0800cee4       0x24 ../third_party/libfreertos_kernel.a(port.c.obj)
                0x0800cee4                pxPortInitialiseStack
 .text.vPortEnterCritical
                0x0800cf08       0x44 ../third_party/libfreertos_kernel.a(port.c.obj)
                0x0800cf08                vPortEnterCritical
 .text.vPortExitCritical
                0x0800cf4c       0x2c ../third_party/libfreertos_kernel.a(port.c.obj)
                0x0800cf4c                vPortExitCritical
 .text.SysTick_Handler
                0x0800cf78       0x2c ../third_party/libfreertos_kernel.a(port.c.obj)
                0x0800cf78                SysTick_Handler
 .text.vPortSetupTimerInterrupt
                0x0800cfa4       0x18 ../third_party/libfreertos_kernel.a(port.c.obj)
                0x0800cfa4                vPortSetupTimerInterrupt
 .text.xPortStartScheduler
                0x0800cfbc      0x138 ../third_party/libfreertos_kernel.a(port.c.obj)
                0x0800cfbc                xPortStartScheduler
 .text.vPortValidateInterruptPriority
                0x0800d0f4       0x5c ../third_party/libfreertos_kernel.a(port.c.obj)
                0x0800d0f4                vPortValidateInterruptPriority
 .text.prvHeapInit
                0x0800d150       0x58 ../third_party/libfreertos_kernel.a(heap_4.c.obj)
 .text.prvInsertBlockIntoFreeList
                0x0800d1a8       0x84 ../third_party/libfreertos_kernel.a(heap_4.c.obj)
 .text.pvPortMalloc
                0x0800d22c      0x19c ../third_party/libfreertos_kernel.a(heap_4.c.obj)
                0x0800d22c                pvPortMalloc
 .text.vPortFree
                0x0800d3c8       0x98 ../third_party/libfreertos_kernel.a(heap_4.c.obj)
                0x0800d3c8                vPortFree
 .text.q30_sat_add
                0x0800d460       0x2a ../middleware/mw_pid/libmw_pid.a(mw_pid.c.obj)
 .text.mw_pid_reset
                0x0800d48a        0xa ../middleware/mw_pid/libmw_pid.a(mw_pid.c.obj)
                0x0800d48a                mw_pid_reset
 .text.mw_pid_init
                0x0800d494       0x64 ../middleware/mw_pid/libmw_pid.a(mw_pid.c.obj)
                0x0800d494                mw_pid_init
 .text.mw_pid_update
                0x0800d4f8      0x1f4 ../middleware/mw_pid/libmw_pid.a(mw_pid.c.obj)
                0x0800d4f8                mw_pid_update
 .text.mw_math_atan2_mdg
                0x0800d6ec      0x110 ../middleware/mw_common/libmw_common.a(mw_common.c.obj)
                0x0800d6ec                mw_math_atan2_mdg
 .text.__udivmoddi4
                0x0800d7fc      0x2f4 /opt/xpack-gcc/bin/../lib/gcc/arm-none-eabi/14.2.1/thumb/v7-m/nofp/libgcc.a(_udivmoddi4.o)
                0x0800d7fc                __udivmoddi4
 .text.snprintf
                0x0800daf0       0x6c /opt/xpack-gcc/bin/../lib/gcc/arm-none-eabi/14.2.1/../../../../arm-none-eabi/lib/thumb/v7-m/nofp/libg_nano.a(libc_a-snprintf.o)
                0x0800daf0                snprintf
                0x0800daf0                sniprintf
 .text.sscanf   0x0800db5c       0x58 /opt/xpack-gcc/bin/../lib/gcc/arm-none-eabi/14.2.1/../../../../arm-none-eabi/lib/thumb/v7-m/nofp/libg_nano.a(libc_a-sscanf.o)
                0x0800db5c                sscanf
                0x0800db5c                siscanf
 .text.__seofread
                0x0800dbb4        0x4 /opt/xpack-gcc/bin/../lib/gcc/arm-none-eabi/14.2.1/../../../../arm-none-eabi/lib/thumb/v7-m/nofp/libg_nano.a(libc_a-stdio.o)
                0x0800dbb4                __seofread
 .text._vsnprintf_r
                0x0800dbb8       0x5c /opt/xpack-gcc/bin/../lib/gcc/arm-none-eabi/14.2.1/../../../../arm-none-eabi/lib/thumb/v7-m/nofp/libg_nano.a(libc_a-vsnprintf.o)
                0x0800dbb8                _vsnprintf_r
                0x0800dbb8                _vsniprintf_r
 .text.vsnprintf
                0x0800dc14       0x1c /opt/xpack-gcc/bin/../lib/gcc/arm-none-eabi/14.2.1/../../../../arm-none-eabi/lib/thumb/v7-m/nofp/libg_nano.a(libc_a-vsnprintf.o)
                0x0800dc14                vsnprintf
                0x0800dc14                vsniprintf
 .text.memset   0x0800dc30       0x10 /opt/xpack-gcc/bin/../lib/gcc/arm-none-eabi/14.2.1/../../../../arm-none-eabi/lib/thumb/v7-m/nofp/libg_nano.a(libc_a-memset.o)
                0x0800dc30                memset
 .text.strchr   0x0800dc40       0x1a /opt/xpack-gcc/bin/../lib/gcc/arm-none-eabi/14.2.1/../../../../arm-none-eabi/lib/thumb/v7-m/nofp/libg_nano.a(libc_a-strchr.o)
                0x0800dc40                strchr
 .text.strncmp  0x0800dc5a       0x24 /opt/xpack-gcc/bin/../lib/gcc/arm-none-eabi/14.2.1/../../../../arm-none-eabi/lib/thumb/v7-m/nofp/libg_nano.a(libc_a-strncmp.o)
                0x0800dc5a                strncmp
 .text.strncpy  0x0800dc7e       0x26 /opt/xpack-gcc/bin/../lib/gcc/arm-none-eabi/14.2.1/../../../../arm-none-eabi/lib/thumb/v7-m/nofp/libg_nano.a(libc_a-strncpy.o)
                0x0800dc7e                strncpy
 .text.strrchr  0x0800dca4       0x2c /opt/xpack-gcc/bin/../lib/gcc/arm-none-eabi/14.2.1/../../../../arm-none-eabi/lib/thumb/v7-m/nofp/libg_nano.a(libc_a-strrchr.o)
                0x0800dca4                strrchr
 .text.strstr   0x0800dcd0       0x2c /opt/xpack-gcc/bin/../lib/gcc/arm-none-eabi/14.2.1/../../../../arm-none-eabi/lib/thumb/v7-m/nofp/libg_nano.a(libc_a-strstr.o)
                0x0800dcd0                strstr
 .text.__libc_init_array
                0x0800dcfc       0x48 /opt/xpack-gcc/bin/../lib/gcc/arm-none-eabi/14.2.1/../../../../arm-none-eabi/lib/thumb/v7-m/nofp/libg_nano.a(libc_a-init.o)
                0x0800dcfc                __libc_init_array
 .text.__retarget_lock_acquire_recursive
                0x0800dd44        0x2 /opt/xpack-gcc/bin/../lib/gcc/arm-none-eabi/14.2.1/../../../../arm-none-eabi/lib/thumb/v7-m/nofp/libg_nano.a(libc_a-lock.o)
                0x0800dd44                __retarget_lock_acquire_recursive
 .text.__retarget_lock_release_recursive
                0x0800dd46        0x2 /opt/xpack-gcc/bin/../lib/gcc/arm-none-eabi/14.2.1/../../../../arm-none-eabi/lib/thumb/v7-m/nofp/libg_nano.a(libc_a-lock.o)
                0x0800dd46                __retarget_lock_release_recursive
 .text.strcpy   0x0800dd48       0x10 /opt/xpack-gcc/bin/../lib/gcc/arm-none-eabi/14.2.1/../../../../arm-none-eabi/lib/thumb/v7-m/nofp/libg_nano.a(libc_a-strcpy.o)
                0x0800dd48                strcpy
 .text.memcpy   0x0800dd58       0x1c /opt/xpack-gcc/bin/../lib/gcc/arm-none-eabi/14.2.1/../../../../arm-none-eabi/lib/thumb/v7-m/nofp/libg_nano.a(libc_a-memcpy-stub.o)
                0x0800dd58                memcpy
 .text._free_r  0x0800dd74       0x90 /opt/xpack-gcc/bin/../lib/gcc/arm-none-eabi/14.2.1/../../../../arm-none-eabi/lib/thumb/v7-m/nofp/libg_nano.a(libc_a-freer.o)
                0x0800dd74                _free_r
 .text.sbrk_aligned
                0x0800de04       0x44 /opt/xpack-gcc/bin/../lib/gcc/arm-none-eabi/14.2.1/../../../../arm-none-eabi/lib/thumb/v7-m/nofp/libg_nano.a(libc_a-mallocr.o)
 .text._malloc_r
                0x0800de48      0x100 /opt/xpack-gcc/bin/../lib/gcc/arm-none-eabi/14.2.1/../../../../arm-none-eabi/lib/thumb/v7-m/nofp/libg_nano.a(libc_a-mallocr.o)
                0x0800de48                _malloc_r
 .text.__malloc_lock
                0x0800df48        0xc /opt/xpack-gcc/bin/../lib/gcc/arm-none-eabi/14.2.1/../../../../arm-none-eabi/lib/thumb/v7-m/nofp/libg_nano.a(libc_a-mlock.o)
                0x0800df48                __malloc_lock
 .text.__malloc_unlock
                0x0800df54        0xc /opt/xpack-gcc/bin/../lib/gcc/arm-none-eabi/14.2.1/../../../../arm-none-eabi/lib/thumb/v7-m/nofp/libg_nano.a(libc_a-mlock.o)
                0x0800df54                __malloc_unlock
 .text.__ssputs_r
                0x0800df60       0xc0 /opt/xpack-gcc/bin/../lib/gcc/arm-none-eabi/14.2.1/../../../../arm-none-eabi/lib/thumb/v7-m/nofp/libg_nano.a(libc_a-nano-svfprintf.o)
                0x0800df60                __ssputs_r
 .text._svfprintf_r
                0x0800e020      0x1f8 /opt/xpack-gcc/bin/../lib/gcc/arm-none-eabi/14.2.1/../../../../arm-none-eabi/lib/thumb/v7-m/nofp/libg_nano.a(libc_a-nano-svfprintf.o)
                0x0800e020                _svfprintf_r
                0x0800e020                _svfiprintf_r
 .text._sungetc_r
                0x0800e218       0x7a /opt/xpack-gcc/bin/../lib/gcc/arm-none-eabi/14.2.1/../../../../arm-none-eabi/lib/thumb/v7-m/nofp/libg_nano.a(libc_a-nano-svfscanf.o)
                0x0800e218                _sungetc_r
 .text.__ssrefill_r
                0x0800e292       0x3a /opt/xpack-gcc/bin/../lib/gcc/arm-none-eabi/14.2.1/../../../../arm-none-eabi/lib/thumb/v7-m/nofp/libg_nano.a(libc_a-nano-svfscanf.o)
                0x0800e292                __ssrefill_r
 .text.__ssvfscanf_r
                0x0800e2cc      0x2fc /opt/xpack-gcc/bin/../lib/gcc/arm-none-eabi/14.2.1/../../../../arm-none-eabi/lib/thumb/v7-m/nofp/libg_nano.a(libc_a-nano-svfscanf.o)
                0x0800e2cc                __ssvfscanf_r
                0x0800e2cc                __ssvfiscanf_r
 .text._printf_common
                0x0800e5c8       0xe4 /opt/xpack-gcc/bin/../lib/gcc/arm-none-eabi/14.2.1/../../../../arm-none-eabi/lib/thumb/v7-m/nofp/libg_nano.a(libc_a-nano-vfprintf_i.o)
                0x0800e5c8                _printf_common
 .text._printf_i
                0x0800e6ac      0x240 /opt/xpack-gcc/bin/../lib/gcc/arm-none-eabi/14.2.1/../../../../arm-none-eabi/lib/thumb/v7-m/nofp/libg_nano.a(libc_a-nano-vfprintf_i.o)