Archive member included to satisfy reference by file (symbol)

../bsp/libbsp.a(board_v1.c.obj)
                              CMakeFiles/stm32f103_test.elf.dir/main.c.obj (bsp_init)
../target/stm32_f103c8t6/libchip_runtime.a(startup_stm32f103xb.s.obj)
                              (Reset_Handler)
../target/stm32_f103c8t6/libchip_runtime.a(system_stm32f1xx.c.obj)
                              ../target/stm32_f103c8t6/libchip_runtime.a(startup_stm32f103xb.s.obj) (SystemInit)
../third_party/libfreertos_kernel.a(tasks.c.obj)
                              CMakeFiles/stm32f103_test.elf.dir/main.c.obj (vTaskStartScheduler)
../third_party/libfreertos_kernel.a(list.c.obj)
                              ../third_party/libfreertos_kernel.a(tasks.c.obj) (vListInitialise)
../third_party/libfreertos_kernel.a(port.c.obj)
                              ../third_party/libfreertos_kernel.a(tasks.c.obj) (pxPortInitialiseStack)
../third_party/libfreertos_kernel.a(heap_4.c.obj)
                              ../third_party/libfreertos_kernel.a(tasks.c.obj) (pvPortMalloc)
../third_party/libstm32f1_hal.a(stm32f1xx_hal.c.obj)
                              ../bsp/libbsp.a(board_v1.c.obj) (HAL_Init)
../third_party/libstm32f1_hal.a(stm32f1xx_hal_cortex.c.obj)
                              ../third_party/libstm32f1_hal.a(stm32f1xx_hal.c.obj) (HAL_NVIC_SetPriorityGrouping)
/opt/xpack-gcc/bin/../lib/gcc/arm-none-eabi/14.2.1/../../../../arm-none-eabi/lib/thumb/v7-m/nofp/libg_nano.a(libc_a-atexit.o)
                              /opt/xpack-gcc/bin/../lib/gcc/arm-none-eabi/14.2.1/../../../../arm-none-eabi/lib/thumb/v7-m/nofp/crt0.o (atexit)
/opt/xpack-gcc/bin/../lib/gcc/arm-none-eabi/14.2.1/../../../../arm-none-eabi/lib/thumb/v7-m/nofp/libg_nano.a(libc_a-exit.o)
                              /opt/xpack-gcc/bin/../lib/gcc/arm-none-eabi/14.2.1/../../../../arm-none-eabi/lib/thumb/v7-m/nofp/crt0.o (exit)
/opt/xpack-gcc/bin/../lib/gcc/arm-none-eabi/14.2.1/../../../../arm-none-eabi/lib/thumb/v7-m/nofp/libg_nano.a(libc_a-findfp.o)
                              /opt/xpack-gcc/bin/../lib/gcc/arm-none-eabi/14.2.1/../../../../arm-none-eabi/lib/thumb/v7-m/nofp/libg_nano.a(libc_a-exit.o) (__stdio_exit_handler)
/opt/xpack-gcc/bin/../lib/gcc/arm-none-eabi/14.2.1/../../../../arm-none-eabi/lib/thumb/v7-m/nofp/libg_nano.a(libc_a-fwalk.o)
                              /opt/xpack-gcc/bin/../lib/gcc/arm-none-eabi/14.2.1/../../../../arm-none-eabi/lib/thumb/v7-m/nofp/libg_nano.a(libc_a-findfp.o) (_fwalk_sglue)
/opt/xpack-gcc/bin/../lib/gcc/arm-none-eabi/14.2.1/../../../../arm-none-eabi/lib/thumb/v7-m/nofp/libg_nano.a(libc_a-stdio.o)
                              /opt/xpack-gcc/bin/../lib/gcc/arm-none-eabi/14.2.1/../../../../arm-none-eabi/lib/thumb/v7-m/nofp/libg_nano.a(libc_a-findfp.o) (__sread)
/opt/xpack-gcc/bin/../lib/gcc/arm-none-eabi/14.2.1/../../../../arm-none-eabi/lib/thumb/v7-m/nofp/libg_nano.a(libc_a-memset.o)
                              /opt/xpack-gcc/bin/../lib/gcc/arm-none-eabi/14.2.1/../../../../arm-none-eabi/lib/thumb/v7-m/nofp/crt0.o (memset)
/opt/xpack-gcc/bin/../lib/gcc/arm-none-eabi/14.2.1/../../../../arm-none-eabi/lib/thumb/v7-m/nofp/libg_nano.a(libc_a-closer.o)
                              /opt/xpack-gcc/bin/../lib/gcc/arm-none-eabi/14.2.1/../../../../arm-none-eabi/lib/thumb/v7-m/nofp/libg_nano.a(libc_a-stdio.o) (_close_r)
/opt/xpack-gcc/bin/../lib/gcc/arm-none-eabi/14.2.1/../../../../arm-none-eabi/lib/thumb/v7-m/nofp/libg_nano.a(libc_a-reent.o)
                              /opt/xpack-gcc/bin/../lib/gcc/arm-none-eabi/14.2.1/../../../../arm-none-eabi/lib/thumb/v7-m/nofp/libg_nano.a(libc_a-closer.o) (errno)
/opt/xpack-gcc/bin/../lib/gcc/arm-none-eabi/14.2.1/../../../../arm-none-eabi/lib/thumb/v7-m/nofp/libg_nano.a(libc_a-impure.o)
                              /opt/xpack-gcc/bin/../lib/gcc/arm-none-eabi/14.2.1/../../../../arm-none-eabi/lib/thumb/v7-m/nofp/libg_nano.a(libc_a-reent.o) (_impure_ptr)
/opt/xpack-gcc/bin/../lib/gcc/arm-none-eabi/14.2.1/../../../../arm-none-eabi/lib/thumb/v7-m/nofp/libg_nano.a(libc_a-lseekr.o)
                              /opt/xpack-gcc/bin/../lib/gcc/arm-none-eabi/14.2.1/../../../../arm-none-eabi/lib/thumb/v7-m/nofp/libg_nano.a(libc_a-stdio.o) (_lseek_r)
/opt/xpack-gcc/bin/../lib/gcc/arm-none-eabi/14.2.1/../../../../arm-none-eabi/lib/thumb/v7-m/nofp/libg_nano.a(libc_a-readr.o)
                              /opt/xpack-gcc/bin/../lib/gcc/arm-none-eabi/14.2.1/../../../../arm-none-eabi/lib/thumb/v7-m/nofp/libg_nano.a(libc_a-stdio.o) (_read_r)
/opt/xpack-gcc/bin/../lib/gcc/arm-none-eabi/14.2.1/../../../../arm-none-eabi/lib/thumb/v7-m/nofp/libg_nano.a(libc_a-writer.o)
                              /opt/xpack-gcc/bin/../lib/gcc/arm-none-eabi/14.2.1/../../../../arm-none-eabi/lib/thumb/v7-m/nofp/libg_nano.a(libc_a-stdio.o) (_write_r)
/opt/xpack-gcc/bin/../lib/gcc/arm-none-eabi/14.2.1/../../../../arm-none-eabi/lib/thumb/v7-m/nofp/libg_nano.a(libc_a-init.o)
[...]
Memory Configuration

Name             Origin             Length             Attributes
RAM              0x20000000         0x00005000         xrw
FLASH            0x08000000         0x00010000         xr
*default*        0x00000000         0xffffffff

Linker script and memory map

LOAD /opt/xpack-gcc/bin/../lib/gcc/arm-none-eabi/14.2.1/thumb/v7-m/nofp/crti.o
LOAD /opt/xpack-gcc/bin/../lib/gcc/arm-none-eabi/14.2.1/thumb/v7-m/nofp/crtbegin.o
LOAD /opt/xpack-gcc/bin/../lib/gcc/arm-none-eabi/14.2.1/../../../../arm-none-eabi/lib/thumb/v7-m/nofp/crt0.o
LOAD CMakeFiles/stm32f103_test.elf.dir/main.c.obj
LOAD CMakeFiles/stm32f103_test.elf.dir/freertos_hooks.c.obj
LOAD app_hmi/libapp_hmi.a
LOAD ../bsp/libbsp.a
LOAD ../dal/libdal.a
LOAD ../target/stm32_f103c8t6/libchip_runtime.a
LOAD ../third_party/libfreertos_kernel.a
LOAD ../drv/libdrv.a
LOAD ../third_party/libstm32f1_hal.a
START GROUP
LOAD /opt/xpack-gcc/bin/../lib/gcc/arm-none-eabi/14.2.1/thumb/v7-m/nofp/libgcc.a
LOAD /opt/xpack-gcc/bin/../lib/gcc/arm-none-eabi/14.2.1/../../../../arm-none-eabi/lib/thumb/v7-m/nofp/libg_nano.a
LOAD /opt/xpack-gcc/bin/../lib/gcc/arm-none-eabi/14.2.1/../../../../arm-none-eabi/lib/thumb/v7-m/nofp/libc_nano.a
END GROUP
START GROUP
LOAD /opt/xpack-gcc/bin/../lib/gcc/arm-none-eabi/14.2.1/thumb/v7-m/nofp/libgcc.a
LOAD /opt/xpack-gcc/bin/../lib/gcc/arm-none-eabi/14.2.1/../../../../arm-none-eabi/lib/thumb/v7-m/nofp/libc_nano.a
LOAD /opt/xpack-gcc/bin/../lib/gcc/arm-none-eabi/14.2.1/../../../../arm-none-eabi/lib/thumb/v7-m/nofp/libnosys.a
END GROUP
START GROUP
LOAD /opt/xpack-gcc/bin/../lib/gcc/arm-none-eabi/14.2.1/thumb/v7-m/nofp/libgcc.a
LOAD /opt/xpack-gcc/bin/../lib/gcc/arm-none-eabi/14.2.1/../../../../arm-none-eabi/lib/thumb/v7-m/nofp/libc_nano.a
LOAD /opt/xpack-gcc/bin/../lib/gcc/arm-none-eabi/14.2.1/../../../../arm-none-eabi/lib/thumb/v7-m/nofp/libnosys.a
END GROUP
LOAD /opt/xpack-gcc/bin/../lib/gcc/arm-none-eabi/14.2.1/thumb/v7-m/nofp/crtend.o
LOAD /opt/xpack-gcc/bin/../lib/gcc/arm-none-eabi/14.2.1/thumb/v7-m/nofp/crtn.o
                0x20005000                        _estack = (ORIGIN (RAM) + LENGTH (RAM))
                0x00000200                        _Min_Heap_Size = 0x200
                0x00000400                        _Min_Stack_Size = 0x400

.isr_vector     0x08000000      0x10c
                0x08000000                        . = ALIGN (0x4)
 *(.isr_vector)
 .isr_vector    0x08000000      0x10c ../target/stm32_f103c8t6/libchip_runtime.a(startup_stm32f103xb.s.obj)
                0x08000000                g_pfnVectors
                0x0800010c                        . = ALIGN (0x4)

.text           0x0800010c      0xfd0
                0x0800010c                        . = ALIGN (0x4)
 *(.text)
 *(.text*)
 .text.__do_global_dtors_aux
                0x0800010c       0x24 /opt/xpack-gcc/bin/../lib/gcc/arm-none-eabi/14.2.1/thumb/v7-m/nofp/crtbegin.o
 .text.frame_dummy
                0x08000130       0x1c /opt/xpack-gcc/bin/../lib/gcc/arm-none-eabi/14.2.1/thumb/v7-m/nofp/crtbegin.o
 .text.main     0x0800014c       0x10 CMakeFiles/stm32f103_test.elf.dir/main.c.obj
                0x0800014c                main
 .text.vApplicationGetIdleTaskMemory
                0x0800015c       0x18 CMakeFiles/stm32f103_test.elf.dir/freertos_hooks.c.obj
                0x0800015c                vApplicationGetIdleTaskMemory
 .text.vApplicationStackOverflowHook
                0x08000174        0x4 CMakeFiles/stm32f103_test.elf.dir/freertos_hooks.c.obj
                0x08000174                vApplicationStackOverflowHook
 .text.SystemClock_Config
                0x08000178       0x64 ../bsp/libbsp.a(board_v1.c.obj)
                0x08000178                SystemClock_Config
 .text.bsp_init
                0x080001dc        0xe ../bsp/libbsp.a(board_v1.c.obj)
                0x080001dc                bsp_init
 *fill*         0x080001ea        0x2 
 .text.Reset_Handler
                0x080001ec       0x48 ../target/stm32_f103c8t6/libchip_runtime.a(startup_stm32f103xb.s.obj)
                0x080001ec                Reset_Handler
 .text.Default_Handler
                0x08000234        0x2 ../target/stm32_f103c8t6/libchip_runtime.a(startup_stm32f103xb.s.obj)
                0x08000234                RTC_Alarm_IRQHandler
                0x08000234                EXTI2_IRQHandler
                0x08000234                DebugMon_Handler
                0x08000234                TIM1_CC_IRQHandler
                0x08000234                HardFault_Handler
                0x08000234                PVD_IRQHandler
                0x08000234                NMI_Handler
                0x08000234                EXTI3_IRQHandler
                0x08000234                EXTI0_IRQHandler
                0x08000234                I2C2_EV_IRQHandler
                0x08000234                UsageFault_Handler
                0x08000234                ADC1_2_IRQHandler
                0x08000234                SPI1_IRQHandler
                0x08000234                TAMPER_IRQHandler
                0x08000234                DMA1_Channel4_IRQHandler
                0x08000234                USART3_IRQHandler
                0x08000234                RTC_IRQHandler
                0x08000234                DMA1_Channel7_IRQHandler
                0x08000234                CAN1_RX1_IRQHandler
                0x08000234                TIM4_IRQHandler
                0x08000234                I2C1_EV_IRQHandler
                0x08000234                DMA1_Channel6_IRQHandler
                0x08000234                TIM3_IRQHandler
                0x08000234                RCC_IRQHandler
                0x08000234                TIM1_TRG_COM_IRQHandler
                0x08000234                DMA1_Channel1_IRQHandler
                0x08000234                Default_Handler
                0x08000234                EXTI15_10_IRQHandler
                0x08000234                EXTI9_5_IRQHandler
                0x08000234                SPI2_IRQHandler
                0x08000234                MemManage_Handler
                0x08000234                DMA1_Channel5_IRQHandler
                0x08000234                EXTI4_IRQHandler
                0x08000234                USB_LP_CAN1_RX0_IRQHandler
                0x08000234                USB_HP_CAN1_TX_IRQHandler
                0x08000234                DMA1_Channel3_IRQHandler
                0x08000234                TIM1_UP_IRQHandler
                0x08000234                WWDG_IRQHandler
                0x08000234                TIM2_IRQHandler
                0x08000234                TIM1_BRK_IRQHandler
                0x08000234                EXTI1_IRQHandler
                0x08000234                USART2_IRQHandler
                0x08000234                I2C2_ER_IRQHandler
                0x08000234                DMA1_Channel2_IRQHandler
                0x08000234                CAN1_SCE_IRQHandler
                0x08000234                FLASH_IRQHandler
                0x08000234                BusFault_Handler
                0x08000234                USART1_IRQHandler
                0x08000234                I2C1_ER_IRQHandler
                0x08000234                USBWakeUp_IRQHandler
 .text.SystemInit
                0x08000236        0x2 ../target/stm32_f103c8t6/libchip_runtime.a(system_stm32f1xx.c.obj)
                0x08000236                SystemInit
 .text.SystemCoreClockUpdate
                0x08000238       0x94 ../target/stm32_f103c8t6/libchip_runtime.a(system_stm32f1xx.c.obj)
                0x08000238                SystemCoreClockUpdate
 .text.prvResetNextTaskUnblockTime
                0x080002cc       0x28 ../third_party/libfreertos_kernel.a(tasks.c.obj)
 .text.prvInitialiseNewTask
                0x080002f4       0xba ../third_party/libfreertos_kernel.a(tasks.c.obj)
 .text.prvCreateStaticTask
                0x080003ae       0x90 ../third_party/libfreertos_kernel.a(tasks.c.obj)
 *fill*         0x0800043e        0x2 
 .text.prvInitialiseTaskLists
                0x08000440       0x68 ../third_party/libfreertos_kernel.a(tasks.c.obj)
 .text.prvAddNewTaskToReadyList
                0x080004a8       0xcc ../third_party/libfreertos_kernel.a(tasks.c.obj)
 .text.prvDeleteTCB
                0x08000574       0x38 ../third_party/libfreertos_kernel.a(tasks.c.obj)
 .text.prvCheckTasksWaitingTermination
                0x080005ac       0x4c ../third_party/libfreertos_kernel.a(tasks.c.obj)
 .text.prvIdleTask
                0x080005f8       0x28 ../third_party/libfreertos_kernel.a(tasks.c.obj)
 .text.xTaskCreateStatic
                0x08000620       0x28 ../third_party/libfreertos_kernel.a(tasks.c.obj)
                0x08000620                xTaskCreateStatic
 .text.prvCreateIdleTasks
                0x08000648       0x80 ../third_party/libfreertos_kernel.a(tasks.c.obj)
 .text.vTaskStartScheduler
                0x080006c8       0x64 ../third_party/libfreertos_kernel.a(tasks.c.obj)
                0x080006c8                vTaskStartScheduler
 .text.vTaskSuspendAll
                0x0800072c       0x10 ../third_party/libfreertos_kernel.a(tasks.c.obj)
                0x0800072c                vTaskSuspendAll
 .text.xTaskIncrementTick
                0x0800073c      0x178 ../third_party/libfreertos_kernel.a(tasks.c.obj)
                0x0800073c                xTaskIncrementTick
 .text.xTaskResumeAll
                0x080008b4      0x158 ../third_party/libfreertos_kernel.a(tasks.c.obj)
                0x080008b4                xTaskResumeAll
 .text.vTaskSwitchContext
                0x08000a0c       0xdc ../third_party/libfreertos_kernel.a(tasks.c.obj)
                0x08000a0c                vTaskSwitchContext
 .text.vListInitialise
                0x08000ae8       0x16 ../third_party/libfreertos_kernel.a(list.c.obj)
                0x08000ae8                vListInitialise
 .text.vListInitialiseItem
                0x08000afe        0x6 ../third_party/libfreertos_kernel.a(list.c.obj)
                0x08000afe                vListInitialiseItem
 .text.uxListRemove
                0x08000b04       0x24 ../third_party/libfreertos_kernel.a(list.c.obj)
                0x08000b04                uxListRemove
 .text.prvTaskExitError
                0x08000b28       0x40 ../third_party/libfreertos_kernel.a(port.c.obj)
 .text.SVC_Handler
                0x08000b68       0x24 ../third_party/libfreertos_kernel.a(port.c.obj)
                0x08000b68                SVC_Handler
 .text.prvPortStartFirstTask
                0x08000b8c       0x20 ../third_party/libfreertos_kernel.a(port.c.obj)
 .text.PendSV_Handler
                0x08000bac       0x44 ../third_party/libfreertos_kernel.a(port.c.obj)
                0x08000bac                PendSV_Handler
 .text.pxPortInitialiseStack
                0x08000bf0       0x24 ../third_party/libfreertos_kernel.a(port.c.obj)
                0x08000bf0                pxPortInitialiseStack
 .text.vPortEnterCritical
                0x08000c14       0x44 ../third_party/libfreertos_kernel.a(port.c.obj)
                0x08000c14                vPortEnterCritical
 .text.vPortExitCritical
                0x08000c58       0x2c ../third_party/libfreertos_kernel.a(port.c.obj)
                0x08000c58                vPortExitCritical
 .text.SysTick_Handler
                0x08000c84       0x2c ../third_party/libfreertos_kernel.a(port.c.obj)
                0x08000c84                SysTick_Handler
 .text.vPortSetupTimerInterrupt
                0x08000cb0       0x18 ../third_party/libfreertos_kernel.a(port.c.obj)
                0x08000cb0                vPortSetupTimerInterrupt
 .text.xPortStartScheduler
                0x08000cc8      0x138 ../third_party/libfreertos_kernel.a(port.c.obj)
                0x08000cc8                xPortStartScheduler
 .text.prvInsertBlockIntoFreeList
                0x08000e00       0x88 ../third_party/libfreertos_kernel.a(heap_4.c.obj)
 .text.vPortFree
                0x08000e88       0x9c ../third_party/libfreertos_kernel.a(heap_4.c.obj)
                0x08000e88                vPortFree
 .text.HAL_MspInit
                0x08000f24        0x2 ../third_party/libstm32f1_hal.a(stm32f1xx_hal.c.obj)
                0x08000f24                HAL_MspInit
 *fill*         0x08000f26        0x2 
 .text.HAL_InitTick
                0x08000f28       0x4c ../third_party/libstm32f1_hal.a(stm32f1xx_hal.c.obj)
                0x08000f28                HAL_InitTick
 .text.HAL_Init
                0x08000f74       0x24 ../third_party/libstm32f1_hal.a(stm32f1xx_hal.c.obj)
                0x08000f74                HAL_Init
 .text.__NVIC_SetPriority
                0x08000f98       0x28 ../third_party/libstm32f1_hal.a(stm32f1xx_hal_cortex.c.obj)
 .text.NVIC_EncodePriority
                0x08000fc0       0x3e ../third_party/libstm32f1_hal.a(stm32f1xx_hal_cortex.c.obj)
 *fill*         0x08000ffe        0x2 
 .text.HAL_NVIC_SetPriorityGrouping
                0x08001000       0x24 ../third_party/libstm32f1_hal.a(stm32f1xx_hal_cortex.c.obj)
                0x08001000                HAL_NVIC_SetPriorityGrouping
 .text.HAL_NVIC_SetPriority
                0x08001024       0x20 ../third_party/libstm32f1_hal.a(stm32f1xx_hal_cortex.c.obj)
                0x08001024                HAL_NVIC_SetPriority
 .text.HAL_SYSTICK_Config
                0x08001044       0x28 ../third_party/libstm32f1_hal.a(stm32f1xx_hal_cortex.c.obj)
                0x08001044                HAL_SYSTICK_Config
 .text.memset   0x0800106c       0x10 /opt/xpack-gcc/bin/../lib/gcc/arm-none-eabi/14.2.1/../../../../arm-none-eabi/lib/thumb/v7-m/nofp/libg_nano.a(libc_a-memset.o)
                0x0800106c                memset
 .text.__libc_init_array
                0x0800107c       0x48 /opt/xpack-gcc/bin/../lib/gcc/arm-none-eabi/14.2.1/../../../../arm-none-eabi/lib/thumb/v7-m/nofp/libg_nano.a(libc_a-init.o)
                0x0800107c                __libc_init_array
 *(.glue_7t)
 .glue_7t       0x080010c4        0x0 linker stubs
 *(.glue_7)
 .glue_7        0x080010c4        0x0 linker stubs
 *(.glue_7m)
 *(.eh_frame)
 .eh_frame      0x080010c4        0x0 /opt/xpack-gcc/bin/../lib/gcc/arm-none-eabi/14.2.1/thumb/v7-m/nofp/crtbegin.o
 *(.init)
 .init          0x080010c4        0x4 /opt/xpack-gcc/bin/../lib/gcc/arm-none-eabi/14.2.1/thumb/v7-m/nofp/crti.o
                0x080010c4                _init
 .init          0x080010c8        0x8 /opt/xpack-gcc/bin/../lib/gcc/arm-none-eabi/14.2.1/thumb/v7-m/nofp/crtn.o
 *(.fini)
 .fini          0x080010d0        0x4 /opt/xpack-gcc/bin/../lib/gcc/arm-none-eabi/14.2.1/thumb/v7-m/nofp/crti.o
                0x080010d0                _fini
 .fini          0x080010d4        0x8 /opt/xpack-gcc/bin/../lib/gcc/arm-none-eabi/14.2.1/thumb/v7-m/nofp/crtn.o
                0x080010dc                        . = ALIGN (0x4)
                0x080010dc                        _etext = .

.vfp11_veneer   0x080010dc        0x0
 .vfp11_veneer  0x080010dc        0x0 linker stubs

.v4_bx          0x080010dc        0x0
 .v4_bx         0x080010dc        0x0 linker stubs

.iplt           0x080010dc        0x0
 .iplt          0x080010dc        0x0 /opt/xpack-gcc/bin/../lib/gcc/arm-none-eabi/14.2.1/thumb/v7-m/nofp/crtbegin.o

.rodata         0x080010dc       0x1c
                0x080010dc                        . = ALIGN (0x4)
 *(.rodata)
 *(.rodata*)
 .rodata.AHBPrescTable
                0x080010dc       0x10 ../target/stm32_f103c8t6/libchip_runtime.a(system_stm32f1xx.c.obj)
                0x080010dc                AHBPrescTable
 .rodata.prvCreateIdleTasks.str1.4
                0x080010ec        0x5 ../third_party/libfreertos_kernel.a(tasks.c.obj)
 *fill*         0x080010f1        0x3 
 .rodata.uxTopUsedPriority
                0x080010f4        0x4 ../third_party/libfreertos_kernel.a(tasks.c.obj)
                0x080010f8                        . = ALIGN (0x4)

.rel.dyn        0x080010f8        0x0
 .rel.iplt      0x080010f8        0x0 /opt/xpack-gcc/bin/../lib/gcc/arm-none-eabi/14.2.1/thumb/v7-m/nofp/crtbegin.o

.ARM.extab
 *(.ARM.extab* .gnu.linkonce.armextab.*)

.ARM            0x080010f8        0x0
                0x080010f8                        __exidx_start = .
 *(.ARM.exidx*)
                0x080010f8                        __exidx_end = .

.preinit_array  0x080010f8        0x0
                0x080010f8                        PROVIDE (__preinit_array_start = .)
 *(.preinit_array*)
                0x080010f8                        PROVIDE (__preinit_array_end = .)

.init_array     0x080010f8        0x4
                0x080010f8                        PROVIDE (__init_array_start = .)
 *(SORT_BY_NAME(.init_array.*))
 *(.init_array*)
 .init_array    0x080010f8        0x4 /opt/xpack-gcc/bin/../lib/gcc/arm-none-eabi/14.2.1/thumb/v7-m/nofp/crtbegin.o
                0x080010fc                        PROVIDE (__init_array_end = .)

.fini_array     0x080010fc        0x4
                0x080010fc                        PROVIDE (__fini_array_start = .)
 *(SORT_BY_NAME(.fini_array.*))
 *(.fini_array*)
 .fini_array    0x080010fc        0x4 /opt/xpack-gcc/bin/../lib/gcc/arm-none-eabi/14.2.1/thumb/v7-m/nofp/crtbegin.o
                0x08001100                        PROVIDE (__fini_array_end = .)
                0x08001100                        _sidata = LOADADDR (.data)

.data           0x20000000       0x10 load address 0x08001100
                0x20000000                        . = ALIGN (0x4)
                0x20000000                        _sdata = .
 *(.data)
 *(.data*)
 .data.SystemCoreClock
                0x20000000        0x4 ../target/stm32_f103c8t6/libchip_runtime.a(system_stm32f1xx.c.obj)
                0x20000000                SystemCoreClock
 .data.uxCriticalNesting
                0x20000004        0x4 ../third_party/libfreertos_kernel.a(port.c.obj)
 .data.uwTickFreq
                0x20000008        0x1 ../third_party/libstm32f1_hal.a(stm32f1xx_hal.c.obj)
                0x20000008                uwTickFreq
 *fill*         0x20000009        0x3 
 .data.uwTickPrio
                0x2000000c        0x4 ../third_party/libstm32f1_hal.a(stm32f1xx_hal.c.obj)
                0x2000000c                uwTickPrio
                0x20000010                        . = ALIGN (0x4)
                0x20000010                        _edata = .

.igot.plt       0x20000010        0x0 load address 0x08001110
 .igot.plt      0x20000010        0x0 /opt/xpack-gcc/bin/../lib/gcc/arm-none-eabi/14.2.1/thumb/v7-m/nofp/crtbegin.o

.bss            0x20000010     0x2b98 load address 0x08001110
                0x20000010                        . = ALIGN (0x4)
                0x20000010                        _sbss = .
                0x20000010                        __bss_start__ = _sbss
 *(.bss)
 *(.bss*)
 .bss.completed.1
                0x20000010        0x1 /opt/xpack-gcc/bin/../lib/gcc/arm-none-eabi/14.2.1/thumb/v7-m/nofp/crtbegin.o
 *fill*         0x20000011        0x3 
 .bss.object.0  0x20000014       0x18 /opt/xpack-gcc/bin/../lib/gcc/arm-none-eabi/14.2.1/thumb/v7-m/nofp/crtbegin.o
 .bss.uxIdleTaskStack
                0x2000002c      0x200 CMakeFiles/stm32f103_test.elf.dir/freertos_hooks.c.obj
 .bss.xIdleTaskTCB
                0x2000022c       0x5c CMakeFiles/stm32f103_test.elf.dir/freertos_hooks.c.obj
 .bss.uxSchedulerSuspended
                0x20000288        0x4 ../third_party/libfreertos_kernel.a(tasks.c.obj)
 .bss.xIdleTaskHandles
                0x2000028c        0x4 ../third_party/libfreertos_kernel.a(tasks.c.obj)
 .bss.xNextTaskUnblockTime
                0x20000290        0x4 ../third_party/libfreertos_kernel.a(tasks.c.obj)
 .bss.uxTaskNumber
                0x20000294        0x4 ../third_party/libfreertos_kernel.a(tasks.c.obj)
 .bss.xNumOfOverflows
                0x20000298        0x4 ../third_party/libfreertos_kernel.a(tasks.c.obj)
 .bss.xYieldPendings
                0x2000029c        0x4 ../third_party/libfreertos_kernel.a(tasks.c.obj)
 .bss.xPendedTicks
                0x200002a0        0x4 ../third_party/libfreertos_kernel.a(tasks.c.obj)
 .bss.xSchedulerRunning
                0x200002a4        0x4 ../third_party/libfreertos_kernel.a(tasks.c.obj)
 .bss.uxTopReadyPriority
                0x200002a8        0x4 ../third_party/libfreertos_kernel.a(tasks.c.obj)
 .bss.xTickCount
                0x200002ac        0x4 ../third_party/libfreertos_kernel.a(tasks.c.obj)
 .bss.uxCurrentNumberOfTasks
                0x200002b0        0x4 ../third_party/libfreertos_kernel.a(tasks.c.obj)
 .bss.xSuspendedTaskList
                0x200002b4       0x14 ../third_party/libfreertos_kernel.a(tasks.c.obj)
 .bss.uxDeletedTasksWaitingCleanUp
                0x200002c8        0x4 ../third_party/libfreertos_kernel.a(tasks.c.obj)
 .bss.xTasksWaitingTermination
                0x200002cc       0x14 ../third_party/libfreertos_kernel.a(tasks.c.obj)
 .bss.xPendingReadyList
                0x200002e0       0x14 ../third_party/libfreertos_kernel.a(tasks.c.obj)
 .bss.pxOverflowDelayedTaskList
                0x200002f4        0x4 ../third_party/libfreertos_kernel.a(tasks.c.obj)
 .bss.pxDelayedTaskList
                0x200002f8        0x4 ../third_party/libfreertos_kernel.a(tasks.c.obj)
 .bss.xDelayedTaskList2
                0x200002fc       0x14 ../third_party/libfreertos_kernel.a(tasks.c.obj)
 .bss.xDelayedTaskList1
                0x20000310       0x14 ../third_party/libfreertos_kernel.a(tasks.c.obj)
 .bss.pxReadyTasksLists
                0x20000324       0x64 ../third_party/libfreertos_kernel.a(tasks.c.obj)
 .bss.pxCurrentTCB
                0x20000388        0x4 ../third_party/libfreertos_kernel.a(tasks.c.obj)
                0x20000388                pxCurrentTCB
 .bss.ulMaxPRIGROUPValue
                0x2000038c        0x4 ../third_party/libfreertos_kernel.a(port.c.obj)
 .bss.ucMaxSysCallPriority
                0x20000390        0x1 ../third_party/libfreertos_kernel.a(port.c.obj)
 *fill*         0x20000391        0x3 
 .bss.xNumberOfSuccessfulFrees
                0x20000394        0x4 ../third_party/libfreertos_kernel.a(heap_4.c.obj)
 .bss.xFreeBytesRemaining
                0x20000398        0x4 ../third_party/libfreertos_kernel.a(heap_4.c.obj)
 .bss.pxEnd     0x2000039c        0x4 ../third_party/libfreertos_kernel.a(heap_4.c.obj)
 .bss.xStart    0x200003a0        0x8 ../third_party/libfreertos_kernel.a(heap_4.c.obj)
 .bss.ucHeap    0x200003a8     0x2800 ../third_party/libfreertos_kernel.a(heap_4.c.obj)
 *(COMMON)
                0x20002ba8                        . = ALIGN (0x4)
                0x20002ba8                        _ebss = .
                0x20002ba8                        __bss_end__ = _ebss

._user_heap_stack
                0x20002ba8      0x600 load address 0x08001110
                0x20002ba8                        . = ALIGN (0x8)
                0x20002ba8                        PROVIDE (end = .)
                [!provide]                        PROVIDE (_end = .)
                0x20002da8                        . = (. + _Min_Heap_Size)
 *fill*         0x20002ba8      0x200 
                0x200031a8                        . = (. + _Min_Stack_Size)
 *fill*         0x20002da8      0x400 
                0x200031a8                        . = ALIGN (0x8)

/DISCARD/
 *(.comment)
 *(.note*)
 *(.eh_frame_hdr)

.ARM.attributes
                0x00000000       0x29
 *(.ARM.attributes)
 .ARM.attributes
                0x00000000       0x1d /opt/xpack-gcc/bin/../lib/gcc/arm-none-eabi/14.2.1/thumb/v7-m/nofp/crti.o
 .ARM.attributes
                0x0000001d       0x2d /opt/xpack-gcc/bin/../lib/gcc/arm-none-eabi/14.2.1/thumb/v7-m/nofp/crtbegin.o
 .ARM.attributes
                0x0000004a       0x2d CMakeFiles/stm32f103_test.elf.dir/main.c.obj
 .ARM.attributes
                0x00000077       0x2d CMakeFiles/stm32f103_test.elf.dir/freertos_hooks.c.obj
 .ARM.attributes
                0x000000a4       0x2d ../bsp/libbsp.a(board_v1.c.obj)
 .ARM.attributes
                0x000000d1       0x21 ../target/stm32_f103c8t6/libchip_runtime.a(startup_stm32f103xb.s.obj)
 .ARM.attributes
                0x000000f2       0x2d ../target/stm32_f103c8t6/libchip_runtime.a(system_stm32f1xx.c.obj)
 .ARM.attributes
                0x0000011f       0x2d ../third_party/libfreertos_kernel.a(tasks.c.obj)
 .ARM.attributes
                0x0000014c       0x2d ../third_party/libfreertos_kernel.a(list.c.obj)
 .ARM.attributes
                0x00000179       0x2d ../third_party/libfreertos_kernel.a(port.c.obj)
 .ARM.attributes
                0x000001a6       0x2d ../third_party/libfreertos_kernel.a(heap_4.c.obj)
 .ARM.attributes
                0x000001d3       0x2d ../third_party/libstm32f1_hal.a(stm32f1xx_hal.c.obj)
 .ARM.attributes
                0x00000200       0x2d ../third_party/libstm32f1_hal.a(stm32f1xx_hal_cortex.c.obj)
 .ARM.attributes
                0x0000022d       0x2d /opt/xpack-gcc/bin/../lib/gcc/arm-none-eabi/14.2.1/../../../../arm-none-eabi/lib/thumb/v7-m/nofp/libg_nano.a(libc_a-memset.o)
 .ARM.attributes
                0x0000025a       0x2d /opt/xpack-gcc/bin/../lib/gcc/arm-none-eabi/14.2.1/../../../../arm-none-eabi/lib/thumb/v7-m/nofp/libg_nano.a(libc_a-init.o)
 .ARM.attributes
                0x00000287       0x1d /opt/xpack-gcc/bin/../lib/gcc/arm-none-eabi/14.2.1/thumb/v7-m/nofp/crtn.o
OUTPUT(stm32f103_test.elf elf32-littlearm)
LOAD linker stubs

.debug_info     0x00000000     0x743b
 .debug_info    0x00000000       0xcb CMakeFiles/stm32f103_test.elf.dir/main.c.obj
 .debug_info    0x000000cb      0x334 CMakeFiles/stm32f103_test.elf.dir/freertos_hooks.c.obj
 .debug_info    0x000003ff      0x295 ../bsp/libbsp.a(board_v1.c.obj)
 .debug_info    0x00000694       0x30 ../target/stm32_f103c8t6/libchip_runtime.a(startup_stm32f103xb.s.obj)
 .debug_info    0x000006c4      0x26b ../target/stm32_f103c8t6/libchip_runtime.a(system_stm32f1xx.c.obj)
 .debug_info    0x0000092f     0x4378 ../third_party/libfreertos_kernel.a(tasks.c.obj)
 .debug_info    0x00004ca7      0x30e ../third_party/libfreertos_kernel.a(list.c.obj)
 .debug_info    0x00004fb5      0x604 ../third_party/libfreertos_kernel.a(port.c.obj)
 .debug_info    0x000055b9      0x7bb ../third_party/libfreertos_kernel.a(heap_4.c.obj)
 .debug_info    0x00005d74      0x884 ../third_party/libstm32f1_hal.a(stm32f1xx_hal.c.obj)
 .debug_info    0x000065f8      0xe43 ../third_party/libstm32f1_hal.a(stm32f1xx_hal_cortex.c.obj)

.debug_abbrev   0x00000000     0x1485
 .debug_abbrev  0x00000000       0x7e CMakeFiles/stm32f103_test.elf.dir/main.c.obj
 .debug_abbrev  0x0000007e       0xd8 CMakeFiles/stm32f103_test.elf.dir/freertos_hooks.c.obj
 .debug_abbrev  0x00000156      0x10c ../bsp/libbsp.a(board_v1.c.obj)
 .debug_abbrev  0x00000262       0x1d ../target/stm32_f103c8t6/libchip_runtime.a(startup_stm32f103xb.s.obj)
 .debug_abbrev  0x0000027f      0x143 ../target/stm32_f103c8t6/libchip_runtime.a(system_stm32f1xx.c.obj)
 .debug_abbrev  0x000003c2      0x436 ../third_party/libfreertos_kernel.a(tasks.c.obj)
 .debug_abbrev  0x000007f8      0x120 ../third_party/libfreertos_kernel.a(list.c.obj)
 .debug_abbrev  0x00000918      0x2b7 ../third_party/libfreertos_kernel.a(port.c.obj)
 .debug_abbrev  0x00000bcf      0x2d4 ../third_party/libfreertos_kernel.a(heap_4.c.obj)
 .debug_abbrev  0x00000ea3      0x235 ../third_party/libstm32f1_hal.a(stm32f1xx_hal.c.obj)
 .debug_abbrev  0x000010d8      0x3ad ../third_party/libstm32f1_hal.a(stm32f1xx_hal_cortex.c.obj)

.debug_loc      0x00000000     0x53f7
 .debug_loc     0x00000000       0x20 CMakeFiles/stm32f103_test.elf.dir/main.c.obj
 .debug_loc     0x00000020       0x40 ../bsp/libbsp.a(board_v1.c.obj)
 .debug_loc     0x00000060      0x11b ../target/stm32_f103c8t6/libchip_runtime.a(system_stm32f1xx.c.obj)
 .debug_loc     0x0000017b     0x3ef9 ../third_party/libfreertos_kernel.a(tasks.c.obj)
 .debug_loc     0x00004074       0xeb ../third_party/libfreertos_kernel.a(list.c.obj)
 .debug_loc     0x0000415f      0x1c4 ../third_party/libfreertos_kernel.a(port.c.obj)
 .debug_loc     0x00004323      0x627 ../third_party/libfreertos_kernel.a(heap_4.c.obj)
 .debug_loc     0x0000494a      0x1f9 ../third_party/libstm32f1_hal.a(stm32f1xx_hal.c.obj)
 .debug_loc     0x00004b43      0x8b4 ../third_party/libstm32f1_hal.a(stm32f1xx_hal_cortex.c.obj)

.debug_aranges  0x00000000      0x5e0
 .debug_aranges
                0x00000000       0x20 CMakeFiles/stm32f103_test.elf.dir/main.c.obj
 .debug_aranges
                0x00000020       0x28 CMakeFiles/stm32f103_test.elf.dir/freertos_hooks.c.obj
 .debug_aranges
                0x00000048       0x28 ../bsp/libbsp.a(board_v1.c.obj)
 .debug_aranges
                0x00000070       0x28 ../target/stm32_f103c8t6/libchip_runtime.a(startup_stm32f103xb.s.obj)
 .debug_aranges
                0x00000098       0x28 ../target/stm32_f103c8t6/libchip_runtime.a(system_stm32f1xx.c.obj)
 .debug_aranges
                0x000000c0      0x258 ../third_party/libfreertos_kernel.a(tasks.c.obj)
 .debug_aranges
                0x00000318       0x40 ../third_party/libfreertos_kernel.a(list.c.obj)
 .debug_aranges
                0x00000358       0x78 ../third_party/libfreertos_kernel.a(port.c.obj)
 .debug_aranges
                0x000003d0       0x70 ../third_party/libfreertos_kernel.a(heap_4.c.obj)
 .debug_aranges
                0x00000440       0xe0 ../third_party/libstm32f1_hal.a(stm32f1xx_hal.c.obj)
 .debug_aranges
                0x00000520       0xc0 ../third_party/libstm32f1_hal.a(stm32f1xx_hal_cortex.c.obj)

.debug_ranges   0x00000000      0x830
 .debug_ranges  0x00000000       0x10 CMakeFiles/stm32f103_test.elf.dir/main.c.obj
 .debug_ranges  0x00000010       0x18 CMakeFiles/stm32f103_test.elf.dir/freertos_hooks.c.obj
 .debug_ranges  0x00000028       0x18 ../bsp/libbsp.a(board_v1.c.obj)
 .debug_ranges  0x00000040       0x20 ../target/stm32_f103c8t6/libchip_runtime.a(startup_stm32f103xb.s.obj)
 .debug_ranges  0x00000060       0x18 ../target/stm32_f103c8t6/libchip_runtime.a(system_stm32f1xx.c.obj)
 .debug_ranges  0x00000078      0x510 ../third_party/libfreertos_kernel.a(tasks.c.obj)
 .debug_ranges  0x00000588       0x30 ../third_party/libfreertos_kernel.a(list.c.obj)
 .debug_ranges  0x000005b8       0x98 ../third_party/libfreertos_kernel.a(port.c.obj)
 .debug_ranges  0x00000650       0x60 ../third_party/libfreertos_kernel.a(heap_4.c.obj)
 .debug_ranges  0x000006b0       0xd0 ../third_party/libstm32f1_hal.a(stm32f1xx_hal.c.obj)
 .debug_ranges  0x00000780       0xb0 ../third_party/libstm32f1_hal.a(stm32f1xx_hal_cortex.c.obj)

.debug_macro    0x00000000    0x1b85f
 .debug_macro   0x00000000       0xed CMakeFiles/stm32f103_test.elf.dir/main.c.obj
 .debug_macro   0x000000ed      0xacc CMakeFiles/stm32f103_test.elf.dir/main.c.obj
 .debug_macro   0x00000bb9      0x190 CMakeFiles/stm32f103_test.elf.dir/main.c.obj
 .debug_macro   0x00000d49       0x22 CMakeFiles/stm32f103_test.elf.dir/main.c.obj
 .debug_macro   0x00000d6b       0x8e CMakeFiles/stm32f103_test.elf.dir/main.c.obj
 .debug_macro   0x00000df9       0x51 CMakeFiles/stm32f103_test.elf.dir/main.c.obj
 .debug_macro   0x00000e4a      0x103 CMakeFiles/stm32f103_test.elf.dir/main.c.obj
 .debug_macro   0x00000f4d       0x6a CMakeFiles/stm32f103_test.elf.dir/main.c.obj
 .debug_macro   0x00000fb7      0x1df CMakeFiles/stm32f103_test.elf.dir/main.c.obj
 .debug_macro   0x00001196       0x16 CMakeFiles/stm32f103_test.elf.dir/main.c.obj
 .debug_macro   0x000011ac       0xfa CMakeFiles/stm32f103_test.elf.dir/main.c.obj
 .debug_macro   0x000012a6       0x34 CMakeFiles/stm32f103_test.elf.dir/main.c.obj
 .debug_macro   0x000012da      0x182 CMakeFiles/stm32f103_test.elf.dir/main.c.obj
 .debug_macro   0x0000145c       0xe7 CMakeFiles/stm32f103_test.elf.dir/main.c.obj
 .debug_macro   0x00001543       0x34 CMakeFiles/stm32f103_test.elf.dir/main.c.obj
 .debug_macro   0x00001577       0x1f CMakeFiles/stm32f103_test.elf.dir/main.c.obj
 .debug_macro   0x00001596       0x12 CMakeFiles/stm32f103_test.elf.dir/main.c.obj
 .debug_macro   0x000015a8     0x1113 CMakeFiles/stm32f103_test.elf.dir/main.c.obj
 .debug_macro   0x000026bb       0xc3 CMakeFiles/stm32f103_test.elf.dir/main.c.obj
 .debug_macro   0x0000277e      0x161 CMakeFiles/stm32f103_test.elf.dir/main.c.obj
 .debug_macro   0x000028df       0xdf CMakeFiles/stm32f103_test.elf.dir/freertos_hooks.c.obj
 .debug_macro   0x000029be      0x1db ../bsp/libbsp.a(board_v1.c.obj)
 .debug_macro   0x00002b99      0xad2 ../bsp/libbsp.a(board_v1.c.obj)
 .debug_macro   0x0000366b       0x2e ../bsp/libbsp.a(board_v1.c.obj)
 .debug_macro   0x00003699       0x22 ../bsp/libbsp.a(board_v1.c.obj)
 .debug_macro   0x000036bb       0x1c ../bsp/libbsp.a(board_v1.c.obj)
 .debug_macro   0x000036d7       0x22 ../bsp/libbsp.a(board_v1.c.obj)
 .debug_macro   0x000036f9       0xbd ../bsp/libbsp.a(board_v1.c.obj)
 .debug_macro   0x000037b6      0xd23 ../bsp/libbsp.a(board_v1.c.obj)
 .debug_macro   0x000044d9     0xe09e ../bsp/libbsp.a(board_v1.c.obj)
 .debug_macro   0x00012577       0x6d ../bsp/libbsp.a(board_v1.c.obj)
 .debug_macro   0x000125e4       0xd6 ../bsp/libbsp.a(board_v1.c.obj)
 .debug_macro   0x000126ba     0x34a2 ../bsp/libbsp.a(board_v1.c.obj)
 .debug_macro   0x00015b5c       0x5c ../bsp/libbsp.a(board_v1.c.obj)
 .debug_macro   0x00015bb8      0x5bc ../bsp/libbsp.a(board_v1.c.obj)
 .debug_macro   0x00016174      0x289 ../bsp/libbsp.a(board_v1.c.obj)
 .debug_macro   0x000163fd      0x1cb ../bsp/libbsp.a(board_v1.c.obj)
 .debug_macro   0x000165c8      0x114 ../bsp/libbsp.a(board_v1.c.obj)
 .debug_macro   0x000166dc      0x1b2 ../bsp/libbsp.a(board_v1.c.obj)
 .debug_macro   0x0001688e       0x27 ../bsp/libbsp.a(board_v1.c.obj)
 .debug_macro   0x000168b5      0x136 ../bsp/libbsp.a(board_v1.c.obj)
 .debug_macro   0x000169eb      0x1bc ../bsp/libbsp.a(board_v1.c.obj)
 .debug_macro   0x00016ba7       0x34 ../bsp/libbsp.a(board_v1.c.obj)
 .debug_macro   0x00016bdb       0x3c ../bsp/libbsp.a(board_v1.c.obj)
 .debug_macro   0x00016c17       0x57 ../bsp/libbsp.a(board_v1.c.obj)
 .debug_macro   0x00016c6e       0x87 ../bsp/libbsp.a(board_v1.c.obj)
 .debug_macro   0x00016cf5      0x240 ../bsp/libbsp.a(board_v1.c.obj)
 .debug_macro   0x00016f35      0x140 ../bsp/libbsp.a(board_v1.c.obj)
 .debug_macro   0x00017075      0x28e ../bsp/libbsp.a(board_v1.c.obj)
 .debug_macro   0x00017303      0x217 ../bsp/libbsp.a(board_v1.c.obj)
 .debug_macro   0x0001751a      0x287 ../bsp/libbsp.a(board_v1.c.obj)
 .debug_macro   0x000177a1      0x46a ../bsp/libbsp.a(board_v1.c.obj)
 .debug_macro   0x00017c0b      0x1b5 ../bsp/libbsp.a(board_v1.c.obj)
 .debug_macro   0x00017dc0      0x8ed ../bsp/libbsp.a(board_v1.c.obj)
 .debug_macro   0x000186ad      0x1ef ../bsp/libbsp.a(board_v1.c.obj)
 .debug_macro   0x0001889c       0xeb ../bsp/libbsp.a(board_v1.c.obj)
 .debug_macro   0x00018987       0x83 ../bsp/libbsp.a(board_v1.c.obj)
 .debug_macro   0x00018a0a       0xc8 ../target/stm32_f103c8t6/libchip_runtime.a(system_stm32f1xx.c.obj)
 .debug_macro   0x00018ad2      0xac6 ../target/stm32_f103c8t6/libchip_runtime.a(system_stm32f1xx.c.obj)
 .debug_macro   0x00019598      0x2b9 ../third_party/libfreertos_kernel.a(tasks.c.obj)
 .debug_macro   0x00019851       0x24 ../third_party/libfreertos_kernel.a(tasks.c.obj)
 .debug_macro   0x00019875       0x75 ../third_party/libfreertos_kernel.a(tasks.c.obj)
 .debug_macro   0x000198ea       0x94 ../third_party/libfreertos_kernel.a(tasks.c.obj)
 .debug_macro   0x0001997e       0x3c ../third_party/libfreertos_kernel.a(tasks.c.obj)
 .debug_macro   0x000199ba       0x34 ../third_party/libfreertos_kernel.a(tasks.c.obj)
 .debug_macro   0x000199ee       0x16 ../third_party/libfreertos_kernel.a(tasks.c.obj)
 .debug_macro   0x00019a04      0x11c ../third_party/libfreertos_kernel.a(tasks.c.obj)
 .debug_macro   0x00019b20       0x9b ../third_party/libfreertos_kernel.a(tasks.c.obj)
 .debug_macro   0x00019bbb       0x57 ../third_party/libfreertos_kernel.a(tasks.c.obj)
 .debug_macro   0x00019c12      0x364 ../third_party/libfreertos_kernel.a(tasks.c.obj)
 .debug_macro   0x00019f76       0x16 ../third_party/libfreertos_kernel.a(tasks.c.obj)
 .debug_macro   0x00019f8c       0x4a ../third_party/libfreertos_kernel.a(tasks.c.obj)
 .debug_macro   0x00019fd6       0x34 ../third_party/libfreertos_kernel.a(tasks.c.obj)
 .debug_macro   0x0001a00a       0x10 ../third_party/libfreertos_kernel.a(tasks.c.obj)
 .debug_macro   0x0001a01a       0x58 ../third_party/libfreertos_kernel.a(tasks.c.obj)
 .debug_macro   0x0001a072      0x1e5 ../third_party/libfreertos_kernel.a(tasks.c.obj)
 .debug_macro   0x0001a257       0x16 ../third_party/libfreertos_kernel.a(tasks.c.obj)
 .debug_macro   0x0001a26d       0x29 ../third_party/libfreertos_kernel.a(tasks.c.obj)
 .debug_macro   0x0001a296       0x16 ../third_party/libfreertos_kernel.a(tasks.c.obj)
 .debug_macro   0x0001a2ac       0x3c ../third_party/libfreertos_kernel.a(tasks.c.obj)
 .debug_macro   0x0001a2e8       0x98 ../third_party/libfreertos_kernel.a(tasks.c.obj)
 .debug_macro   0x0001a380       0x16 ../third_party/libfreertos_kernel.a(tasks.c.obj)
 .debug_macro   0x0001a396      0x193 ../third_party/libfreertos_kernel.a(list.c.obj)
 .debug_macro   0x0001a529      0x1ab ../third_party/libfreertos_kernel.a(port.c.obj)
 .debug_macro   0x0001a6d4      0x223 ../third_party/libfreertos_kernel.a(heap_4.c.obj)
 .debug_macro   0x0001a8f7      0x1f5 ../third_party/libstm32f1_hal.a(stm32f1xx_hal.c.obj)
 .debug_macro   0x0001aaec      0xacc ../third_party/libstm32f1_hal.a(stm32f1xx_hal.c.obj)
 .debug_macro   0x0001b5b8       0xd6 ../third_party/libstm32f1_hal.a(stm32f1xx_hal.c.obj)
 .debug_macro   0x0001b68e      0x1d1 ../third_party/libstm32f1_hal.a(stm32f1xx_hal_cortex.c.obj)

.debug_line     0x00000000     0x776a
 .debug_line    0x00000000      0x409 CMakeFiles/stm32f103_test.elf.dir/main.c.obj
 .debug_line    0x00000409      0x37f CMakeFiles/stm32f103_test.elf.dir/freertos_hooks.c.obj
 .debug_line    0x00000788      0x780 ../bsp/libbsp.a(board_v1.c.obj)
 .debug_line    0x00000f08       0xc2 ../target/stm32_f103c8t6/libchip_runtime.a(startup_stm32f103xb.s.obj)
 .debug_line    0x00000fca      0x3c3 ../target/stm32_f103c8t6/libchip_runtime.a(system_stm32f1xx.c.obj)
 .debug_line    0x0000138d     0x3654 ../third_party/libfreertos_kernel.a(tasks.c.obj)
 .debug_line    0x000049e1      0x5b7 ../third_party/libfreertos_kernel.a(list.c.obj)
 .debug_line    0x00004f98      0x785 ../third_party/libfreertos_kernel.a(port.c.obj)
 .debug_line    0x0000571d      0xb06 ../third_party/libfreertos_kernel.a(heap_4.c.obj)
 .debug_line    0x00006223      0x9b1 ../third_party/libstm32f1_hal.a(stm32f1xx_hal.c.obj)
 .debug_line    0x00006bd4      0xb96 ../third_party/libstm32f1_hal.a(stm32f1xx_hal_cortex.c.obj)

.debug_str      0x00000000    0x9de19
 .debug_str     0x00000000    0x9de19 CMakeFiles/stm32f103_test.elf.dir/main.c.obj
                               0xed44 (size before relaxing)
 .debug_str     0x0009de19     0xeef4 CMakeFiles/stm32f103_test.elf.dir/freertos_hooks.c.obj
 .debug_str     0x0009de19    0x8c3b6 ../bsp/libbsp.a(board_v1.c.obj)
 .debug_str     0x0009de19       0xda ../target/stm32_f103c8t6/libchip_runtime.a(startup_stm32f103xb.s.obj)
 .debug_str     0x0009de19    0x547ab ../target/stm32_f103c8t6/libchip_runtime.a(system_stm32f1xx.c.obj)
 .debug_str     0x0009de19    0x14389 ../third_party/libfreertos_kernel.a(tasks.c.obj)
 .debug_str     0x0009de19    0x10604 ../third_party/libfreertos_kernel.a(list.c.obj)
 .debug_str     0x0009de19     0xf669 ../third_party/libfreertos_kernel.a(port.c.obj)
 .debug_str     0x0009de19    0x121cb ../third_party/libfreertos_kernel.a(heap_4.c.obj)
 .debug_str     0x0009de19    0x8cace ../third_party/libstm32f1_hal.a(stm32f1xx_hal.c.obj)
 .debug_str     0x0009de19    0x8ca1a ../third_party/libstm32f1_hal.a(stm32f1xx_hal_cortex.c.obj)

.debug_frame    0x00000000      0xe60
 .debug_frame   0x00000000       0x28 CMakeFiles/stm32f103_test.elf.dir/main.c.obj
 .debug_frame   0x00000028       0x30 CMakeFiles/stm32f103_test.elf.dir/freertos_hooks.c.obj
 .debug_frame   0x00000058       0x40 ../bsp/libbsp.a(board_v1.c.obj)
 .debug_frame   0x00000098       0x30 ../target/stm32_f103c8t6/libchip_runtime.a(system_stm32f1xx.c.obj)
 .debug_frame   0x000000c8      0x7d0 ../third_party/libfreertos_kernel.a(tasks.c.obj)
 .debug_frame   0x00000898       0x70 ../third_party/libfreertos_kernel.a(list.c.obj)
 .debug_frame   0x00000908       0xf4 ../third_party/libfreertos_kernel.a(port.c.obj)
 .debug_frame   0x000009fc       0xfc ../third_party/libfreertos_kernel.a(heap_4.c.obj)
 .debug_frame   0x00000af8      0x1cc ../third_party/libstm32f1_hal.a(stm32f1xx_hal.c.obj)
 .debug_frame   0x00000cc4      0x19c ../third_party/libstm32f1_hal.a(stm32f1xx_hal_cortex.c.obj)

Cross Reference Table

Symbol                                            File
ADC1_2_IRQHandler                                 ../target/stm32_f103c8t6/libchip_runtime.a(startup_stm32f103xb.s.obj)
AHBPrescTable                                     ../target/stm32_f103c8t6/libchip_runtime.a(system_stm32f1xx.c.obj)
APBPrescTable                                     ../target/stm32_f103c8t6/libchip_runtime.a(system_stm32f1xx.c.obj)
BusFault_Handler                                  ../target/stm32_f103c8t6/libchip_runtime.a(startup_stm32f103xb.s.obj)
CAN1_RX1_IRQHandler                               ../target/stm32_f103c8t6/libchip_runtime.a(startup_stm32f103xb.s.obj)
CAN1_SCE_IRQHandler                               ../target/stm32_f103c8t6/libchip_runtime.a(startup_stm32f103xb.s.obj)
DMA1_Channel1_IRQHandler                          ../target/stm32_f103c8t6/libchip_runtime.a(startup_stm32f103xb.s.obj)
DMA1_Channel2_IRQHandler                          ../target/stm32_f103c8t6/libchip_runtime.a(startup_stm32f103xb.s.obj)
DMA1_Channel3_IRQHandler                          ../target/stm32_f103c8t6/libchip_runtime.a(startup_stm32f103xb.s.obj)
DMA1_Channel4_IRQHandler                          ../target/stm32_f103c8t6/libchip_runtime.a(startup_stm32f103xb.s.obj)
DMA1_Channel5_IRQHandler                          ../target/stm32_f103c8t6/libchip_runtime.a(startup_stm32f103xb.s.obj)
DMA1_Channel6_IRQHandler                          ../target/stm32_f103c8t6/libchip_runtime.a(startup_stm32f103xb.s.obj)
DMA1_Channel7_IRQHandler                          ../target/stm32_f103c8t6/libchip_runtime.a(startup_stm32f103xb.s.obj)
DebugMon_Handler                                  ../target/stm32_f103c8t6/libchip_runtime.a(startup_stm32f103xb.s.obj)
Default_Handler                                   ../target/stm32_f103c8t6/libchip_runtime.a(startup_stm32f103xb.s.obj)
EXTI0_IRQHandler                                  ../target/stm32_f103c8t6/libchip_runtime.a(startup_stm32f103xb.s.obj)
EXTI15_10_IRQHandler                              ../target/stm32_f103c8t6/libchip_runtime.a(startup_stm32f103xb.s.obj)
EXTI1_IRQHandler                                  ../target/stm32_f103c8t6/libchip_runtime.a(startup_stm32f103xb.s.obj)
EXTI2_IRQHandler                                  ../target/stm32_f103c8t6/libchip_runtime.a(startup_stm32f103xb.s.obj)
EXTI3_IRQHandler                                  ../target/stm32_f103c8t6/libchip_runtime.a(startup_stm32f103xb.s.obj)
EXTI4_IRQHandler                                  ../target/stm32_f103c8t6/libchip_runtime.a(startup_stm32f103xb.s.obj)
EXTI9_5_IRQHandler                                ../target/stm32_f103c8t6/libchip_runtime.a(startup_stm32f103xb.s.obj)
FLASH_IRQHandler                                  ../target/stm32_f103c8t6/libchip_runtime.a(startup_stm32f103xb.s.obj)
HAL_DBGMCU_DisableDBGSleepMode                    ../third_party/libstm32f1_hal.a(stm32f1xx_hal.c.obj)
HAL_DBGMCU_DisableDBGStandbyMode                  ../third_party/libstm32f1_hal.a(stm32f1xx_hal.c.obj)
HAL_DBGMCU_DisableDBGStopMode                     ../third_party/libstm32f1_hal.a(stm32f1xx_hal.c.obj)
HAL_DBGMCU_EnableDBGSleepMode                     ../third_party/libstm32f1_hal.a(stm32f1xx_hal.c.obj)
HAL_DBGMCU_EnableDBGStandbyMode                   ../third_party/libstm32f1_hal.a(stm32f1xx_hal.c.obj)
HAL_DBGMCU_EnableDBGStopMode                      ../third_party/libstm32f1_hal.a(stm32f1xx_hal.c.obj)
HAL_DeInit                                        ../third_party/libstm32f1_hal.a(stm32f1xx_hal.c.obj)
HAL_Delay                                         ../third_party/libstm32f1_hal.a(stm32f1xx_hal.c.obj)
HAL_GetDEVID                                      ../third_party/libstm32f1_hal.a(stm32f1xx_hal.c.obj)
HAL_GetHalVersion                                 ../third_party/libstm32f1_hal.a(stm32f1xx_hal.c.obj)
HAL_GetREVID                                      ../third_party/libstm32f1_hal.a(stm32f1xx_hal.c.obj)
HAL_GetTick                                       ../third_party/libstm32f1_hal.a(stm32f1xx_hal.c.obj)
HAL_GetTickFreq                                   ../third_party/libstm32f1_hal.a(stm32f1xx_hal.c.obj)
HAL_GetTickPrio                                   ../third_party/libstm32f1_hal.a(stm32f1xx_hal.c.obj)
HAL_GetUIDw0                                      ../third_party/libstm32f1_hal.a(stm32f1xx_hal.c.obj)
HAL_GetUIDw1                                      ../third_party/libstm32f1_hal.a(stm32f1xx_hal.c.obj)
HAL_GetUIDw2                                      ../third_party/libstm32f1_hal.a(stm32f1xx_hal.c.obj)
HAL_IncTick                                       ../third_party/libstm32f1_hal.a(stm32f1xx_hal.c.obj)
HAL_Init                                          ../third_party/libstm32f1_hal.a(stm32f1xx_hal.c.obj)
                                                  ../bsp/libbsp.a(board_v1.c.obj)
HAL_InitTick                                      ../third_party/libstm32f1_hal.a(stm32f1xx_hal.c.obj)
HAL_MspDeInit                                     ../third_party/libstm32f1_hal.a(stm32f1xx_hal.c.obj)
HAL_MspInit                                       ../third_party/libstm32f1_hal.a(stm32f1xx_hal.c.obj)
HAL_NVIC_ClearPendingIRQ                          ../third_party/libstm32f1_hal.a(stm32f1xx_hal_cortex.c.obj)
HAL_NVIC_DisableIRQ                               ../third_party/libstm32f1_hal.a(stm32f1xx_hal_cortex.c.obj)
HAL_NVIC_EnableIRQ                                ../third_party/libstm32f1_hal.a(stm32f1xx_hal_cortex.c.obj)
HAL_NVIC_GetActive                                ../third_party/libstm32f1_hal.a(stm32f1xx_hal_cortex.c.obj)
HAL_NVIC_GetPendingIRQ                            ../third_party/libstm32f1_hal.a(stm32f1xx_hal_cortex.c.obj)
HAL_NVIC_GetPriority                              ../third_party/libstm32f1_hal.a(stm32f1xx_hal_cortex.c.obj)
HAL_NVIC_GetPriorityGrouping                      ../third_party/libstm32f1_hal.a(stm32f1xx_hal_cortex.c.obj)
HAL_NVIC_SetPendingIRQ                            ../third_party/libstm32f1_hal.a(stm32f1xx_hal_cortex.c.obj)
HAL_NVIC_SetPriority                              ../third_party/libstm32f1_hal.a(stm32f1xx_hal_cortex.c.obj)
                                                  ../third_party/libstm32f1_hal.a(stm32f1xx_hal.c.obj)
HAL_NVIC_SetPriorityGrouping                      ../third_party/libstm32f1_hal.a(stm32f1xx_hal_cortex.c.obj)
                                                  ../third_party/libstm32f1_hal.a(stm32f1xx_hal.c.obj)
HAL_NVIC_SystemReset                              ../third_party/libstm32f1_hal.a(stm32f1xx_hal_cortex.c.obj)
HAL_ResumeTick                                    ../third_party/libstm32f1_hal.a(stm32f1xx_hal.c.obj)
HAL_SYSTICK_CLKSourceConfig                       ../third_party/libstm32f1_hal.a(stm32f1xx_hal_cortex.c.obj)
HAL_SYSTICK_Callback                              ../third_party/libstm32f1_hal.a(stm32f1xx_hal_cortex.c.obj)
HAL_SYSTICK_Config                                ../third_party/libstm32f1_hal.a(stm32f1xx_hal_cortex.c.obj)
                                                  ../third_party/libstm32f1_hal.a(stm32f1xx_hal.c.obj)
HAL_SYSTICK_IRQHandler                            ../third_party/libstm32f1_hal.a(stm32f1xx_hal_cortex.c.obj)
HAL_SetTickFreq                                   ../third_party/libstm32f1_hal.a(stm32f1xx_hal.c.obj)
HAL_SuspendTick                                   ../third_party/libstm32f1_hal.a(stm32f1xx_hal.c.obj)
HardFault_Handler                                 ../target/stm32_f103c8t6/libchip_runtime.a(startup_stm32f103xb.s.obj)
I2C1_ER_IRQHandler                                ../target/stm32_f103c8t6/libchip_runtime.a(startup_stm32f103xb.s.obj)
I2C1_EV_IRQHandler                                ../target/stm32_f103c8t6/libchip_runtime.a(startup_stm32f103xb.s.obj)
I2C2_ER_IRQHandler                                ../target/stm32_f103c8t6/libchip_runtime.a(startup_stm32f103xb.s.obj)
I2C2_EV_IRQHandler                                ../target/stm32_f103c8t6/libchip_runtime.a(startup_stm32f103xb.s.obj)
MemManage_Handler                                 ../target/stm32_f103c8t6/libchip_runtime.a(startup_stm32f103xb.s.obj)
NMI_Handler                                       ../target/stm32_f103c8t6/libchip_runtime.a(startup_stm32f103xb.s.obj)
PVD_IRQHandler                                    ../target/stm32_f103c8t6/libchip_runtime.a(startup_stm32f103xb.s.obj)
PendSV_Handler                                    ../third_party/libfreertos_kernel.a(port.c.obj)
                                                  ../target/stm32_f103c8t6/libchip_runtime.a(startup_stm32f103xb.s.obj)
RCC_IRQHandler                                    ../target/stm32_f103c8t6/libchip_runtime.a(startup_stm32f103xb.s.obj)
RTC_Alarm_IRQHandler                              ../target/stm32_f103c8t6/libchip_runtime.a(startup_stm32f103xb.s.obj)
RTC_IRQHandler                                    ../target/stm32_f103c8t6/libchip_runtime.a(startup_stm32f103xb.s.obj)
Reset_Handler                                     ../target/stm32_f103c8t6/libchip_runtime.a(startup_stm32f103xb.s.obj)
SPI1_IRQHandler                                   ../target/stm32_f103c8t6/libchip_runtime.a(startup_stm32f103xb.s.obj)
SPI2_IRQHandler                                   ../target/stm32_f103c8t6/libchip_runtime.a(startup_stm32f103xb.s.obj)
SVC_Handler                                       ../third_party/libfreertos_kernel.a(port.c.obj)
                                                  ../target/stm32_f103c8t6/libchip_runtime.a(startup_stm32f103xb.s.obj)
SysTick_Handler                                   ../third_party/libfreertos_kernel.a(port.c.obj)
                                                  ../target/stm32_f103c8t6/libchip_runtime.a(startup_stm32f103xb.s.obj)
SystemClock_Config                                ../bsp/libbsp.a(board_v1.c.obj)
SystemCoreClock                                   ../target/stm32_f103c8t6/libchip_runtime.a(system_stm32f1xx.c.obj)
                                                  ../third_party/libstm32f1_hal.a(stm32f1xx_hal.c.obj)
SystemCoreClockUpdate                             ../target/stm32_f103c8t6/libchip_runtime.a(system_stm32f1xx.c.obj)
                                                  ../bsp/libbsp.a(board_v1.c.obj)
SystemInit                                        ../target/stm32_f103c8t6/libchip_runtime.a(system_stm32f1xx.c.obj)
                                                  ../target/stm32_f103c8t6/libchip_runtime.a(startup_stm32f103xb.s.obj)
TAMPER_IRQHandler                                 ../target/stm32_f103c8t6/libchip_runtime.a(startup_stm32f103xb.s.obj)
TIM1_BRK_IRQHandler                               ../target/stm32_f103c8t6/libchip_runtime.a(startup_stm32f103xb.s.obj)
TIM1_CC_IRQHandler                                ../target/stm32_f103c8t6/libchip_runtime.a(startup_stm32f103xb.s.obj)
TIM1_TRG_COM_IRQHandler                           ../target/stm32_f103c8t6/libchip_runtime.a(startup_stm32f103xb.s.obj)
TIM1_UP_IRQHandler                                ../target/stm32_f103c8t6/libchip_runtime.a(startup_stm32f103xb.s.obj)
TIM2_IRQHandler                                   ../target/stm32_f103c8t6/libchip_runtime.a(startup_stm32f103xb.s.obj)
TIM3_IRQHandler                                   ../target/stm32_f103c8t6/libchip_runtime.a(startup_stm32f103xb.s.obj)
TIM4_IRQHandler                                   ../target/stm32_f103c8t6/libchip_runtime.a(startup_stm32f103xb.s.obj)
USART1_IRQHandler                                 ../target/stm32_f103c8t6/libchip_runtime.a(startup_stm32f103xb.s.obj)
USART2_IRQHandler                                 ../target/stm32_f103c8t6/libchip_runtime.a(startup_stm32f103xb.s.obj)
USART3_IRQHandler                                 ../target/stm32_f103c8t6/libchip_runtime.a(startup_stm32f103xb.s.obj)
USBWakeUp_IRQHandler                              ../target/stm32_f103c8t6/libchip_runtime.a(startup_stm32f103xb.s.obj)
USB_HP_CAN1_TX_IRQHandler                         ../target/stm32_f103c8t6/libchip_runtime.a(startup_stm32f103xb.s.obj)
USB_LP_CAN1_RX0_IRQHandler                        ../target/stm32_f103c8t6/libchip_runtime.a(startup_stm32f103xb.s.obj)
UsageFault_Handler                                ../target/stm32_f103c8t6/libchip_runtime.a(startup_stm32f103xb.s.obj)
WWDG_IRQHandler                                   ../target/stm32_f103c8t6/libchip_runtime.a(startup_stm32f103xb.s.obj)
__atexit                                          /opt/xpack-gcc/bin/../lib/gcc/arm-none-eabi/14.2.1/../../../../arm-none-eabi/lib/thumb/v7-m/nofp/libg_nano.a(libc_a-__call_atexit.o)
                                                  /opt/xpack-gcc/bin/../lib/gcc/arm-none-eabi/14.2.1/../../../../arm-none-eabi/lib/thumb/v7-m/nofp/libg_nano.a(libc_a-__atexit.o)
__atexit0                                         /opt/xpack-gcc/bin/../lib/gcc/arm-none-eabi/14.2.1/../../../../arm-none-eabi/lib/thumb/v7-m/nofp/libg_nano.a(libc_a-__atexit.o)
__atexit_dummy                                    /opt/xpack-gcc/bin/../lib/gcc/arm-none-eabi/14.2.1/../../../../arm-none-eabi/lib/thumb/v7-m/nofp/libg_nano.a(libc_a-__atexit.o)
__atexit_recursive_mutex                          /opt/xpack-gcc/bin/../lib/gcc/arm-none-eabi/14.2.1/../../../../arm-none-eabi/lib/thumb/v7-m/nofp/libg_nano.a(libc_a-__call_atexit.o)
                                                  /opt/xpack-gcc/bin/../lib/gcc/arm-none-eabi/14.2.1/../../../../arm-none-eabi/lib/thumb/v7-m/nofp/libg_nano.a(libc_a-__atexit.o)
__bss_end__                                       /opt/xpack-gcc/bin/../lib/gcc/arm-none-eabi/14.2.1/../../../../arm-none-eabi/lib/thumb/v7-m/nofp/crt0.o
__bss_start__                                     /opt/xpack-gcc/bin/../lib/gcc/arm-none-eabi/14.2.1/../../../../arm-none-eabi/lib/thumb/v7-m/nofp/crt0.o
__call_exitprocs                                  /opt/xpack-gcc/bin/../lib/gcc/arm-none-eabi/14.2.1/../../../../arm-none-eabi/lib/thumb/v7-m/nofp/libg_nano.a(libc_a-__call_atexit.o)
                                                  /opt/xpack-gcc/bin/../lib/gcc/arm-none-eabi/14.2.1/../../../../arm-none-eabi/lib/thumb/v7-m/nofp/libg_nano.a(libc_a-__atexit.o)
                                                  /opt/xpack-gcc/bin/../lib/gcc/arm-none-eabi/14.2.1/../../../../arm-none-eabi/lib/thumb/v7-m/nofp/libg_nano.a(libc_a-exit.o)
__deregister_frame_info                           /opt/xpack-gcc/bin/../lib/gcc/arm-none-eabi/14.2.1/thumb/v7-m/nofp/crtbegin.o
__dso_handle                                      /opt/xpack-gcc/bin/../lib/gcc/arm-none-eabi/14.2.1/thumb/v7-m/nofp/crtbegin.o
__fini_array_end                                  /opt/xpack-gcc/bin/../lib/gcc/arm-none-eabi/14.2.1/../../../../arm-none-eabi/lib/thumb/v7-m/nofp/libg_nano.a(libc_a-fini.o)
__fini_array_start                                /opt/xpack-gcc/bin/../lib/gcc/arm-none-eabi/14.2.1/../../../../arm-none-eabi/lib/thumb/v7-m/nofp/libg_nano.a(libc_a-fini.o)
__fp_lock_all                                     /opt/xpack-gcc/bin/../lib/gcc/arm-none-eabi/14.2.1/../../../../arm-none-eabi/lib/thumb/v7-m/nofp/libg_nano.a(libc_a-findfp.o)
__fp_unlock_all                                   /opt/xpack-gcc/bin/../lib/gcc/arm-none-eabi/14.2.1/../../../../arm-none-eabi/lib/thumb/v7-m/nofp/libg_nano.a(libc_a-findfp.o)
__init_array_end                                  /opt/xpack-gcc/bin/../lib/gcc/arm-none-eabi/14.2.1/../../../../arm-none-eabi/lib/thumb/v7-m/nofp/libg_nano.a(libc_a-init.o)
__init_array_start                                /opt/xpack-gcc/bin/../lib/gcc/arm-none-eabi/14.2.1/../../../../arm-none-eabi/lib/thumb/v7-m/nofp/libg_nano.a(libc_a-init.o)
__libc_fini_array                                 /opt/xpack-gcc/bin/../lib/gcc/arm-none-eabi/14.2.1/../../../../arm-none-eabi/lib/thumb/v7-m/nofp/libg_nano.a(libc_a-fini.o)
                                                  /opt/xpack-gcc/bin/../lib/gcc/arm-none-eabi/14.2.1/../../../../arm-none-eabi/lib/thumb/v7-m/nofp/crt0.o
__libc_init_array                                 /opt/xpack-gcc/bin/../lib/gcc/arm-none-eabi/14.2.1/../../../../arm-none-eabi/lib/thumb/v7-m/nofp/libg_nano.a(libc_a-init.o)
                                                  ../target/stm32_f103c8t6/libchip_runtime.a(startup_stm32f103xb.s.obj)
                                                  /opt/xpack-gcc/bin/../lib/gcc/arm-none-eabi/14.2.1/../../../../arm-none-eabi/lib/thumb/v7-m/nofp/crt0.o
__lock___arc4random_mutex                         /opt/xpack-gcc/bin/../lib/gcc/arm-none-eabi/14.2.1/../../../../arm-none-eabi/lib/thumb/v7-m/nofp/libg_nano.a(libc_a-lock.o)
__lock___at_quick_exit_mutex                      /opt/xpack-gcc/bin/../lib/gcc/arm-none-eabi/14.2.1/../../../../arm-none-eabi/lib/thumb/v7-m/nofp/libg_nano.a(libc_a-lock.o)
__lock___atexit_recursive_mutex                   /opt/xpack-gcc/bin/../lib/gcc/arm-none-eabi/14.2.1/../../../../arm-none-eabi/lib/thumb/v7-m/nofp/libg_nano.a(libc_a-lock.o)
                                                  /opt/xpack-gcc/bin/../lib/gcc/arm-none-eabi/14.2.1/../../../../arm-none-eabi/lib/thumb/v7-m/nofp/libg_nano.a(libc_a-__call_atexit.o)
__lock___dd_hash_mutex                            /opt/xpack-gcc/bin/../lib/gcc/arm-none-eabi/14.2.1/../../../../arm-none-eabi/lib/thumb/v7-m/nofp/libg_nano.a(libc_a-lock.o)
__lock___env_recursive_mutex                      /opt/xpack-gcc/bin/../lib/gcc/arm-none-eabi/14.2.1/../../../../arm-none-eabi/lib/thumb/v7-m/nofp/libg_nano.a(libc_a-lock.o)
__lock___malloc_recursive_mutex                   /opt/xpack-gcc/bin/../lib/gcc/arm-none-eabi/14.2.1/../../../../arm-none-eabi/lib/thumb/v7-m/nofp/libg_nano.a(libc_a-lock.o)
                                                  /opt/xpack-gcc/bin/../lib/gcc/arm-none-eabi/14.2.1/../../../../arm-none-eabi/lib/thumb/v7-m/nofp/libg_nano.a(libc_a-mlock.o)
__lock___sfp_recursive_mutex                      /opt/xpack-gcc/bin/../lib/gcc/arm-none-eabi/14.2.1/../../../../arm-none-eabi/lib/thumb/v7-m/nofp/libg_nano.a(libc_a-lock.o)
                                                  /opt/xpack-gcc/bin/../lib/gcc/arm-none-eabi/14.2.1/../../../../arm-none-eabi/lib/thumb/v7-m/nofp/libg_nano.a(libc_a-findfp.o)
__lock___tz_mutex                                 /opt/xpack-gcc/bin/../lib/gcc/arm-none-eabi/14.2.1/../../../../arm-none-eabi/lib/thumb/v7-m/nofp/libg_nano.a(libc_a-lock.o)
__malloc_free_list                                /opt/xpack-gcc/bin/../lib/gcc/arm-none-eabi/14.2.1/../../../../arm-none-eabi/lib/thumb/v7-m/nofp/libg_nano.a(libc_a-mallocr.o)
                                                  /opt/xpack-gcc/bin/../lib/gcc/arm-none-eabi/14.2.1/../../../../arm-none-eabi/lib/thumb/v7-m/nofp/libg_nano.a(libc_a-freer.o)
__malloc_lock                                     /opt/xpack-gcc/bin/../lib/gcc/arm-none-eabi/14.2.1/../../../../arm-none-eabi/lib/thumb/v7-m/nofp/libg_nano.a(libc_a-mlock.o)
                                                  /opt/xpack-gcc/bin/../lib/gcc/arm-none-eabi/14.2.1/../../../../arm-none-eabi/lib/thumb/v7-m/nofp/libg_nano.a(libc_a-mallocr.o)
                                                  /opt/xpack-gcc/bin/../lib/gcc/arm-none-eabi/14.2.1/../../../../arm-none-eabi/lib/thumb/v7-m/nofp/libg_nano.a(libc_a-freer.o)
__malloc_sbrk_start                               /opt/xpack-gcc/bin/../lib/gcc/arm-none-eabi/14.2.1/../../../../arm-none-eabi/lib/thumb/v7-m/nofp/libg_nano.a(libc_a-mallocr.o)
__malloc_unlock                                   /opt/xpack-gcc/bin/../lib/gcc/arm-none-eabi/14.2.1/../../../../arm-none-eabi/lib/thumb/v7-m/nofp/libg_nano.a(libc_a-mlock.o)
                                                  /opt/xpack-gcc/bin/../lib/gcc/arm-none-eabi/14.2.1/../../../../arm-none-eabi/lib/thumb/v7-m/nofp/libg_nano.a(libc_a-mallocr.o)
                                                  /opt/xpack-gcc/bin/../lib/gcc/arm-none-eabi/14.2.1/../../../../arm-none-eabi/lib/thumb/v7-m/nofp/libg_nano.a(libc_a-freer.o)
__on_exit_args                                    /opt/xpack-gcc/bin/../lib/gcc/arm-none-eabi/14.2.1/../../../../arm-none-eabi/lib/thumb/v7-m/nofp/libg_nano.a(libc_a-__atexit.o)
__preinit_array_end                               /opt/xpack-gcc/bin/../lib/gcc/arm-none-eabi/14.2.1/../../../../arm-none-eabi/lib/thumb/v7-m/nofp/libg_nano.a(libc_a-init.o)
__preinit_array_start                             /opt/xpack-gcc/bin/../lib/gcc/arm-none-eabi/14.2.1/../../../../arm-none-eabi/lib/thumb/v7-m/nofp/libg_nano.a(libc_a-init.o)
__register_exitproc                               /opt/xpack-gcc/bin/../lib/gcc/arm-none-eabi/14.2.1/../../../../arm-none-eabi/lib/thumb/v7-m/nofp/libg_nano.a(libc_a-__atexit.o)
                                                  /opt/xpack-gcc/bin/../lib/gcc/arm-none-eabi/14.2.1/../../../../arm-none-eabi/lib/thumb/v7-m/nofp/libg_nano.a(libc_a-atexit.o)
__register_frame_info                             /opt/xpack-gcc/bin/../lib/gcc/arm-none-eabi/14.2.1/thumb/v7-m/nofp/crtbegin.o
__retarget_lock_acquire                           /opt/xpack-gcc/bin/../lib/gcc/arm-none-eabi/14.2.1/../../../../arm-none-eabi/lib/thumb/v7-m/nofp/libg_nano.a(libc_a-lock.o)
__retarget_lock_acquire_recursive                 /opt/xpack-gcc/bin/../lib/gcc/arm-none-eabi/14.2.1/../../../../arm-none-eabi/lib/thumb/v7-m/nofp/libg_nano.a(libc_a-lock.o)
                                                  /opt/xpack-gcc/bin/../lib/gcc/arm-none-eabi/14.2.1/../../../../arm-none-eabi/lib/thumb/v7-m/nofp/libg_nano.a(libc_a-fflush.o)
                                                  /opt/xpack-gcc/bin/../lib/gcc/arm-none-eabi/14.2.1/../../../../arm-none-eabi/lib/thumb/v7-m/nofp/libg_nano.a(libc_a-mlock.o)
                                                  /opt/xpack-gcc/bin/../lib/gcc/arm-none-eabi/14.2.1/../../../../arm-none-eabi/lib/thumb/v7-m/nofp/libg_nano.a(libc_a-__call_atexit.o)
                                                  /opt/xpack-gcc/bin/../lib/gcc/arm-none-eabi/14.2.1/../../../../arm-none-eabi/lib/thumb/v7-m/nofp/libg_nano.a(libc_a-__atexit.o)
                                                  /opt/xpack-gcc/bin/../lib/gcc/arm-none-eabi/14.2.1/../../../../arm-none-eabi/lib/thumb/v7-m/nofp/libg_nano.a(libc_a-findfp.o)
__retarget_lock_close                             /opt/xpack-gcc/bin/../lib/gcc/arm-none-eabi/14.2.1/../../../../arm-none-eabi/lib/thumb/v7-m/nofp/libg_nano.a(libc_a-lock.o)
__retarget_lock_close_recursive                   /opt/xpack-gcc/bin/../lib/gcc/arm-none-eabi/14.2.1/../../../../arm-none-eabi/lib/thumb/v7-m/nofp/libg_nano.a(libc_a-lock.o)
__retarget_lock_init                              /opt/xpack-gcc/bin/../lib/gcc/arm-none-eabi/14.2.1/../../../../arm-none-eabi/lib/thumb/v7-m/nofp/libg_nano.a(libc_a-lock.o)
__retarget_lock_init_recursive                    /opt/xpack-gcc/bin/../lib/gcc/arm-none-eabi/14.2.1/../../../../arm-none-eabi/lib/thumb/v7-m/nofp/libg_nano.a(libc_a-lock.o)
                                                  /opt/xpack-gcc/bin/../lib/gcc/arm-none-eabi/14.2.1/../../../../arm-none-eabi/lib/thumb/v7-m/nofp/libg_nano.a(libc_a-findfp.o)
__retarget_lock_release                           /opt/xpack-gcc/bin/../lib/gcc/arm-none-eabi/14.2.1/../../../../arm-none-eabi/lib/thumb/v7-m/nofp/libg_nano.a(libc_a-lock.o)
__retarget_lock_release_recursive                 /opt/xpack-gcc/bin/../lib/gcc/arm-none-eabi/14.2.1/../../../../arm-none-eabi/lib/thumb/v7-m/nofp/libg_nano.a(libc_a-lock.o)
                                                  /opt/xpack-gcc/bin/../lib/gcc/arm-none-eabi/14.2.1/../../../../arm-none-eabi/lib/thumb/v7-m/nofp/libg_nano.a(libc_a-fflush.o)
                                                  /opt/xpack-gcc/bin/../lib/gcc/arm-none-eabi/14.2.1/../../../../arm-none-eabi/lib/thumb/v7-m/nofp/libg_nano.a(libc_a-mlock.o)
                                                  /opt/xpack-gcc/bin/../lib/gcc/arm-none-eabi/14.2.1/../../../../arm-none-eabi/lib/thumb/v7-m/nofp/libg_nano.a(libc_a-__call_atexit.o)
                                                  /opt/xpack-gcc/bin/../lib/gcc/arm-none-eabi/14.2.1/../../../../arm-none-eabi/lib/thumb/v7-m/nofp/libg_nano.a(libc_a-__atexit.o)
                                                  /opt/xpack-gcc/bin/../lib/gcc/arm-none-eabi/14.2.1/../../../../arm-none-eabi/lib/thumb/v7-m/nofp/libg_nano.a(libc_a-findfp.o)
__retarget_lock_try_acquire                       /opt/xpack-gcc/bin/../lib/gcc/arm-none-eabi/14.2.1/../../../../arm-none-eabi/lib/thumb/v7-m/nofp/libg_nano.a(libc_a-lock.o)
__retarget_lock_try_acquire_recursive             /opt/xpack-gcc/bin/../lib/gcc/arm-none-eabi/14.2.1/../../../../arm-none-eabi/lib/thumb/v7-m/nofp/libg_nano.a(libc_a-lock.o)
__sclose                                          /opt/xpack-gcc/bin/../lib/gcc/arm-none-eabi/14.2.1/../../../../arm-none-eabi/lib/thumb/v7-m/nofp/libg_nano.a(libc_a-stdio.o)
                                                  /opt/xpack-gcc/bin/../lib/gcc/arm-none-eabi/14.2.1/../../../../arm-none-eabi/lib/thumb/v7-m/nofp/libg_nano.a(libc_a-findfp.o)
__seofread                                        /opt/xpack-gcc/bin/../lib/gcc/arm-none-eabi/14.2.1/../../../../arm-none-eabi/lib/thumb/v7-m/nofp/libg_nano.a(libc_a-stdio.o)
__sf                                              /opt/xpack-gcc/bin/../lib/gcc/arm-none-eabi/14.2.1/../../../../arm-none-eabi/lib/thumb/v7-m/nofp/libg_nano.a(libc_a-findfp.o)
                                                  /opt/xpack-gcc/bin/../lib/gcc/arm-none-eabi/14.2.1/../../../../arm-none-eabi/lib/thumb/v7-m/nofp/libg_nano.a(libc_a-impure.o)
__sflush_r                                        /opt/xpack-gcc/bin/../lib/gcc/arm-none-eabi/14.2.1/../../../../arm-none-eabi/lib/thumb/v7-m/nofp/libg_nano.a(libc_a-fflush.o)
__sfp                                             /opt/xpack-gcc/bin/../lib/gcc/arm-none-eabi/14.2.1/../../../../arm-none-eabi/lib/thumb/v7-m/nofp/libg_nano.a(libc_a-findfp.o)
__sfp_lock_acquire                                /opt/xpack-gcc/bin/../lib/gcc/arm-none-eabi/14.2.1/../../../../arm-none-eabi/lib/thumb/v7-m/nofp/libg_nano.a(libc_a-findfp.o)
__sfp_lock_release                                /opt/xpack-gcc/bin/../lib/gcc/arm-none-eabi/14.2.1/../../../../arm-none-eabi/lib/thumb/v7-m/nofp/libg_nano.a(libc_a-findfp.o)
__sglue                                           /opt/xpack-gcc/bin/../lib/gcc/arm-none-eabi/14.2.1/../../../../arm-none-eabi/lib/thumb/v7-m/nofp/libg_nano.a(libc_a-findfp.o)
                                                  /opt/xpack-gcc/bin/../lib/gcc/arm-none-eabi/14.2.1/../../../../arm-none-eabi/lib/thumb/v7-m/nofp/libg_nano.a(libc_a-fflush.o)
__sinit                                           /opt/xpack-gcc/bin/../lib/gcc/arm-none-eabi/14.2.1/../../../../arm-none-eabi/lib/thumb/v7-m/nofp/libg_nano.a(libc_a-findfp.o)
                                                  /opt/xpack-gcc/bin/../lib/gcc/arm-none-eabi/14.2.1/../../../../arm-none-eabi/lib/thumb/v7-m/nofp/libg_nano.a(libc_a-fflush.o)
__sread                                           /opt/xpack-gcc/bin/../lib/gcc/arm-none-eabi/14.2.1/../../../../arm-none-eabi/lib/thumb/v7-m/nofp/libg_nano.a(libc_a-stdio.o)
                                                  /opt/xpack-gcc/bin/../lib/gcc/arm-none-eabi/14.2.1/../../../../arm-none-eabi/lib/thumb/v7-m/nofp/libg_nano.a(libc_a-findfp.o)
__sseek                                           /opt/xpack-gcc/bin/../lib/gcc/arm-none-eabi/14.2.1/../../../../arm-none-eabi/lib/thumb/v7-m/nofp/libg_nano.a(libc_a-stdio.o)
                                                  /opt/xpack-gcc/bin/../lib/gcc/arm-none-eabi/14.2.1/../../../../arm-none-eabi/lib/thumb/v7-m/nofp/libg_nano.a(libc_a-findfp.o)
__stack                                           /opt/xpack-gcc/bin/../lib/gcc/arm-none-eabi/14.2.1/../../../../arm-none-eabi/lib/thumb/v7-m/nofp/crt0.o
__stdio_exit_handler                              /opt/xpack-gcc/bin/../lib/gcc/arm-none-eabi/14.2.1/../../../../arm-none-eabi/lib/thumb/v7-m/nofp/libg_nano.a(libc_a-findfp.o)
                                                  /opt/xpack-gcc/bin/../lib/gcc/arm-none-eabi/14.2.1/../../../../arm-none-eabi/lib/thumb/v7-m/nofp/libg_nano.a(libc_a-exit.o)
__swrite                                          /opt/xpack-gcc/bin/../lib/gcc/arm-none-eabi/14.2.1/../../../../arm-none-eabi/lib/thumb/v7-m/nofp/libg_nano.a(libc_a-stdio.o)
                                                  /opt/xpack-gcc/bin/../lib/gcc/arm-none-eabi/14.2.1/../../../../arm-none-eabi/lib/thumb/v7-m/nofp/libg_nano.a(libc_a-findfp.o)
__wrap_malloc                                     /opt/xpack-gcc/bin/../lib/gcc/arm-none-eabi/14.2.1/../../../../arm-none-eabi/lib/thumb/v7-m/nofp/libg_nano.a(libc_a-__atexit.o)
_close                                            /opt/xpack-gcc/bin/../lib/gcc/arm-none-eabi/14.2.1/../../../../arm-none-eabi/lib/thumb/v7-m/nofp/libnosys.a(close.o)
                                                  /opt/xpack-gcc/bin/../lib/gcc/arm-none-eabi/14.2.1/../../../../arm-none-eabi/lib/thumb/v7-m/nofp/libg_nano.a(libc_a-closer.o)
_close_r                                          /opt/xpack-gcc/bin/../lib/gcc/arm-none-eabi/14.2.1/../../../../arm-none-eabi/lib/thumb/v7-m/nofp/libg_nano.a(libc_a-closer.o)
                                                  /opt/xpack-gcc/bin/../lib/gcc/arm-none-eabi/14.2.1/../../../../arm-none-eabi/lib/thumb/v7-m/nofp/libg_nano.a(libc_a-stdio.o)
_ebss                                             ../target/stm32_f103c8t6/libchip_runtime.a(startup_stm32f103xb.s.obj)
_edata                                            ../target/stm32_f103c8t6/libchip_runtime.a(startup_stm32f103xb.s.obj)
_estack                                           ../target/stm32_f103c8t6/libchip_runtime.a(startup_stm32f103xb.s.obj)
_exit                                             /opt/xpack-gcc/bin/../lib/gcc/arm-none-eabi/14.2.1/../../../../arm-none-eabi/lib/thumb/v7-m/nofp/libnosys.a(_exit.o)
                                                  /opt/xpack-gcc/bin/../lib/gcc/arm-none-eabi/14.2.1/../../../../arm-none-eabi/lib/thumb/v7-m/nofp/libg_nano.a(libc_a-exit.o)
_fflush_r                                         /opt/xpack-gcc/bin/../lib/gcc/arm-none-eabi/14.2.1/../../../../arm-none-eabi/lib/thumb/v7-m/nofp/libg_nano.a(libc_a-fflush.o)
                                                  /opt/xpack-gcc/bin/../lib/gcc/arm-none-eabi/14.2.1/../../../../arm-none-eabi/lib/thumb/v7-m/nofp/libg_nano.a(libc_a-findfp.o)
_fini                                             /opt/xpack-gcc/bin/../lib/gcc/arm-none-eabi/14.2.1/thumb/v7-m/nofp/crti.o
                                                  /opt/xpack-gcc/bin/../lib/gcc/arm-none-eabi/14.2.1/../../../../arm-none-eabi/lib/thumb/v7-m/nofp/libg_nano.a(libc_a-fini.o)
_free_r                                           /opt/xpack-gcc/bin/../lib/gcc/arm-none-eabi/14.2.1/../../../../arm-none-eabi/lib/thumb/v7-m/nofp/libg_nano.a(libc_a-freer.o)
                                                  /opt/xpack-gcc/bin/../lib/gcc/arm-none-eabi/14.2.1/../../../../arm-none-eabi/lib/thumb/v7-m/nofp/libg_nano.a(libc_a-fflush.o)
                                                  /opt/xpack-gcc/bin/../lib/gcc/arm-none-eabi/14.2.1/../../../../arm-none-eabi/lib/thumb/v7-m/nofp/libg_nano.a(libc_a-reent.o)
_fwalk_sglue                                      /opt/xpack-gcc/bin/../lib/gcc/arm-none-eabi/14.2.1/../../../../arm-none-eabi/lib/thumb/v7-m/nofp/libg_nano.a(libc_a-fwalk.o)
                                                  /opt/xpack-gcc/bin/../lib/gcc/arm-none-eabi/14.2.1/../../../../arm-none-eabi/lib/thumb/v7-m/nofp/libg_nano.a(libc_a-fflush.o)
                                                  /opt/xpack-gcc/bin/../lib/gcc/arm-none-eabi/14.2.1/../../../../arm-none-eabi/lib/thumb/v7-m/nofp/libg_nano.a(libc_a-findfp.o)
_impure_data                                      /opt/xpack-gcc/bin/../lib/gcc/arm-none-eabi/14.2.1/../../../../arm-none-eabi/lib/thumb/v7-m/nofp/libg_nano.a(libc_a-impure.o)
                                                  /opt/xpack-gcc/bin/../lib/gcc/arm-none-eabi/14.2.1/../../../../arm-none-eabi/lib/thumb/v7-m/nofp/libg_nano.a(libc_a-fflush.o)
                                                  /opt/xpack-gcc/bin/../lib/gcc/arm-none-eabi/14.2.1/../../../../arm-none-eabi/lib/thumb/v7-m/nofp/libg_nano.a(libc_a-findfp.o)
_impure_ptr                                       /opt/xpack-gcc/bin/../lib/gcc/arm-none-eabi/14.2.1/../../../../arm-none-eabi/lib/thumb/v7-m/nofp/libg_nano.a(libc_a-impure.o)
                                                  /opt/xpack-gcc/bin/../lib/gcc/arm-none-eabi/14.2.1/../../../../arm-none-eabi/lib/thumb/v7-m/nofp/libg_nano.a(libc_a-fflush.o)
                                                  /opt/xpack-gcc/bin/../lib/gcc/arm-none-eabi/14.2.1/../../../../arm-none-eabi/lib/thumb/v7-m/nofp/libg_nano.a(libc_a-reent.o)
_init                                             /opt/xpack-gcc/bin/../lib/gcc/arm-none-eabi/14.2.1/thumb/v7-m/nofp/crti.o
                                                  /opt/xpack-gcc/bin/../lib/gcc/arm-none-eabi/14.2.1/../../../../arm-none-eabi/lib/thumb/v7-m/nofp/libg_nano.a(libc_a-init.o)
_lseek                                            /opt/xpack-gcc/bin/../lib/gcc/arm-none-eabi/14.2.1/../../../../arm-none-eabi/lib/thumb/v7-m/nofp/libnosys.a(lseek.o)
                                                  /opt/xpack-gcc/bin/../lib/gcc/arm-none-eabi/14.2.1/../../../../arm-none-eabi/lib/thumb/v7-m/nofp/libg_nano.a(libc_a-lseekr.o)
_lseek_r                                          /opt/xpack-gcc/bin/../lib/gcc/arm-none-eabi/14.2.1/../../../../arm-none-eabi/lib/thumb/v7-m/nofp/libg_nano.a(libc_a-lseekr.o)
                                                  /opt/xpack-gcc/bin/../lib/gcc/arm-none-eabi/14.2.1/../../../../arm-none-eabi/lib/thumb/v7-m/nofp/libg_nano.a(libc_a-stdio.o)
_mainCRTStartup                                   /opt/xpack-gcc/bin/../lib/gcc/arm-none-eabi/14.2.1/../../../../arm-none-eabi/lib/thumb/v7-m/nofp/crt0.o
_malloc_r                                         /opt/xpack-gcc/bin/../lib/gcc/arm-none-eabi/14.2.1/../../../../arm-none-eabi/lib/thumb/v7-m/nofp/libg_nano.a(libc_a-mallocr.o)
                                                  /opt/xpack-gcc/bin/../lib/gcc/arm-none-eabi/14.2.1/../../../../arm-none-eabi/lib/thumb/v7-m/nofp/libg_nano.a(libc_a-findfp.o)
_read                                             /opt/xpack-gcc/bin/../lib/gcc/arm-none-eabi/14.2.1/../../../../arm-none-eabi/lib/thumb/v7-m/nofp/libnosys.a(read.o)
                                                  /opt/xpack-gcc/bin/../lib/gcc/arm-none-eabi/14.2.1/../../../../arm-none-eabi/lib/thumb/v7-m/nofp/libg_nano.a(libc_a-readr.o)
_read_r                                           /opt/xpack-gcc/bin/../lib/gcc/arm-none-eabi/14.2.1/../../../../arm-none-eabi/lib/thumb/v7-m/nofp/libg_nano.a(libc_a-readr.o)
                                                  /opt/xpack-gcc/bin/../lib/gcc/arm-none-eabi/14.2.1/../../../../arm-none-eabi/lib/thumb/v7-m/nofp/libg_nano.a(libc_a-stdio.o)
_reclaim_reent                                    /opt/xpack-gcc/bin/../lib/gcc/arm-none-eabi/14.2.1/../../../../arm-none-eabi/lib/thumb/v7-m/nofp/libg_nano.a(libc_a-reent.o)
_sbrk                                             /opt/xpack-gcc/bin/../lib/gcc/arm-none-eabi/14.2.1/../../../../arm-none-eabi/lib/thumb/v7-m/nofp/libnosys.a(sbrk.o)
                                                  /opt/xpack-gcc/bin/../lib/gcc/arm-none-eabi/14.2.1/../../../../arm-none-eabi/lib/thumb/v7-m/nofp/libg_nano.a(libc_a-sbrkr.o)
_sbrk_r                                           /opt/xpack-gcc/bin/../lib/gcc/arm-none-eabi/14.2.1/../../../../arm-none-eabi/lib/thumb/v7-m/nofp/libg_nano.a(libc_a-sbrkr.o)
                                                  /opt/xpack-gcc/bin/../lib/gcc/arm-none-eabi/14.2.1/../../../../arm-none-eabi/lib/thumb/v7-m/nofp/libg_nano.a(libc_a-mallocr.o)
_sbss                                             ../target/stm32_f103c8t6/libchip_runtime.a(startup_stm32f103xb.s.obj)
_sdata                                            ../target/stm32_f103c8t6/libchip_runtime.a(startup_stm32f103xb.s.obj)
_sidata                                           ../target/stm32_f103c8t6/libchip_runtime.a(startup_stm32f103xb.s.obj)
_stack_init                                       /opt/xpack-gcc/bin/../lib/gcc/arm-none-eabi/14.2.1/../../../../arm-none-eabi/lib/thumb/v7-m/nofp/crt0.o
_start                                            /opt/xpack-gcc/bin/../lib/gcc/arm-none-eabi/14.2.1/../../../../arm-none-eabi/lib/thumb/v7-m/nofp/crt0.o
_write                                            /opt/xpack-gcc/bin/../lib/gcc/arm-none-eabi/14.2.1/../../../../arm-none-eabi/lib/thumb/v7-m/nofp/libnosys.a(write.o)
                                                  /opt/xpack-gcc/bin/../lib/gcc/arm-none-eabi/14.2.1/../../../../arm-none-eabi/lib/thumb/v7-m/nofp/libg_nano.a(libc_a-writer.o)
_write_r                                          /opt/xpack-gcc/bin/../lib/gcc/arm-none-eabi/14.2.1/../../../../arm-none-eabi/lib/thumb/v7-m/nofp/libg_nano.a(libc_a-writer.o)
                                                  /opt/xpack-gcc/bin/../lib/gcc/arm-none-eabi/14.2.1/../../../../arm-none-eabi/lib/thumb/v7-m/nofp/libg_nano.a(libc_a-stdio.o)
atexit                                            /opt/xpack-gcc/bin/../lib/gcc/arm-none-eabi/14.2.1/../../../../arm-none-eabi/lib/thumb/v7-m/nofp/libg_nano.a(libc_a-atexit.o)
                                                  /opt/xpack-gcc/bin/../lib/gcc/arm-none-eabi/14.2.1/../../../../arm-none-eabi/lib/thumb/v7-m/nofp/crt0.o
bsp_init                                          ../bsp/libbsp.a(board_v1.c.obj)
                                                  CMakeFiles/stm32f103_test.elf.dir/main.c.obj
eTaskGetState                                     ../third_party/libfreertos_kernel.a(tasks.c.obj)
end                                               /opt/xpack-gcc/bin/../lib/gcc/arm-none-eabi/14.2.1/../../../../arm-none-eabi/lib/thumb/v7-m/nofp/libnosys.a(sbrk.o)
errno                                             /opt/xpack-gcc/bin/../lib/gcc/arm-none-eabi/14.2.1/../../../../arm-none-eabi/lib/thumb/v7-m/nofp/libg_nano.a(libc_a-reent.o)
                                                  /opt/xpack-gcc/bin/../lib/gcc/arm-none-eabi/14.2.1/../../../../arm-none-eabi/lib/thumb/v7-m/nofp/libnosys.a(write.o)
                                                  /opt/xpack-gcc/bin/../lib/gcc/arm-none-eabi/14.2.1/../../../../arm-none-eabi/lib/thumb/v7-m/nofp/libnosys.a(read.o)
                                                  /opt/xpack-gcc/bin/../lib/gcc/arm-none-eabi/14.2.1/../../../../arm-none-eabi/lib/thumb/v7-m/nofp/libnosys.a(lseek.o)
                                                  /opt/xpack-gcc/bin/../lib/gcc/arm-none-eabi/14.2.1/../../../../arm-none-eabi/lib/thumb/v7-m/nofp/libnosys.a(close.o)
                                                  /opt/xpack-gcc/bin/../lib/gcc/arm-none-eabi/14.2.1/../../../../arm-none-eabi/lib/thumb/v7-m/nofp/libg_nano.a(libc_a-sbrkr.o)
                                                  /opt/xpack-gcc/bin/../lib/gcc/arm-none-eabi/14.2.1/../../../../arm-none-eabi/lib/thumb/v7-m/nofp/libg_nano.a(libc_a-writer.o)
                                                  /opt/xpack-gcc/bin/../lib/gcc/arm-none-eabi/14.2.1/../../../../arm-none-eabi/lib/thumb/v7-m/nofp/libg_nano.a(libc_a-readr.o)
                                                  /opt/xpack-gcc/bin/../lib/gcc/arm-none-eabi/14.2.1/../../../../arm-none-eabi/lib/thumb/v7-m/nofp/libg_nano.a(libc_a-lseekr.o)
                                                  /opt/xpack-gcc/bin/../lib/gcc/arm-none-eabi/14.2.1/../../../../arm-none-eabi/lib/thumb/v7-m/nofp/libg_nano.a(libc_a-closer.o)
exit                                              /opt/xpack-gcc/bin/../lib/gcc/arm-none-eabi/14.2.1/../../../../arm-none-eabi/lib/thumb/v7-m/nofp/libg_nano.a(libc_a-exit.o)
                                                  /opt/xpack-gcc/bin/../lib/gcc/arm-none-eabi/14.2.1/../../../../arm-none-eabi/lib/thumb/v7-m/nofp/crt0.o
fflush                                            /opt/xpack-gcc/bin/../lib/gcc/arm-none-eabi/14.2.1/../../../../arm-none-eabi/lib/thumb/v7-m/nofp/libg_nano.a(libc_a-fflush.o)
g_pfnVectors                                      ../target/stm32_f103c8t6/libchip_runtime.a(startup_stm32f103xb.s.obj)
hardware_init_hook                                /opt/xpack-gcc/bin/../lib/gcc/arm-none-eabi/14.2.1/../../../../arm-none-eabi/lib/thumb/v7-m/nofp/crt0.o
main                                              CMakeFiles/stm32f103_test.elf.dir/main.c.obj
                                                  ../target/stm32_f103c8t6/libchip_runtime.a(startup_stm32f103xb.s.obj)
                                                  /opt/xpack-gcc/bin/../lib/gcc/arm-none-eabi/14.2.1/../../../../arm-none-eabi/lib/thumb/v7-m/nofp/crt0.o
memset                                            /opt/xpack-gcc/bin/../lib/gcc/arm-none-eabi/14.2.1/../../../../arm-none-eabi/lib/thumb/v7-m/nofp/libg_nano.a(libc_a-memset.o)
                                                  /opt/xpack-gcc/bin/../lib/gcc/arm-none-eabi/14.2.1/../../../../arm-none-eabi/lib/thumb/v7-m/nofp/libg_nano.a(libc_a-findfp.o)
                                                  ../third_party/libfreertos_kernel.a(heap_4.c.obj)
                                                  ../third_party/libfreertos_kernel.a(tasks.c.obj)
                                                  /opt/xpack-gcc/bin/../lib/gcc/arm-none-eabi/14.2.1/../../../../arm-none-eabi/lib/thumb/v7-m/nofp/crt0.o
pcTaskGetName                                     ../third_party/libfreertos_kernel.a(tasks.c.obj)
pvPortCalloc                                      ../third_party/libfreertos_kernel.a(heap_4.c.obj)
pvPortMalloc                                      ../third_party/libfreertos_kernel.a(heap_4.c.obj)
                                                  ../third_party/libfreertos_kernel.a(tasks.c.obj)
pvTaskIncrementMutexHeldCount                     ../third_party/libfreertos_kernel.a(tasks.c.obj)
pxCurrentTCB                                      ../third_party/libfreertos_kernel.a(tasks.c.obj)
                                                  ../third_party/libfreertos_kernel.a(port.c.obj)
pxPortInitialiseStack                             ../third_party/libfreertos_kernel.a(port.c.obj)
                                                  ../third_party/libfreertos_kernel.a(tasks.c.obj)
software_init_hook                                /opt/xpack-gcc/bin/../lib/gcc/arm-none-eabi/14.2.1/../../../../arm-none-eabi/lib/thumb/v7-m/nofp/crt0.o
ulTaskGenericNotifyTake                           ../third_party/libfreertos_kernel.a(tasks.c.obj)
ulTaskGenericNotifyValueClear                     ../third_party/libfreertos_kernel.a(tasks.c.obj)
uwTick                                            ../third_party/libstm32f1_hal.a(stm32f1xx_hal.c.obj)
uwTickFreq                                        ../third_party/libstm32f1_hal.a(stm32f1xx_hal.c.obj)
uwTickPrio                                        ../third_party/libstm32f1_hal.a(stm32f1xx_hal.c.obj)
uxListRemove                                      ../third_party/libfreertos_kernel.a(list.c.obj)
                                                  ../third_party/libfreertos_kernel.a(tasks.c.obj)
uxTaskBasePriorityGet                             ../third_party/libfreertos_kernel.a(tasks.c.obj)
uxTaskBasePriorityGetFromISR                      ../third_party/libfreertos_kernel.a(tasks.c.obj)
uxTaskCallForEachTask                             ../third_party/libfreertos_kernel.a(tasks.c.obj)
uxTaskGetNumberOfTasks                            ../third_party/libfreertos_kernel.a(tasks.c.obj)
uxTaskGetSystemState                              ../third_party/libfreertos_kernel.a(tasks.c.obj)
uxTaskGetTaskNumber                               ../third_party/libfreertos_kernel.a(tasks.c.obj)
uxTaskPriorityGet                                 ../third_party/libfreertos_kernel.a(tasks.c.obj)
uxTaskPriorityGetFromISR                          ../third_party/libfreertos_kernel.a(tasks.c.obj)
uxTaskResetEventItemValue                         ../third_party/libfreertos_kernel.a(tasks.c.obj)
vApplicationGetIdleTaskMemory                     CMakeFiles/stm32f103_test.elf.dir/freertos_hooks.c.obj
                                                  ../third_party/libfreertos_kernel.a(tasks.c.obj)
vApplicationStackOverflowHook                     CMakeFiles/stm32f103_test.elf.dir/freertos_hooks.c.obj
                                                  ../third_party/libfreertos_kernel.a(tasks.c.obj)
vListInitialise                                   ../third_party/libfreertos_kernel.a(list.c.obj)
                                                  ../third_party/libfreertos_kernel.a(tasks.c.obj)
vListInitialiseItem                               ../third_party/libfreertos_kernel.a(list.c.obj)
                                                  ../third_party/libfreertos_kernel.a(tasks.c.obj)
vListInsert                                       ../third_party/libfreertos_kernel.a(list.c.obj)
                                                  ../third_party/libfreertos_kernel.a(tasks.c.obj)
vListInsertEnd                                    ../third_party/libfreertos_kernel.a(list.c.obj)
                                                  ../third_party/libfreertos_kernel.a(tasks.c.obj)
vPortEndScheduler                                 ../third_party/libfreertos_kernel.a(port.c.obj)
                                                  ../third_party/libfreertos_kernel.a(tasks.c.obj)
vPortEnterCritical                                ../third_party/libfreertos_kernel.a(port.c.obj)
                                                  ../third_party/libfreertos_kernel.a(heap_4.c.obj)
                                                  ../third_party/libfreertos_kernel.a(tasks.c.obj)
vPortExitCritical                                 ../third_party/libfreertos_kernel.a(port.c.obj)
                                                  ../third_party/libfreertos_kernel.a(heap_4.c.obj)
                                                  ../third_party/libfreertos_kernel.a(tasks.c.obj)
vPortFree                                         ../third_party/libfreertos_kernel.a(heap_4.c.obj)
                                                  ../third_party/libfreertos_kernel.a(tasks.c.obj)
vPortGetHeapStats                                 ../third_party/libfreertos_kernel.a(heap_4.c.obj)
vPortHeapResetState                               ../third_party/libfreertos_kernel.a(heap_4.c.obj)
vPortInitialiseBlocks                             ../third_party/libfreertos_kernel.a(heap_4.c.obj)
vPortSetupTimerInterrupt                          ../third_party/libfreertos_kernel.a(port.c.obj)
vPortValidateInterruptPriority                    ../third_party/libfreertos_kernel.a(port.c.obj)
                                                  ../third_party/libfreertos_kernel.a(tasks.c.obj)
vTaskDelay                                        ../third_party/libfreertos_kernel.a(tasks.c.obj)
vTaskDelete                                       ../third_party/libfreertos_kernel.a(tasks.c.obj)
vTaskEndScheduler                                 ../third_party/libfreertos_kernel.a(tasks.c.obj)
vTaskGenericNotifyGiveFromISR                     ../third_party/libfreertos_kernel.a(tasks.c.obj)
vTaskGetInfo                                      ../third_party/libfreertos_kernel.a(tasks.c.obj)
vTaskInternalSetTimeOutState                      ../third_party/libfreertos_kernel.a(tasks.c.obj)
vTaskMissedYield                                  ../third_party/libfreertos_kernel.a(tasks.c.obj)
vTaskPlaceOnEventList                             ../third_party/libfreertos_kernel.a(tasks.c.obj)
vTaskPlaceOnUnorderedEventList                    ../third_party/libfreertos_kernel.a(tasks.c.obj)
vTaskPriorityDisinheritAfterTimeout               ../third_party/libfreertos_kernel.a(tasks.c.obj)
vTaskPrioritySet                                  ../third_party/libfreertos_kernel.a(tasks.c.obj)
vTaskRemoveFromUnorderedEventList                 ../third_party/libfreertos_kernel.a(tasks.c.obj)
vTaskResetState                                   ../third_party/libfreertos_kernel.a(tasks.c.obj)
vTaskResume                                       ../third_party/libfreertos_kernel.a(tasks.c.obj)
vTaskSetTaskNumber                                ../third_party/libfreertos_kernel.a(tasks.c.obj)
vTaskSetTimeOutState                              ../third_party/libfreertos_kernel.a(tasks.c.obj)
vTaskStartScheduler                               ../third_party/libfreertos_kernel.a(tasks.c.obj)
                                                  CMakeFiles/stm32f103_test.elf.dir/main.c.obj
vTaskSuspend                                      ../third_party/libfreertos_kernel.a(tasks.c.obj)
vTaskSuspendAll                                   ../third_party/libfreertos_kernel.a(tasks.c.obj)
                                                  ../third_party/libfreertos_kernel.a(heap_4.c.obj)
vTaskSwitchContext                                ../third_party/libfreertos_kernel.a(tasks.c.obj)
                                                  ../third_party/libfreertos_kernel.a(port.c.obj)
xPortGetFreeHeapSize                              ../third_party/libfreertos_kernel.a(heap_4.c.obj)
xPortGetMinimumEverFreeHeapSize                   ../third_party/libfreertos_kernel.a(heap_4.c.obj)
xPortResetHeapMinimumEverFreeHeapSize             ../third_party/libfreertos_kernel.a(heap_4.c.obj)
xPortStartScheduler                               ../third_party/libfreertos_kernel.a(port.c.obj)
                                                  ../third_party/libfreertos_kernel.a(tasks.c.obj)
xTaskCatchUpTicks                                 ../third_party/libfreertos_kernel.a(tasks.c.obj)
xTaskCheckForTimeOut                              ../third_party/libfreertos_kernel.a(tasks.c.obj)
xTaskCreate                                       ../third_party/libfreertos_kernel.a(tasks.c.obj)
xTaskCreateStatic                                 ../third_party/libfreertos_kernel.a(tasks.c.obj)
xTaskDelayUntil                                   ../third_party/libfreertos_kernel.a(tasks.c.obj)
xTaskGenericNotify                                ../third_party/libfreertos_kernel.a(tasks.c.obj)
xTaskGenericNotifyFromISR                         ../third_party/libfreertos_kernel.a(tasks.c.obj)
xTaskGenericNotifyStateClear                      ../third_party/libfreertos_kernel.a(tasks.c.obj)
xTaskGenericNotifyWait                            ../third_party/libfreertos_kernel.a(tasks.c.obj)
xTaskGetCurrentTaskHandle                         ../third_party/libfreertos_kernel.a(tasks.c.obj)
xTaskGetCurrentTaskHandleForCore                  ../third_party/libfreertos_kernel.a(tasks.c.obj)
xTaskGetStaticBuffers                             ../third_party/libfreertos_kernel.a(tasks.c.obj)
xTaskGetTickCount                                 ../third_party/libfreertos_kernel.a(tasks.c.obj)
xTaskGetTickCountFromISR                          ../third_party/libfreertos_kernel.a(tasks.c.obj)
xTaskIncrementTick                                ../third_party/libfreertos_kernel.a(tasks.c.obj)
                                                  ../third_party/libfreertos_kernel.a(port.c.obj)
xTaskPeriodicDelay                                ../third_party/libfreertos_kernel.a(tasks.c.obj)
xTaskPriorityDisinherit                           ../third_party/libfreertos_kernel.a(tasks.c.obj)
xTaskPriorityInherit                              ../third_party/libfreertos_kernel.a(tasks.c.obj)
xTaskRemoveFromEventList                          ../third_party/libfreertos_kernel.a(tasks.c.obj)
xTaskResumeAll                                    ../third_party/libfreertos_kernel.a(tasks.c.obj)
                                                  ../third_party/libfreertos_kernel.a(heap_4.c.obj)
xTaskResumeFromISR                                ../third_party/libfreertos_kernel.a(tasks.c.obj)
